******************************************************************************
                  MSP430 Linker PC v4.4.8                      
******************************************************************************
>> Linked Tue Jan 01 13:18:55 2019

OUTPUT FILE NAME:   <IOLab_Sensor_Micro.out>
ENTRY POINT SYMBOL: "_c_int00_noargs_noexit"  address: 0000e0b0


MEMORY CONFIGURATION

         name            origin    length      used     unused   attr    fill
----------------------  --------  ---------  --------  --------  ----  --------
  SFR                   00000000   00000010  00000000  00000010  RWIX
  PERIPHERALS_8BIT      00000010   000000f0  00000000  000000f0  RWIX
  PERIPHERALS_16BIT     00000100   00000100  00000000  00000100  RWIX
  INFOD                 00001800   00000080  00000000  00000080  RWIX
  INFOC                 00001880   00000080  00000000  00000080  RWIX
  INFOB                 00001900   00000080  00000000  00000080  RWIX
  INFOA                 00001980   00000080  00000000  00000080  RWIX
  RAM                   00001c00   00002800  00000d98  00001a68  RWIX
  FLASH                 00004400   0000bb80  0000bb78  00000008  RWIX
  INT00                 0000ff80   00000002  00000000  00000002  RWIX
  INT01                 0000ff82   00000002  00000000  00000002  RWIX
  INT02                 0000ff84   00000002  00000000  00000002  RWIX
  INT03                 0000ff86   00000002  00000000  00000002  RWIX
  INT04                 0000ff88   00000002  00000000  00000002  RWIX
  INT05                 0000ff8a   00000002  00000000  00000002  RWIX
  INT06                 0000ff8c   00000002  00000000  00000002  RWIX
  INT07                 0000ff8e   00000002  00000000  00000002  RWIX
  INT08                 0000ff90   00000002  00000000  00000002  RWIX
  INT09                 0000ff92   00000002  00000000  00000002  RWIX
  INT10                 0000ff94   00000002  00000000  00000002  RWIX
  INT11                 0000ff96   00000002  00000000  00000002  RWIX
  INT12                 0000ff98   00000002  00000000  00000002  RWIX
  INT13                 0000ff9a   00000002  00000000  00000002  RWIX
  INT14                 0000ff9c   00000002  00000000  00000002  RWIX
  INT15                 0000ff9e   00000002  00000000  00000002  RWIX
  INT16                 0000ffa0   00000002  00000000  00000002  RWIX
  INT17                 0000ffa2   00000002  00000000  00000002  RWIX
  INT18                 0000ffa4   00000002  00000000  00000002  RWIX
  INT19                 0000ffa6   00000002  00000000  00000002  RWIX
  INT20                 0000ffa8   00000002  00000000  00000002  RWIX
  INT21                 0000ffaa   00000002  00000000  00000002  RWIX
  INT22                 0000ffac   00000002  00000000  00000002  RWIX
  INT23                 0000ffae   00000002  00000000  00000002  RWIX
  INT24                 0000ffb0   00000002  00000000  00000002  RWIX
  INT25                 0000ffb2   00000002  00000000  00000002  RWIX
  INT26                 0000ffb4   00000002  00000000  00000002  RWIX
  INT27                 0000ffb6   00000002  00000000  00000002  RWIX
  INT28                 0000ffb8   00000002  00000000  00000002  RWIX
  INT29                 0000ffba   00000002  00000000  00000002  RWIX
  INT30                 0000ffbc   00000002  00000000  00000002  RWIX
  INT31                 0000ffbe   00000002  00000000  00000002  RWIX
  INT32                 0000ffc0   00000002  00000000  00000002  RWIX
  INT33                 0000ffc2   00000002  00000000  00000002  RWIX
  INT34                 0000ffc4   00000002  00000000  00000002  RWIX
  INT35                 0000ffc6   00000002  00000000  00000002  RWIX
  INT36                 0000ffc8   00000002  00000000  00000002  RWIX
  INT37                 0000ffca   00000002  00000000  00000002  RWIX
  INT38                 0000ffcc   00000002  00000000  00000002  RWIX
  INT39                 0000ffce   00000002  00000000  00000002  RWIX
  INT40                 0000ffd0   00000002  00000000  00000002  RWIX
  INT41                 0000ffd2   00000002  00000002  00000000  RWIX
  INT42                 0000ffd4   00000002  00000002  00000000  RWIX
  INT43                 0000ffd6   00000002  00000002  00000000  RWIX
  INT44                 0000ffd8   00000002  00000002  00000000  RWIX
  INT45                 0000ffda   00000002  00000002  00000000  RWIX
  INT46                 0000ffdc   00000002  00000002  00000000  RWIX
  INT47                 0000ffde   00000002  00000002  00000000  RWIX
  INT48                 0000ffe0   00000002  00000002  00000000  RWIX
  INT49                 0000ffe2   00000002  00000002  00000000  RWIX
  INT50                 0000ffe4   00000002  00000002  00000000  RWIX
  INT51                 0000ffe6   00000002  00000002  00000000  RWIX
  INT52                 0000ffe8   00000002  00000002  00000000  RWIX
  INT53                 0000ffea   00000002  00000002  00000000  RWIX
  INT54                 0000ffec   00000002  00000002  00000000  RWIX
  INT55                 0000ffee   00000002  00000002  00000000  RWIX
  INT56                 0000fff0   00000002  00000002  00000000  RWIX
  INT57                 0000fff2   00000002  00000002  00000000  RWIX
  INT58                 0000fff4   00000002  00000002  00000000  RWIX
  INT59                 0000fff6   00000002  00000002  00000000  RWIX
  INT60                 0000fff8   00000002  00000002  00000000  RWIX
  INT61                 0000fffa   00000002  00000002  00000000  RWIX
  INT62                 0000fffc   00000002  00000002  00000000  RWIX
  RESET                 0000fffe   00000002  00000002  00000000  RWIX
  FLASH2                00010000   00014400  00000000  00014400  RWIX


SECTION ALLOCATION MAP

 output                                  attributes/
section   page    origin      length       input sections
--------  ----  ----------  ----------   ----------------
.bss       0    00001c00    00000794     UNINITIALIZED
                  00001c00    00000400     (.common:_uartBufferTx)
                  00002000    00000100     (.common:_uartBufferRx)
                  00002100    000000c0     (.common:_eventQueue)
                  000021c0    00000078     (.common:_timeoutList)
                  00002238    00000060     (.common:_adcAllChannelConfig)
                  00002298    00000038     (.common:_packetTx)
                  000022d0    00000038     (.common:_serialPayloadRx)
                  00002308    00000010     (.common:_adcCalibrationInfo)
                  00002318    00000008     (.common:_buttonInfo)
                  00002320    00000008     (.common:calibrationData$1)
                  00002328    00000006     (.common:_queueIndexHead)
                  0000232e    00000006     (.common:_queueIndexTail)
                  00002334    00000006     (.common:_queueMaxLength)
                  0000233a    00000006     (.common:_refCalibrationInfo)
                  00002340    00000006     (.common:accelerometerSample$1)
                  00002346    00000006     (.common:dummyData$1)
                  0000234c    00000006     (.common:gyroscopeSample$1)
                  00002352    00000006     (.common:magData$1)
                  00002358    00000006     (.common:versionString$2)
                  0000235e    00000006     (.common:versionString$7)
                  00002364    00000004     (.common:barometerSample$1)
                  00002368    00000004     (.common:dataCopy$1)
                  0000236c    00000004     (.common:encoderData$1)
                  00002370    00000004     (.common:sample$6)
                  00002374    00000002     (.common:_numberAccumulated)
                  00002376    00000002     (.common:_numberToAccumulate)
                  00002378    00000002     (.common:_powerOffTimeoutHandle)
                  0000237a    00000002     (.common:_previousCount)
                  0000237c    00000002     (.common:_previousDirection)
                  0000237e    00000002     (.common:_processButtonsIsrHandle)
                  00002380    00000002     (.common:_tickHandle)
                  00002382    00000002     (.common:_tickHandle)
                  00002384    00000002     (.common:_tickHandle)
                  00002386    00000002     (.common:_tickHandle)
                  00002388    00000002     (.common:_uiTimerHandle)
                  0000238a    00000002     (.common:currentCount$1)
                  0000238c    00000002     (.common:currentCount$3)
                  0000238e    00000002     (.common:currentDirection$2)
                  00002390    00000002     (.common:currentDirection$4)
                  00002392    00000002     (.common:ledIndex$1)

.data      0    00002394    0000053c     UNINITIALIZED
                  00002394    00000080     AdcManager.obj (.data:_channels)
                  00002414    00000072     CommProtocol.obj (.data:_bufferRx)
                  00002486    00000072     CommProtocol.obj (.data:_bufferTxOne)
                  000024f8    00000072     CommProtocol.obj (.data:_bufferTxZero)
                  0000256a    00000070     SelfTest.obj (.data)
                  000025da    00000042     DataBuffer.obj (.data:_subArrayEndIndex)
                  0000261c    00000042     DataBuffer.obj (.data:_subArrayStartIndex)
                  0000265e    00000020     Adc.obj (.data:_resultDestinations)
                  0000267e    0000001e     CommProtocol.obj (.data:_messageBuffer)
                  0000269c    0000001c     SelfTest.obj (.data:_testStatus)
                  000026b8    00000018     Accelerometer.obj (.data)
                  000026d0    00000014     Adc.obj (.data)
                  000026e4    00000014     Magnetometer.obj (.data)
                  000026f8    00000014     UiManager.obj (.data)
                  0000270c    00000012     BuzzerControl.obj (.data)
                  0000271e    00000010     CommProtocol.obj (.data)
                  0000272e    00000010     Gpio.obj (.data:_gpioIsrListPortOne)
                  0000273e    00000010     Gpio.obj (.data:_gpioIsrListPortTwo)
                  0000274e    0000000e     Header4Control.obj (.data)
                  0000275c    0000000e     Header5Control.obj (.data)
                  0000276a    0000000e     MagnetometerControl.obj (.data)
                  00002778    0000000e     Pwm.obj (.data:_openChannels)
                  00002786    0000000c     AdcManager.obj (.data)
                  00002792    0000000c     DataBuffer.obj (.data)
                  0000279e    0000000c     Ecg6ChanControl.obj (.data:_dataSamples)
                  000027aa    0000000c     I2c.obj (.data:_i2cPortParameters$3)
                  000027b6    0000000a     AccelerometerControl.obj (.data)
                  000027c0    0000000a     BarometerControl.obj (.data)
                  000027ca    0000000a     Gyroscope.obj (.data)
                  000027d4    0000000a     SpiSlave.obj (.data)
                  000027de    0000000a     ThermometerControl.obj (.data)
                  000027e8    0000000a     TimerTick.obj (.data)
                  000027f2    00000008     Serial.obj (.data)
                  000027fa    00000008     LedControl.obj (.data:_ledState)
                  00002802    00000007     Pwm.obj (.data:_dutyCycles)
                  00002809    00000001     --HOLE--
                  0000280a    00000006     Analog7Control.obj (.data)
                  00002810    00000006     Analog8Control.obj (.data)
                  00002816    00000006     Analog9Control.obj (.data)
                  0000281c    00000006     ConfigurationManager.obj (.data)
                  00002822    00000006     DigitalInputControl.obj (.data)
                  00002828    00000006     Ecg6ChanControl.obj (.data)
                  0000282e    00000006     EcgControl.obj (.data)
                  00002834    00000006     Encoder.obj (.data)
                  0000283a    00000006     EncoderControl.obj (.data)
                  00002840    00000006     GyroscopeControl.obj (.data)
                  00002846    00000006     StateMachine.obj (.data)
                  0000284c    00000006     EcgControl.obj (.data:_dataSamples)
                  00002852    00000006     Dma.obj (.data:_dmaArmed)
                  00002858    00000006     Dma.obj (.data:_dmaConfigured)
                  0000285e    00000006     Dma.obj (.data:_dmaIsrList)
                  00002864    00000006     TimerTick.obj (.data:_tickIsrActive)
                  0000286a    00000006     TimerTick.obj (.data:_tickIsrList)
                  00002870    00000006     Accelerometer.obj (.data:dummyData$1)
                  00002876    00000004     AmbientLightControl.obj (.data)
                  0000287a    00000004     BatteryControl.obj (.data)
                  0000287e    00000004     DacControl.obj (.data)
                  00002882    00000004     ForceGaugeControl.obj (.data)
                  00002886    00000004     Header1Control.obj (.data)
                  0000288a    00000004     Header2Control.obj (.data)
                  0000288e    00000004     Header3Control.obj (.data)
                  00002892    00000004     Header6Control.obj (.data)
                  00002896    00000004     HighGainControl.obj (.data)
                  0000289a    00000004     MicrophoneControl.obj (.data)
                  0000289e    00000004     Pwm.obj (.data)
                  000028a2    00000004     Encoder.obj (.data:_encoderCounts)
                  000028a6    00000004     I2c.obj (.data:_i2cPortInitialized)
                  000028aa    00000004     I2c.obj (.data:_i2cPortOpen)
                  000028ae    00000004     Uart.obj (.data:_uartBufferRxHead)
                  000028b2    00000004     Uart.obj (.data:_uartBufferRxTail)
                  000028b6    00000004     Uart.obj (.data:_uartBufferTxHead)
                  000028ba    00000004     Uart.obj (.data:_uartBufferTxTail)
                  000028be    00000004     Uart.obj (.data:_uartPortIsOpen)
                  000028c2    00000004     EncoderControl.obj (.data:data$1)
                  000028c6    00000002     Barometer.obj (.data)
                  000028c8    00000002     Dma.obj (.data)
                  000028ca    00000002     LedControl.obj (.data)
                  000028cc    00000002     SpiMaster.obj (.data)
                  000028ce    00000002     rts430x_sc_sd_eabi.lib : strtok.obj (.data)

.stack     0    00004338    000000c8     UNINITIALIZED
                  00004338    00000002     rts430x_sc_sd_eabi.lib : boot.obj (.stack)
                  0000433a    000000c6     --HOLE--

.text:_isr 
*          0    00004400    00000006     
                  00004400    00000006     rts430x_sc_sd_eabi.lib : isr_trap.obj (.text:_isr:__TI_ISR_TRAP)

.const     0    0000e6b8    00001740     
                  0000e6b8    0000033a     TestProtocol.obj (.const:.string)
                  0000e9f2    000001ae     System.obj (.const:.string)
                  0000eba0    00000150     UiManager.obj (.const:girlILeftBehindBuzzerSteps)
                  0000ecf0    00000108     UiManager.obj (.const:failBuzzerSteps)
                  0000edf8    00000101     rts430x_sc_sd_eabi.lib : ctype.obj (.const:.string:_ctypes_)
                  0000eef9    00000001     --HOLE-- [fill = 0]
                  0000eefa    000000a6     SelfTest.obj (.const:.string)
                  0000efa0    00000080     BuzzerControl.obj (.const:_highFrequencies)
                  0000f020    00000080     Header4Control.obj (.const:_highFrequencies)
                  0000f0a0    00000080     Header5Control.obj (.const:_highFrequencies)
                  0000f120    00000080     BuzzerControl.obj (.const:_highPitches)
                  0000f1a0    00000080     BuzzerControl.obj (.const:_lowFrequencies)
                  0000f220    00000080     Header4Control.obj (.const:_lowFrequencies)
                  0000f2a0    00000080     Header5Control.obj (.const:_lowFrequencies)
                  0000f320    00000080     BuzzerControl.obj (.const:_lowPitches)
                  0000f3a0    00000080     BuzzerControl.obj (.const:_medPitches)
                  0000f420    00000080     Header4Control.obj (.const:_midFrequencies)
                  0000f4a0    00000080     Header5Control.obj (.const:_midFrequencies)
                  0000f520    00000066     TestProtocol.obj (.const:_humanCommands)
                  0000f586    00000064     EncoderControl.obj (.const:.string)
                  0000f5ea    00000060     UiManager.obj (.const:successBuzzerSteps)
                  0000f64a    00000040     BuzzerControl.obj (.const:_dutyCycles)
                  0000f68a    00000040     Header4Control.obj (.const:_dutyCycles)
                  0000f6ca    00000040     Header5Control.obj (.const:_dutyCycles)
                  0000f70a    00000038     UiManager.obj (.const:starWarsBuzzerSteps)
                  0000f742    0000002d     ConfigurationManager.obj (.const:.string:_kitchenSinkConfig)
                  0000f76f    00000001     --HOLE-- [fill = 0]
                  0000f770    00000028     SpiSlave.obj (.const)
                  0000f798    00000027     ConfigurationManager.obj (.const:.string:_header3V3Config)
                  0000f7bf    00000001     --HOLE-- [fill = 0]
                  0000f7c0    00000026     rts430x_sc_sd_eabi.lib : _printfi_nf.obj (.const:.string)
                  0000f7e6    00000022     System.obj (.const:_resetReasonStrings$1)
                  0000f808    00000021     ConfigurationManager.obj (.const:.string:_headerConfig)
                  0000f829    00000001     --HOLE-- [fill = 0]
                  0000f82a    00000020     UiManager.obj (.const)
                  0000f84a    00000020     Adc.obj (.const:_conversionMemoryControlRegisters$2)
                  0000f86a    00000020     Adc.obj (.const:_conversionMemoryRegisters$3)
                  0000f88a    00000020     Adc.obj (.const:_conversionMemoryRegisters$6)
                  0000f8aa    0000001f     ConfigurationManager.obj (.const:.string:_selfTestConfig)
                  0000f8c9    00000001     --HOLE-- [fill = 0]
                  0000f8ca    0000001c     AdcManager.obj (.const:.string)
                  0000f8e6    00000018     ConfigurationManager.obj (.const:.string:_kitchenSinkBuffer)
                  0000f8fe    00000017     ConfigurationManager.obj (.const:.string:_imuConfig)
                  0000f915    00000001     --HOLE-- [fill = 0]
                  0000f916    00000017     ConfigurationManager.obj (.const:.string:_kitchenSinkDisable)
                  0000f92d    00000001     --HOLE-- [fill = 0]
                  0000f92e    00000017     ConfigurationManager.obj (.const:.string:_sportsConfig)
                  0000f945    00000001     --HOLE-- [fill = 0]
                  0000f946    00000015     ConfigurationManager.obj (.const:.string:_motionConfig)
                  0000f95b    00000001     --HOLE-- [fill = 0]
                  0000f95c    00000013     ConfigurationManager.obj (.const:.string:_imuHiConfig)
                  0000f96f    00000001     --HOLE-- [fill = 0]
                  0000f970    00000013     ConfigurationManager.obj (.const:.string:_pendulumConfig)
                  0000f983    00000001     --HOLE-- [fill = 0]
                  0000f984    00000013     ConfigurationManager.obj (.const:.string:_pendulumHiConfig)
                  0000f997    00000001     --HOLE-- [fill = 0]
                  0000f998    00000012     AdcManager.obj (.const)
                  0000f9aa    00000012     Gpio.obj (.const:_gpioDirectionRegisters$1)
                  0000f9bc    00000012     Gpio.obj (.const:_gpioDriveStrengthRegisters$2)
                  0000f9ce    00000012     Gpio.obj (.const:_gpioInputRegisters)
                  0000f9e0    00000012     Gpio.obj (.const:_gpioOutputRegisters)
                  0000f9f2    00000012     Gpio.obj (.const:_gpioResistorEnableRegisters)
                  0000fa04    00000012     Gpio.obj (.const:_gpioSelectRegisters$3)
                  0000fa16    00000011     ConfigurationManager.obj (.const:.string:_anlgHeadConfig)
                  0000fa27    00000001     --HOLE-- [fill = 0]
                  0000fa28    00000011     ConfigurationManager.obj (.const:.string:_hiAnlgHeadConfig)
                  0000fa39    00000001     --HOLE-- [fill = 0]
                  0000fa3a    00000010     CommProtocol.obj (.const:.string)
                  0000fa4a    00000010     ConfigurationManager.obj (.const:.string:_selfTestBuffer)
                  0000fa5a    0000000f     ConfigurationManager.obj (.const:.string:_miniMotionConfig)
                  0000fa69    00000001     --HOLE-- [fill = 0]
                  0000fa6a    0000000f     ConfigurationManager.obj (.const:.string:_selfTestDisable)
                  0000fa79    00000001     --HOLE-- [fill = 0]
                  0000fa7a    0000000e     Main.obj (.const:.string)
                  0000fa88    0000000e     Pwm.obj (.const:_ccModules)
                  0000fa96    0000000e     Timer.obj (.const:_timerB0CCControlRegisters$8)
                  0000faa4    0000000e     Timer.obj (.const:_timerB0CCRegisters$7)
                  0000fab2    0000000d     ConfigurationManager.obj (.const:.string:_alsAccConfig)
                  0000fabf    00000001     --HOLE-- [fill = 0]
                  0000fac0    0000000d     ConfigurationManager.obj (.const:.string:_ambientConfig)
                  0000facd    00000001     --HOLE-- [fill = 0]
                  0000face    0000000d     ConfigurationManager.obj (.const:.string:_forceAccConfig)
                  0000fadb    00000001     --HOLE-- [fill = 0]
                  0000fadc    0000000c     ConfigurationManager.obj (.const:.string:_header3V3Buffer)
                  0000fae8    0000000c     ConfigurationManager.obj (.const:.string:_headerBuffer)
                  0000faf4    0000000c     UiManager.obj (.const:failBacklightSteps)
                  0000fb00    0000000c     UiManager.obj (.const:girlILeftBehindBacklightSteps)
                  0000fb0c    0000000c     UiManager.obj (.const:starWarsBacklightSteps)
                  0000fb18    0000000c     UiManager.obj (.const:successBacklightSteps)
                  0000fb24    0000000b     ConfigurationManager.obj (.const:.string:_header3V3Disable)
                  0000fb2f    00000001     --HOLE-- [fill = 0]
                  0000fb30    0000000b     ConfigurationManager.obj (.const:.string:_headerDisable)
                  0000fb3b    00000001     --HOLE-- [fill = 0]
                  0000fb3c    0000000a     ConfigurationManager.obj (.const:.string:_ambientBuffer)
                  0000fb46    0000000a     ConfigurationManager.obj (.const:.string:_anlgHeadBuffer)
                  0000fb50    0000000a     ConfigurationManager.obj (.const:.string:_hiAnlgHeadBuffer)
                  0000fb5a    0000000a     ConfigurationManager.obj (.const:.string:_imuBuffer)
                  0000fb64    0000000a     ConfigurationManager.obj (.const:.string:_motionBuffer)
                  0000fb6e    0000000a     ConfigurationManager.obj (.const:.string:_sportsBuffer)
                  0000fb78    0000000a     Adc.obj (.const)
                  0000fb82    0000000a     Serial.obj (.const)
                  0000fb8c    0000000a     Timer.obj (.const:_timerA0CCControlRegisters$2)
                  0000fb96    0000000a     Timer.obj (.const:_timerA0CCRegisters$1)
                  0000fba0    00000009     ConfigurationManager.obj (.const:.string:_accelConfig)
                  0000fba9    00000001     --HOLE-- [fill = 0]
                  0000fbaa    00000009     ConfigurationManager.obj (.const:.string:_accelHiConfig)
                  0000fbb3    00000001     --HOLE-- [fill = 0]
                  0000fbb4    00000009     ConfigurationManager.obj (.const:.string:_alsMicConfig)
                  0000fbbd    00000001     --HOLE-- [fill = 0]
                  0000fbbe    00000009     ConfigurationManager.obj (.const:.string:_ambientDisable)
                  0000fbc7    00000001     --HOLE-- [fill = 0]
                  0000fbc8    00000009     ConfigurationManager.obj (.const:.string:_anlgHeadDisable)
                  0000fbd1    00000001     --HOLE-- [fill = 0]
                  0000fbd2    00000009     ConfigurationManager.obj (.const:.string:_hiAnlgHeadDisable)
                  0000fbdb    00000001     --HOLE-- [fill = 0]
                  0000fbdc    00000009     ConfigurationManager.obj (.const:.string:_imuDisable)
                  0000fbe5    00000001     --HOLE-- [fill = 0]
                  0000fbe6    00000009     ConfigurationManager.obj (.const:.string:_magneticConfig)
                  0000fbef    00000001     --HOLE-- [fill = 0]
                  0000fbf0    00000009     ConfigurationManager.obj (.const:.string:_motionDisable)
                  0000fbf9    00000001     --HOLE-- [fill = 0]
                  0000fbfa    00000009     ConfigurationManager.obj (.const:.string:_sportsDisable)
                  0000fc03    00000001     --HOLE-- [fill = 0]
                  0000fc04    00000008     ConfigurationManager.obj (.const:.string)
                  0000fc0c    00000008     Version.obj (.const:.string:VERSION_ARRAY)
                  0000fc14    00000008     ConfigurationManager.obj (.const:.string:_imuHiBuffer)
                  0000fc1c    00000008     ConfigurationManager.obj (.const:.string:_miniMotionBuffer)
                  0000fc24    00000008     ConfigurationManager.obj (.const:.string:_pendulumBuffer)
                  0000fc2c    00000008     ConfigurationManager.obj (.const:.string:_pendulumHiBuffer)
                  0000fc34    00000008     Main.obj (.const)
                  0000fc3c    00000008     Dma.obj (.const:_dmaTriggerRegisters)
                  0000fc44    00000008     LedControl.obj (.const:_ledPort$2)
                  0000fc4c    00000007     ConfigurationManager.obj (.const:.string:_analog_hi1Config)
                  0000fc53    00000001     --HOLE-- [fill = 0]
                  0000fc54    00000007     ConfigurationManager.obj (.const:.string:_gyroConfig)
                  0000fc5b    00000001     --HOLE-- [fill = 0]
                  0000fc5c    00000007     ConfigurationManager.obj (.const:.string:_gyroHiConfig)
                  0000fc63    00000001     --HOLE-- [fill = 0]
                  0000fc64    00000007     ConfigurationManager.obj (.const:.string:_imuHiDisable)
                  0000fc6b    00000001     --HOLE-- [fill = 0]
                  0000fc6c    00000007     ConfigurationManager.obj (.const:.string:_miniMotionDisable)
                  0000fc73    00000001     --HOLE-- [fill = 0]
                  0000fc74    00000007     ConfigurationManager.obj (.const:.string:_pendulumDisable)
                  0000fc7b    00000001     --HOLE-- [fill = 0]
                  0000fc7c    00000007     ConfigurationManager.obj (.const:.string:_pendulumHiDisable)
                  0000fc83    00000001     --HOLE-- [fill = 0]
                  0000fc84    00000006     BarometerControl.obj (.const:.string)
                  0000fc8a    00000006     UiManager.obj (.const:.string)
                  0000fc90    00000006     ConfigurationManager.obj (.const:.string:_alsAccBuffer)
                  0000fc96    00000006     ConfigurationManager.obj (.const:.string:_alsMicBuffer)
                  0000fc9c    00000006     ConfigurationManager.obj (.const:.string:_forceAccBuffer)
                  0000fca2    00000006     ConfigurationManager.obj (.const:.string:_magneticBuffer)
                  0000fca8    00000006     Dma.obj (.const:_dmaControlRegisters)
                  0000fcae    00000006     Dma.obj (.const:_dmaDestinationAddressRegisters)
                  0000fcb4    00000006     Dma.obj (.const:_dmaSizeRegisters)
                  0000fcba    00000006     Dma.obj (.const:_dmaSourceAddressRegisters)
                  0000fcc0    00000006     Gpio.obj (.const:_gpioInterruptEdgeSelectRegisters)
                  0000fcc6    00000006     Gpio.obj (.const:_gpioInterruptEnableRegisters)
                  0000fccc    00000006     Timer.obj (.const:_timerA2CCControlRegisters$6)
                  0000fcd2    00000006     Timer.obj (.const:_timerA2CCRegisters$5)
                  0000fcd8    00000005     ConfigurationManager.obj (.const:.string:_alsAccDisable)
                  0000fcdd    00000001     --HOLE-- [fill = 0]
                  0000fcde    00000005     ConfigurationManager.obj (.const:.string:_alsHiConfig)
                  0000fce3    00000001     --HOLE-- [fill = 0]
                  0000fce4    00000005     ConfigurationManager.obj (.const:.string:_alsMicDisable)
                  0000fce9    00000001     --HOLE-- [fill = 0]
                  0000fcea    00000005     ConfigurationManager.obj (.const:.string:_ecg6Config)
                  0000fcef    00000001     --HOLE-- [fill = 0]
                  0000fcf0    00000005     ConfigurationManager.obj (.const:.string:_ecgConfig)
                  0000fcf5    00000001     --HOLE-- [fill = 0]
                  0000fcf6    00000005     ConfigurationManager.obj (.const:.string:_forceAccDisable)
                  0000fcfb    00000001     --HOLE-- [fill = 0]
                  0000fcfc    00000005     ConfigurationManager.obj (.const:.string:_hiEcg6Config)
                  0000fd01    00000001     --HOLE-- [fill = 0]
                  0000fd02    00000005     ConfigurationManager.obj (.const:.string:_hiEcgConfig)
                  0000fd07    00000001     --HOLE-- [fill = 0]
                  0000fd08    00000005     ConfigurationManager.obj (.const:.string:_hiForceConfig)
                  0000fd0d    00000001     --HOLE-- [fill = 0]
                  0000fd0e    00000005     ConfigurationManager.obj (.const:.string:_hiGainConfig)
                  0000fd13    00000001     --HOLE-- [fill = 0]
                  0000fd14    00000005     ConfigurationManager.obj (.const:.string:_magneticDisable)
                  0000fd19    00000001     --HOLE-- [fill = 0]
                  0000fd1a    00000005     ConfigurationManager.obj (.const:.string:_microphoneConfig)
                  0000fd1f    00000001     --HOLE-- [fill = 0]
                  0000fd20    00000005     ConfigurationManager.obj (.const:.string:_slowMicrophoneConfig)
                  0000fd25    00000001     --HOLE-- [fill = 0]
                  0000fd26    00000004     ConfigurationManager.obj (.const:.string:_accelBuffer)
                  0000fd2a    00000004     ConfigurationManager.obj (.const:.string:_accelHiBuffer)
                  0000fd2e    00000004     ConfigurationManager.obj (.const:.string:_alsHiBuffer)
                  0000fd32    00000004     ConfigurationManager.obj (.const:.string:_analog_hi1Buffer)
                  0000fd36    00000004     ConfigurationManager.obj (.const:.string:_ecg6Buffer)
                  0000fd3a    00000004     ConfigurationManager.obj (.const:.string:_ecgBuffer)
                  0000fd3e    00000004     ConfigurationManager.obj (.const:.string:_gyroBuffer)
                  0000fd42    00000004     ConfigurationManager.obj (.const:.string:_gyroHiBuffer)
                  0000fd46    00000004     ConfigurationManager.obj (.const:.string:_hiEcg6Buffer)
                  0000fd4a    00000004     ConfigurationManager.obj (.const:.string:_hiEcgBuffer)
                  0000fd4e    00000004     ConfigurationManager.obj (.const:.string:_hiForceBuffer)
                  0000fd52    00000004     ConfigurationManager.obj (.const:.string:_hiGainBuffer)
                  0000fd56    00000004     LedControl.obj (.const:.string:_ledPin$3)
                  0000fd5a    00000004     ConfigurationManager.obj (.const:.string:_microphoneBuffer)
                  0000fd5e    00000004     ConfigurationManager.obj (.const:.string:_slowMicrophoneBuffer)
                  0000fd62    00000004     I2c.obj (.const:_i2cBaudRateRegisters$2)
                  0000fd66    00000004     I2c.obj (.const:_i2cControlOneRegisters)
                  0000fd6a    00000004     I2c.obj (.const:_i2cControlZeroRegisters$1)
                  0000fd6e    00000004     I2c.obj (.const:_i2cGpioSCLPorts)
                  0000fd72    00000004     I2c.obj (.const:_i2cGpioSDAPorts)
                  0000fd76    00000004     I2c.obj (.const:_i2cInterruptFlagRegisters)
                  0000fd7a    00000004     I2c.obj (.const:_i2cReceiveBufferRegisters)
                  0000fd7e    00000004     I2c.obj (.const:_i2cSlaveAddressRegisters$4)
                  0000fd82    00000004     I2c.obj (.const:_i2cSlaveStatusRegisters$5)
                  0000fd86    00000004     I2c.obj (.const:_i2cTransmitBufferRegisters)
                  0000fd8a    00000004     Uart.obj (.const:_uartAutoBaudRateRegisters$4)
                  0000fd8e    00000004     Uart.obj (.const:_uartBaudRateRegisters$2)
                  0000fd92    00000004     Uart.obj (.const:_uartControlOneRegisters)
                  0000fd96    00000004     Uart.obj (.const:_uartControlZeroRegisters$1)
                  0000fd9a    00000004     Uart.obj (.const:_uartGpioPorts)
                  0000fd9e    00000004     Uart.obj (.const:_uartInterruptEnableRegisters)
                  0000fda2    00000004     Uart.obj (.const:_uartIrdaReceiveRegisters$6)
                  0000fda6    00000004     Uart.obj (.const:_uartIrdaTransmitRegisters$5)
                  0000fdaa    00000004     Uart.obj (.const:_uartModulationRegisters$3)
                  0000fdae    00000004     Uart.obj (.const:_uartReceiveBufferRegisters)
                  0000fdb2    00000004     Uart.obj (.const:_uartTransmitBufferRegisters)
                  0000fdb6    00000003     ConfigurationManager.obj (.const:.string:_accelDisable)
                  0000fdb9    00000001     --HOLE-- [fill = 0]
                  0000fdba    00000003     ConfigurationManager.obj (.const:.string:_accelHiDisable)
                  0000fdbd    00000001     --HOLE-- [fill = 0]
                  0000fdbe    00000003     ConfigurationManager.obj (.const:.string:_alsHiDisable)
                  0000fdc1    00000001     --HOLE-- [fill = 0]
                  0000fdc2    00000003     ConfigurationManager.obj (.const:.string:_analog_hi1Disable)
                  0000fdc5    00000001     --HOLE-- [fill = 0]
                  0000fdc6    00000003     ConfigurationManager.obj (.const:.string:_ecg6Disable)
                  0000fdc9    00000001     --HOLE-- [fill = 0]
                  0000fdca    00000003     ConfigurationManager.obj (.const:.string:_ecgDisable)
                  0000fdcd    00000001     --HOLE-- [fill = 0]
                  0000fdce    00000003     ConfigurationManager.obj (.const:.string:_gyroDisable)
                  0000fdd1    00000001     --HOLE-- [fill = 0]
                  0000fdd2    00000003     ConfigurationManager.obj (.const:.string:_gyroHiDisable)
                  0000fdd5    00000001     --HOLE-- [fill = 0]
                  0000fdd6    00000003     ConfigurationManager.obj (.const:.string:_hiEcg6Disable)
                  0000fdd9    00000001     --HOLE-- [fill = 0]
                  0000fdda    00000003     ConfigurationManager.obj (.const:.string:_hiEcgDisable)
                  0000fddd    00000001     --HOLE-- [fill = 0]
                  0000fdde    00000003     ConfigurationManager.obj (.const:.string:_hiForceDisable)
                  0000fde1    00000001     --HOLE-- [fill = 0]
                  0000fde2    00000003     ConfigurationManager.obj (.const:.string:_hiGainDisable)
                  0000fde5    00000001     --HOLE-- [fill = 0]
                  0000fde6    00000003     ConfigurationManager.obj (.const:.string:_microphoneDisable)
                  0000fde9    00000001     --HOLE-- [fill = 0]
                  0000fdea    00000003     ConfigurationManager.obj (.const:.string:_slowMicrophoneDisable)
                  0000fded    00000001     --HOLE-- [fill = 0]
                  0000fdee    00000002     Serial.obj (.const:.string:_footerHuman)
                  0000fdf0    00000002     I2c.obj (.const:.string:_i2cGpioSCLPinmasks)
                  0000fdf2    00000002     I2c.obj (.const:.string:_i2cGpioSDAPinmasks)
                  0000fdf4    00000002     Uart.obj (.const:.string:_uartGpioReceivePinmasks)
                  0000fdf6    00000002     Uart.obj (.const:.string:_uartGpioTransmitPinmasks)

.cinit     0    0000fdf8    00000180     
                  0000fdf8    0000016d     (.cinit..data.load) [load image, compression = rle]
                  0000ff65    00000001     --HOLE-- [fill = 0]
                  0000ff66    00000006     (__TI_handler_table)
                  0000ff6c    00000004     (.cinit..bss.load) [load image, compression = zero_init]
                  0000ff70    00000008     (__TI_cinit_table)

.init_array 
*          0    00004400    00000000     UNINITIALIZED

.TI.persistent 
*          0    00002394    00000000     UNINITIALIZED

.text      0    00004406    0000a2b2     
                  00004406    000004fc     Ecg6ChanControl.obj (.text:Ecg6Control_SetConfig)
                  00004902    00000416     Gpio.obj (.text:Gpio_Init)
                  00004d18    0000039a     SelfTest.obj (.text:SelfTest_Process)
                  000050b2    0000039a     rts430x_sc_sd_eabi.lib : div64u.obj (.text:__mspabi_divull)
                  0000544c    00000398     ConfigurationManager.obj (.text:ConMan_StartData)
                  000057e4    000002fe     CommProtocol.obj (.text:CommProtocol_RxHandler)
                  00005ae2    000002c4     EcgControl.obj (.text:EcgControl_SetConfig)
                  00005da6    000002be     SelfTest.obj (.text:_SelfTest_ProcessContinuous)
                  00006064    000002b0     ConfigurationManager.obj (.text:ConMan_StopData)
                  00006314    0000026e     ThermometerControl.obj (.text:ThermometerControl_SetConfig)
                  00006582    00000242     AdcManager.obj (.text:AdcManager_EnableChannel)
                  000067c4    000001fc     Accelerometer.obj (.text:Accelerometer_Config)
                  000069c0    000001e6     rts430x_sc_sd_eabi.lib : _printfi_nf.obj (.text:_setfield)
                  00006ba6    000001cc     ConfigurationManager.obj (.text:ConMan_GetPacketConfig)
                  00006d72    000001c6     rts430x_sc_sd_eabi.lib : _printfi_nf.obj (.text:__TI_printfi_nofloat)
                  00006f38    0000019c     TestProtocol.obj (.text:_SendNakHuman)
                  000070d4    00000196     TestProtocol.obj (.text:_HandleHumanGpiCommand)
                  0000726a    00000184     Analog7Control.obj (.text:Analog7Control_SetConfig)
                  000073ee    00000184     Analog8Control.obj (.text:Analog8Control_SetConfig)
                  00007572    00000184     Analog9Control.obj (.text:Analog9Control_SetConfig)
                  000076f6    00000164     rts430x_sc_sd_eabi.lib : _printfi_nf.obj (.text:_getarg_diouxp)
                  0000785a    0000015e     Uart.obj (.text:Uart_Init)
                  000079b8    00000152     AdcManager.obj (.text:_SetupTimerConfig)
                  00007b0a    00000144     DigitalInputControl.obj (.text:DigitalInputControl_SetConfig)
                  00007c4e    00000140     Magnetometer.obj (.text:Magnetometer_Config)
                  00007d8e    00000140     rts430x_sc_sd_eabi.lib : _printfi_nf.obj (.text:_pproc_diouxp)
                  00007ece    00000132     SelfTest.obj (.text:_TestAccelerometer)
                  00008000    00000132     SelfTest.obj (.text:_TestGyroscope)
                  00008132    00000130     TestProtocol.obj (.text:_HandleHumanEncoderCommand)
                  00008262    00000122     AmbientLightControl.obj (.text:AmbientLightControl_SetConfig)
                  00008384    00000122     BatteryControl.obj (.text:BatteryControl_SetConfig)
                  000084a6    00000122     ConfigurationManager.obj (.text:ConMan_SetSensorConfig)
                  000085c8    00000122     HighGainControl.obj (.text:HighGainControl_SetConfig)
                  000086ea    00000122     MicrophoneControl.obj (.text:MicrophoneControl_SetConfig)
                  0000880c    00000112     DataBuffer.obj (.text:DataBuffer_CreateSubarray)
                  0000891e    0000010c     ForceGaugeControl.obj (.text:FgControl_SetConfig)
                  00008a2a    0000010c     Pwm.obj (.text:Pwm_Enable)
                  00008b36    0000010c     UiManager.obj (.text:_PlaySequence)
                  00008c42    0000010a     BuzzerControl.obj (.text:BuzzerControl_SetConfig)
                  00008d4c    00000108     TestProtocol.obj (.text:_HandleHumanGpoCommand)
                  00008e54    00000102     Header4Control.obj (.text:Header4Control_SetConfig)
                  00008f56    00000102     Header5Control.obj (.text:Header5Control_SetConfig)
                  00009058    000000f4     rts430x_sc_sd_eabi.lib : _printfi_nf.obj (.text:_pproc_fwp)
                  0000914c    000000f2     BarometerControl.obj (.text:BarometerControl_SetConfig)
                  0000923e    000000e6     AccelerometerControl.obj (.text:AccControl_SetConfig)
                  00009324    000000da     Main.obj (.text:main)
                  000093fe    000000d4     Pwm.obj (.text:Pwm_Disable)
                  000094d2    000000d4     TestProtocol.obj (.text:_HandleHumanRfCommand)
                  000095a6    000000cc     Adc.obj (.text:Adc_Init)
                  00009672    000000cc     Magnetometer.obj (.text:Magnetometer_TriggerSampleBlocking)
                  0000973e    000000c6     StateMachine.obj (.text:_ProcessEvents_DEFAULT)
                  00009804    000000c6     SelfTest.obj (.text:_TestMagnetometer)
                  000098ca    000000c2     Serial.obj (.text:Serial_SendString3Numbers)
                  0000998c    000000c2     SelfTest.obj (.text:_TestMicrophone)
                  00009a4e    000000c0     Pmm.obj (.text:_SetVCoreUp)
                  00009b0e    000000ba     Adc.obj (.text:_GetAdcCalibrationInfo)
                  00009bc8    000000b2     MagnetometerControl.obj (.text:MagControl_SetConfig)
                  00009c7a    000000b2     Serial.obj (.text:Serial_ProcessReceivedBytes)
                  00009d2c    000000ac     Adc.obj (.text:Adc_SetChannelSequence)
                  00009dd8    000000aa     StateMachine.obj (.text:StateMachine_ProcessEvents)
                  00009e82    000000a2     Conversion.obj (.text:Conversion_HexStringToUint)
                  00009f24    000000a2     EncoderControl.obj (.text:EncControl_SetConfig)
                  00009fc6    000000a2     Header1Control.obj (.text:Header1Control_SetConfig)
                  0000a068    000000a2     Header2Control.obj (.text:Header2Control_SetConfig)
                  0000a10a    000000a0     rts430x_sc_sd_eabi.lib : _printfi_nf.obj (.text:_pproc_str)
                  0000a1aa    0000009c     AdcManager.obj (.text:AdcManager_DisableChannel)
                  0000a246    0000009c     Header3Control.obj (.text:Header3Control_SetConfig)
                  0000a2e2    0000009c     Header6Control.obj (.text:Header6Control_SetConfig)
                  0000a37e    0000009c     TestProtocol.obj (.text:_HandleHumanPwmCommand)
                  0000a41a    0000009a     PushButtonControl.obj (.text:_ProcessPushButtons)
                  0000a4b4    00000096     UiManager.obj (.text:UiManager_PlaySequence)
                  0000a54a    00000096     rts430x_sc_sd_eabi.lib : _printfi_nf.obj (.text:_ltostr)
                  0000a5e0    00000094     BarometerControl.obj (.text:BarometerControl_ReadBar)
                  0000a674    00000094     Timer.obj (.text:Timer_A0_Configure)
                  0000a708    00000094     Timer.obj (.text:Timer_A1_Configure)
                  0000a79c    00000094     Timer.obj (.text:Timer_A2_Configure)
                  0000a830    00000092     I2c.obj (.text:I2c_Init)
                  0000a8c2    00000092     Timer.obj (.text:Timer_B0_Configure)
                  0000a954    00000092     BuzzerControl.obj (.text:_BuzzerControl_SetOutput)
                  0000a9e6    0000008c     ConfigurationManager.obj (.text:ConMan_SetOutputConfig)
                  0000aa72    0000008c     GyroscopeControl.obj (.text:GyroControl_SetConfig)
                  0000aafe    0000008c     Gyroscope.obj (.text:Gyroscope_Config)
                  0000ab8a    0000008c     Pmm.obj (.text:Pmm_Init)
                  0000ac16    0000008c     Pmm.obj (.text:_SetVCoreDown)
                  0000aca2    0000008a     Uart.obj (.text:Uart_WriteByteHex)
                  0000ad2c    0000008a     TestProtocol.obj (.text:_HandleHumanAdc1Command)
                  0000adb6    0000008a     TimerTick.obj (.text:_InsertTimeout)
                  0000ae40    00000088     Gpio.obj (.text:Gpio_Configure)
                  0000aec8    00000088     TestProtocol.obj (.text:TestProtocol_HandleReceivedPacket)
                  0000af50    00000088     rts430x_sc_sd_eabi.lib : _printfi_nf.obj (.text:_div)
                  0000afd8    00000082     DacControl.obj (.text:DacControl_SetConfig)
                  0000b05a    00000082     SpiSlave.obj (.text:SpiSlave_Init)
                  0000b0dc    00000082     Gpio.obj (.text:_GpioPortOneIsr)
                  0000b15e    00000082     Gpio.obj (.text:_GpioPortTwoIsr)
                  0000b1e0    00000082     TestProtocol.obj (.text:_HandleHumanVerCommand)
                  0000b262    0000007e     Adc.obj (.text:Adc_ApplyCorrection)
                  0000b2e0    0000007e     Clock.obj (.text:Clock_Init)
                  0000b35e    0000007c     Adc.obj (.text:Adc_ConvertValueToTemp)
                  0000b3da    0000007c     EventQueue.obj (.text:EventQueue_GetNext)
                  0000b456    0000007a     AdcManager.obj (.text:AdcManager_Init)
                  0000b4d0    0000007a     DigitalInputControl.obj (.text:_ReadPins)
                  0000b54a    00000074     EncoderControl.obj (.text:EncControl_ReadEnc)
                  0000b5be    00000070     DataBuffer.obj (.text:DataBuffer_AddToSubarray16Bit)
                  0000b62e    00000070     Dma.obj (.text:Dma_Configure)
                  0000b69e    0000006e     ConfigurationManager.obj (.text:ConMan_Init)
                  0000b70c    0000006e     I2c.obj (.text:I2c_ReceiveByteEnd)
                  0000b77a    0000006c     Accelerometer.obj (.text:Accelerometer_Start)
                  0000b7e6    0000006c     I2c.obj (.text:I2c_TransmitByteEnd)
                  0000b852    0000006c     TimerTick.obj (.text:TimerTick_RequestTimeout)
                  0000b8be    0000006c     Ultrasound.obj (.text:UltrasoundStartTransmit)
                  0000b92a    0000006c     Header4Control.obj (.text:_Header4Control_SetFrequency)
                  0000b996    0000006c     Header5Control.obj (.text:_Header5Control_SetFrequency)
                  0000ba02    0000006c     SelfTest.obj (.text:_TestDigitalInput)
                  0000ba6e    0000006a     CommProtocol.obj (.text:CommProtocol_Init)
                  0000bad8    0000006a     SpiMaster.obj (.text:Spi_Init)
                  0000bb42    0000006a     Uart.obj (.text:Uart_Open)
                  0000bbac    0000006a     TestProtocol.obj (.text:_HandleHumanBarcCommand)
                  0000bc16    00000068     rts430x_sc_sd_eabi.lib : autoinit_wdt.obj (.text:_auto_init_hold_wdt)
                  0000bc7e    00000066     Accelerometer.obj (.text:Accelerometer_ReadSample)
                  0000bce4    00000066     Barometer.obj (.text:Barometer_ReadCoefficients)
                  0000bd4a    00000066     Serial.obj (.text:Serial_SendStringNumber)
                  0000bdb0    00000066     CommProtocol.obj (.text:_HandleRfStatusISR)
                  0000be16    00000064     Encoder.obj (.text:Encoder_Read)
                  0000be7a    00000064     Magnetometer.obj (.text:Magnetometer_Start)
                  0000bede    00000062     Pwm.obj (.text:Pwm_SetFrequency)
                  0000bf40    00000062     Accelerometer.obj (.text:_AccReadMultipleRegisters)
                  0000bfa2    00000062     TestProtocol.obj (.text:_HandleHumanAccCommand)
                  0000c004    00000062     TestProtocol.obj (.text:_HandleHumanBslCommand)
                  0000c066    00000062     TestProtocol.obj (.text:_HandleHumanGyroCommand)
                  0000c0c8    00000062     TestProtocol.obj (.text:_HandleHumanMagCommand)
                  0000c12a    00000062     Magnetometer.obj (.text:_ReadMultipleRegisters)
                  0000c18c    00000062     rts430x_sc_sd_eabi.lib : copy_decompress_rle.obj (.text:__TI_decompress_rle_core)
                  0000c1ee    00000060     Barometer.obj (.text:Barometer_ReadSample)
                  0000c24e    00000060     Gyroscope.obj (.text:Gyroscope_ReadSample)
                  0000c2ae    00000060     I2c.obj (.text:I2c_TransmitStart)
                  0000c30e    0000005e     DataBuffer.obj (.text:DataBuffer_AddToSubarray8Bit)
                  0000c36c    0000005e     Gyroscope.obj (.text:_GyroReadMultipleRegisters)
                  0000c3ca    0000005e     TestProtocol.obj (.text:_HandleHumanBarCommand)
                  0000c428    0000005c     AdcManager.obj (.text:AdcManager_PoweredChannelControl)
                  0000c484    0000005c     Encoder.obj (.text:_Encoder_AddSample)
                  0000c4e0    0000005a     AdcManager.obj (.text:AdcManager_SingleSampleBlocking)
                  0000c53a    00000058     Adc.obj (.text:Adc_Config)
                  0000c592    00000058     Barometer.obj (.text:_BarReadMultipleRegisters)
                  0000c5ea    00000058     TestProtocol.obj (.text:_SendAckHuman)
                  0000c642    00000058     rts430x_sc_sd_eabi.lib : div32u.obj (.text)
                  0000c69a    00000056     Gpio.obj (.text:Gpio_RegisterIsr)
                  0000c6f0    00000056     SelfTest.obj (.text:SelfTest_Start)
                  0000c746    00000056     Uart.obj (.text:Uart_WriteByteArray)
                  0000c79c    00000056     rts430x_sc_sd_eabi.lib : snprintf.obj (.text:snprintf)
                  0000c7f2    00000054     LedControl.obj (.text:_Led_ProcessStates)
                  0000c846    00000052     I2c.obj (.text:I2c_Open)
                  0000c898    00000052     rts430x_sc_sd_eabi.lib : atoi.obj (.text:atoi)
                  0000c8ea    00000050     Version.obj (.text:UserFirmwareVersionString)
                  0000c93a    00000050     TimerTick.obj (.text:_TimerA1CC0Isr)
                  0000c98a    0000004e     CommProtocol.obj (.text:CommProtocol_TxHandler)
                  0000c9d8    0000004e     TimerTick.obj (.text:TimerTick_CancelTimeout)
                  0000ca26    0000004e     TimerTick.obj (.text:TimerTick_ProcessTimeouts)
                  0000ca74    0000004c     AdcManager.obj (.text:AdcManager_ProcessConversion)
                  0000cac0    0000004c     Serial.obj (.text:Serial_SendPacket)
                  0000cb0c    0000004c     Adc.obj (.text:_AdcIsr)
                  0000cb58    0000004c     Encoder.obj (.text:_TimerA2CCxIsr)
                  0000cba4    0000004a     rts430x_sc_sd_eabi.lib : strtok.obj (.text:strtok)
                  0000cbee    00000048     Magnetometer.obj (.text:Magnetometer_Init)
                  0000cc36    00000046     CommProtocol.obj (.text:CommProtocol_HandleStopDataPacket)
                  0000cc7c    00000046     Serial.obj (.text:Serial_SendString)
                  0000ccc2    00000044     Adc.obj (.text:Adc_GetTempCalib)
                  0000cd06    00000044     Adc.obj (.text:Adc_SingleConversionSequenceBlocking)
                  0000cd4a    00000044     Dac.obj (.text:DacSetVoltage)
                  0000cd8e    00000044     I2c.obj (.text:I2c_TransmitByte)
                  0000cdd2    00000044     rts430x_sc_sd_eabi.lib : _printfi_nf.obj (.text:_pproc_fflags)
                  0000ce16    00000042     EventQueue.obj (.text:EventQueue_Add)
                  0000ce58    00000042     Ecg6ChanControl.obj (.text:_Ecg1DataCallback)
                  0000ce9a    00000042     Ecg6ChanControl.obj (.text:_Ecg2DataCallback)
                  0000cedc    00000042     Ecg6ChanControl.obj (.text:_Ecg3DataCallback)
                  0000cf1e    00000042     Ecg6ChanControl.obj (.text:_Ecg4DataCallback)
                  0000cf60    00000042     Ecg6ChanControl.obj (.text:_Ecg5DataCallback)
                  0000cfa2    00000042     Ecg6ChanControl.obj (.text:_Ecg6DataCallback)
                  0000cfe4    00000040     Accelerometer.obj (.text:Accelerometer_TriggerSampleBlocking)
                  0000d024    00000040     CommProtocol.obj (.text:CommProtocol_HandleStartDataPacket)
                  0000d064    00000040     Accelerometer.obj (.text:_AccReadSingleRegister)
                  0000d0a4    00000040     TestProtocol.obj (.text:_HandleHumanDacCommand)
                  0000d0e4    00000040     Magnetometer.obj (.text:_ReadSingleRegister)
                  0000d124    0000003e     Gpio.obj (.text:Gpio_ConfigurePortU)
                  0000d162    0000003e     SpiSlave.obj (.text:SpiSlave_LoadPacket)
                  0000d1a0    0000003e     EcgControl.obj (.text:_Ecg1DataCallback)
                  0000d1de    0000003e     EcgControl.obj (.text:_Ecg3DataCallback)
                  0000d21c    0000003e     AdcManager.obj (.text:_GetSamplesToSkip)
                  0000d25a    0000003e     Encoder.obj (.text:_TimerA2CC0Isr)
                  0000d298    0000003c     Accelerometer.obj (.text:Accelerometer_Init)
                  0000d2d4    0000003c     Accelerometer.obj (.text:Accelerometer_Stop)
                  0000d310    0000003c     Gyroscope.obj (.text:Gyroscope_Init)
                  0000d34c    0000003c     SelfTest.obj (.text:_TotalTestState)
                  0000d388    0000003c     ThermometerControl.obj (.text:_thermometerDataCallBack)
                  0000d3c4    0000003a     Gpio.obj (.text:Gpio_ConfigurePortJ)
                  0000d3fe    0000003a     Dma.obj (.text:_DmaIsr)
                  0000d438    0000003a     EcgControl.obj (.text:_Ecg2DataCallback)
                  0000d472    0000003a     rts430x_sc_sd_eabi.lib : lsl64.obj (.text:__mspabi_sllll)
                  0000d4ac    0000003a                            : lsr64.obj (.text:__mspabi_srlll)
                  0000d4e6    00000038     Barometer.obj (.text:Barometer_TriggerSampleBlocking)
                  0000d51e    00000038     Gyroscope.obj (.text:_GyroReadSingleRegister)
                  0000d556    00000038     Uart.obj (.text:_HandleUartTransmitInterrupt)
                  0000d58e    00000038     DataBuffer.obj (.text:_InitializeData)
                  0000d5c6    00000036     ConfigurationManager.obj (.text:ConMan_GetCalibration)
                  0000d5fc    00000036     Magnetometer.obj (.text:Magnetometer_Stop)
                  0000d632    00000036     Serial.obj (.text:Serial_Open)
                  0000d668    00000036     TimerTick.obj (.text:TimerTick_Init)
                  0000d69e    00000036     Uart.obj (.text:Uart_WriteByte)
                  0000d6d4    00000036     DataBuffer.obj (.text:_IndexOfSubarrayId)
                  0000d70a    00000034     Gyroscope.obj (.text:Gyroscope_Start)
                  0000d73e    00000034     PushButtonControl.obj (.text:PushButtonControl_Init)
                  0000d772    00000034     ConfigurationManager.obj (.text:_ConMan_AllocateBuffer)
                  0000d7a6    00000032     ThermometerControl.obj (.text:ThermometerControl_ReadCalibration)
                  0000d7d8    00000032     TimerTick.obj (.text:TimerTick_RegisterTickIsr)
                  0000d80a    00000032     Uart.obj (.text:_UartA0Isr)
                  0000d83c    00000032     Uart.obj (.text:_UartA1Isr)
                  0000d86e    00000032     rts430x_sc_sd_eabi.lib : snprintf.obj (.text:_outs)
                  0000d8a0    00000030     BatteryControl.obj (.text:BatteryControl_ReadCalibration)
                  0000d8d0    00000030     Board.obj (.text:Board_Init)
                  0000d900    00000030     EventQueue.obj (.text:EventQueue_Init)
                  0000d930    00000030     EventQueue.obj (.text:EventQueue_IsEmpty)
                  0000d960    00000030     Pwm.obj (.text:Pwm_SetDuty)
                  0000d990    00000030     SpiSlave.obj (.text:SpiSlave_ReadPacket)
                  0000d9c0    00000030     Uart.obj (.text:Uart_ReadByte)
                  0000d9f0    0000002e     Encoder.obj (.text:Encoder_Start)
                  0000da1e    0000002c     DataBuffer.obj (.text:DataBuffer_RotateBuffer)
                  0000da4a    0000002c     Dma.obj (.text:Dma_Arm)
                  0000da76    0000002c     Encoder.obj (.text:Encoder_Init)
                  0000daa2    0000002c     GyroscopeControl.obj (.text:GyroControl_ReadGyro)
                  0000dace    0000002c     I2c.obj (.text:I2c_ReceiveByte)
                  0000dafa    0000002c     Barometer.obj (.text:_BarWriteRegister)
                  0000db26    0000002c     Conversion.obj (.text:_CheckForOverflowUnsigned)
                  0000db52    0000002c     Gyroscope.obj (.text:_GyroWriteRegister)
                  0000db7e    0000002c     Uart.obj (.text:_HandleUartReceiveInterrupt)
                  0000dbaa    0000002c     SelfTest.obj (.text:_TestAnalogInput)
                  0000dbd6    0000002a     AccelerometerControl.obj (.text:AccControl_ReadAcc)
                  0000dc00    0000002a     DataBuffer.obj (.text:DataBuffer_ClearSubarrays)
                  0000dc2a    0000002a     Gyroscope.obj (.text:Gyroscope_ReadSampleArray)
                  0000dc54    0000002a     I2c.obj (.text:I2c_WaitUntilBusIdle)
                  0000dc7e    0000002a     MagnetometerControl.obj (.text:MagControl_ReadMag)
                  0000dca8    0000002a     SpiMaster.obj (.text:Spi_ReadRegister)
                  0000dcd2    00000028     Pwm.obj (.text:_DutyToCount)
                  0000dcfa    00000028     rts430x_sc_sd_eabi.lib : strcspn.obj (.text:strcspn)
                  0000dd22    00000028                            : strspn.obj (.text:strspn)
                  0000dd4a    00000026     Pwm.obj (.text:Pwm_Init)
                  0000dd70    00000026     Uart.obj (.text:Uart_AreBytesAvailableAnyOpenPort)
                  0000dd96    00000024     Accelerometer.obj (.text:Accelerometer_ReadSampleArray)
                  0000ddba    00000024     ConfigurationManager.obj (.text:ConMan_SetFixedConfig)
                  0000ddde    00000024     Gpio.obj (.text:Gpio_EnableResistor)
                  0000de02    00000024     Magnetometer.obj (.text:Magnetometer_ReadSampleArray)
                  0000de26    00000024     Serial.obj (.text:Serial_GetPacket)
                  0000de4a    00000024     Serial.obj (.text:Serial_Init)
                  0000de6e    00000024     AdcManager.obj (.text:_AllChannelsDisabled)
                  0000de92    00000024     Adc.obj (.text:_MoveSamplesToUserLocation)
                  0000deb6    00000024     CommProtocol.obj (.text:_WriteMessageData)
                  0000deda    00000022     Encoder.obj (.text:_Encoder_ClearBuffer)
                  0000defc    00000020     Encoder.obj (.text:Encoder_Stop)
                  0000df1c    00000020     SpiMaster.obj (.text:Spi_WriteRegister)
                  0000df3c    00000020     UiManager.obj (.text:UiManager_StopSequence)
                  0000df5c    00000020     Pwm.obj (.text:_AnyChannelsEnabled)
                  0000df7c    0000001e     DataBuffer.obj (.text:DataBuffer_GetIdleBuffer)
                  0000df9a    0000001e     System.obj (.text:System_Init)
                  0000dfb8    0000001e     rts430x_sc_sd_eabi.lib : snprintf.obj (.text:_outc)
                  0000dfd6    0000001c     SelfTest.obj (.text:_AllTestsInState)
                  0000dff2    0000001c     Header1Control.obj (.text:_Header1Control_SetPinOutput)
                  0000e00e    0000001c     Header2Control.obj (.text:_Header2Control_SetPinOutput)
                  0000e02a    0000001c     Header3Control.obj (.text:_Header3Control_SetPinOutput)
                  0000e046    0000001c     Header6Control.obj (.text:_Header6Control_SetPinOutput)
                  0000e062    0000001a     Dma.obj (.text:Dma_Enable)
                  0000e07c    0000001a     PushButtonControl.obj (.text:PushButtonControl_isButtonPressed)
                  0000e096    0000001a     System.obj (.text:System_ConvertResetReasonToString)
                  0000e0b0    0000001a     rts430x_sc_sd_eabi.lib : boot_special.obj (.text:_c_int00_noargs_noexit)
                  0000e0ca    0000001a                            : memccpy.obj (.text:memccpy)
                  0000e0e4    00000018     Uart.obj (.text:Uart_EnableReceive)
                  0000e0fc    00000018     rts430x_sc_sd_eabi.lib : mult1632_f5hw.obj (.text:__mpyul)
                  0000e114    00000016     Barometer.obj (.text:Barometer_ReadSampleArray)
                  0000e12a    00000016     Gyroscope.obj (.text:Gyroscope_Stop)
                  0000e140    00000016     SpiSlave.obj (.text:SpiSlave_FlushRead)
                  0000e156    00000016     SpiSlave.obj (.text:SpiSlave_UnloadPacket)
                  0000e16c    00000016     SpiMaster.obj (.text:Spi_WriteByte)
                  0000e182    00000016     AmbientLightControl.obj (.text:_AmbientLightDataCallback)
                  0000e198    00000016     Analog7Control.obj (.text:_Analog7DataCallback)
                  0000e1ae    00000016     Analog8Control.obj (.text:_Analog8DataCallback)
                  0000e1c4    00000016     Analog9Control.obj (.text:_Analog9DataCallback)
                  0000e1da    00000016     BatteryControl.obj (.text:_BatteryVoltageDataCallback)
                  0000e1f0    00000016     HighGainControl.obj (.text:_HighGainDataCallback)
                  0000e206    00000016     MicrophoneControl.obj (.text:_MicrophoneDataCallback)
                  0000e21c    00000016     rts430x_sc_sd_eabi.lib : div16u.obj (.text)
                  0000e232    00000014     Barometer.obj (.text:Barometer_ReadCoeffArray)
                  0000e246    00000014     Gpio.obj (.text:Gpio_GetValue)
                  0000e25a    00000014     KeyValue.obj (.text:KeyValue_Separate)
                  0000e26e    00000014     Timer.obj (.text:Timer_A0CCX_Configure)
                  0000e282    00000014     Timer.obj (.text:Timer_A2CCX_Configure)
                  0000e296    00000014     Timer.obj (.text:Timer_B0CCX_Configure)
                  0000e2aa    00000014     Uart.obj (.text:Uart_AreBytesAvailable)
                  0000e2be    00000014     ForceGaugeControl.obj (.text:_ForceGaugeDataCallback)
                  0000e2d2    00000014     StateMachine.obj (.text:_HandlePowerOffRequest)
                  0000e2e6    00000014     rts430x_sc_sd_eabi.lib : copy_zero_init.obj (.text:decompress:ZI:__TI_zero_init)
                  0000e2fa    00000014                            : memset.obj (.text:memset)
                  0000e30e    00000014                            : mult16_f5hw.obj (.text)
                  0000e322    00000012     AccelerometerControl.obj (.text:AccControl_Init)
                  0000e334    00000012     Adc.obj (.text:Adc_StartConversionSequenceOfChannels)
                  0000e346    00000012     DataBuffer.obj (.text:DataBuffer_Init)
                  0000e358    00000012     Gpio.obj (.text:Gpio_ClearPortU)
                  0000e36a    00000012     Gpio.obj (.text:Gpio_GetValuePortU)
                  0000e37c    00000012     Gpio.obj (.text:Gpio_SetPortU)
                  0000e38e    00000012     GyroscopeControl.obj (.text:GyroControl_Init)
                  0000e3a0    00000012     Interrupt.obj (.text:Interrupt_Lock)
                  0000e3b2    00000012     MagnetometerControl.obj (.text:MagControl_Init)
                  0000e3c4    00000012     rts430x_sc_sd_eabi.lib : copy_decompress_none.obj (.text:decompress:none:__TI_decompress_none)
                  0000e3d6    00000012                            : memcpy.obj (.text:memcpy)
                  0000e3e8    00000010     Barometer.obj (.text:Barometer_StartSampleConversion)
                  0000e3f8    00000010     Dma.obj (.text:Dma_RegisterIsr)
                  0000e408    00000010     Pwm.obj (.text:Pwm_GetDuty)
                  0000e418    00000010     Accelerometer.obj (.text:_HandleDataReadyInterrupt)
                  0000e428    00000010     Gyroscope.obj (.text:_HandleDataReadyInterrupt)
                  0000e438    00000010     Magnetometer.obj (.text:_HandleDataReadyInterrupt)
                  0000e448    00000010     rts430x_sc_sd_eabi.lib : lsr32.obj (.text:l_lsr)
                  0000e458    0000000e     Buzzer.obj (.text:Buzzer_Enable)
                  0000e466    0000000e     CommProtocol.obj (.text:CommProtocol_GetRfStatus)
                  0000e474    0000000e     Dma.obj (.text:Dma_Disable)
                  0000e482    0000000e     Gpio.obj (.text:Gpio_Clear)
                  0000e490    0000000e     Gpio.obj (.text:Gpio_GetValuePortJ)
                  0000e49e    0000000e     LedControl.obj (.text:LedControl_Init)
                  0000e4ac    0000000e     SpiSlave.obj (.text:_HandleDmaRxIsr)
                  0000e4ba    0000000e     SpiSlave.obj (.text:_HandleDmaTxIsr)
                  0000e4c8    0000000e     UiManager.obj (.text:_UiTickCallBack)
                  0000e4d6    0000000e     rts430x_sc_sd_eabi.lib : strlen.obj (.text:strlen)
                  0000e4e4    0000000c     Adc.obj (.text:Adc_StopConversion)
                  0000e4f0    0000000c     Dma.obj (.text:Dma_DisableIsr)
                  0000e4fc    0000000c     Dma.obj (.text:Dma_EnableIsr)
                  0000e508    0000000c     Gpio.obj (.text:Gpio_Set)
                  0000e514    0000000c     Interrupt.obj (.text:Interrupt_Unlock)
                  0000e520    0000000c     Ultrasound.obj (.text:_RxEnable)
                  0000e52c    0000000a     Adc.obj (.text:Adc_GetNumberOfConversions)
                  0000e536    0000000a     BarometerControl.obj (.text:BarometerControl_Init)
                  0000e540    0000000a     Dma.obj (.text:Dma_Init)
                  0000e54a    0000000a     EncoderControl.obj (.text:EncControl_Init)
                  0000e554    0000000a     TimerTick.obj (.text:TimerTick_CancelTimeoutFromCallback)
                  0000e55e    0000000a     TimerTick.obj (.text:TimerTick_IsTimerActive)
                  0000e568    0000000a     Version.obj (.text:WaferId)
                  0000e572    0000000a     AccelerometerControl.obj (.text:_AccDataReadyIsr)
                  0000e57c    0000000a     Main.obj (.text:_ClearStartup)
                  0000e586    0000000a     GyroscopeControl.obj (.text:_GyroDataReadyIsr)
                  0000e590    0000000a     StateMachine.obj (.text:_UnlatchPower)
                  0000e59a    0000000a     Main.obj (.text:_system_pre_init)
                  0000e5a4    0000000a     rts430x_sc_sd_eabi.lib : lsl16.obj (.text)
                  0000e5ae    00000008     BatteryControl.obj (.text:BatteryControl_GetCounts)
                  0000e5b6    00000008     Buzzer.obj (.text:Buzzer_SetDuty)
                  0000e5be    00000008     LedControl.obj (.text:LedControl_SetLed)
                  0000e5c6    00000008     TimerTick.obj (.text:TimerTick_EnableTickIsr)
                  0000e5ce    00000008     Uart.obj (.text:Uart_IsPortOpen)
                  0000e5d6    00000008     TestProtocol.obj (.text:_HandleHumanAdcCommand)
                  0000e5de    00000008     TestProtocol.obj (.text:_HandleHumanStopCommand)
                  0000e5e6    00000008     TestProtocol.obj (.text:_HandleHumanUsGoCommand)
                  0000e5ee    00000008     MagnetometerControl.obj (.text:_MagDataReadyIsr)
                  0000e5f6    00000006     Accelerometer.obj (.text:Accelerometer_RegisterIsr)
                  0000e5fc    00000006     Adc.obj (.text:Adc_GetGainFactor)
                  0000e602    00000006     Adc.obj (.text:Adc_GetOffset)
                  0000e608    00000006     AmbientLightControl.obj (.text:AmbientLightControl_Init)
                  0000e60e    00000006     Analog7Control.obj (.text:Analog7Control_Init)
                  0000e614    00000006     Analog8Control.obj (.text:Analog8Control_Init)
                  0000e61a    00000006     Analog9Control.obj (.text:Analog9Control_Init)
                  0000e620    00000006     BarometerControl.obj (.text:BarometerControl_ReadCalibration)
                  0000e626    00000006     BatteryControl.obj (.text:BatteryControl_Init)
                  0000e62c    00000006     Buzzer.obj (.text:Buzzer_Disable)
                  0000e632    00000006     ConfigurationManager.obj (.text:ConMan_GetFixedConfig)
                  0000e638    00000006     Version.obj (.text:DeviceId)
                  0000e63e    00000006     DigitalInputControl.obj (.text:DigitalInputControl_Init)
                  0000e644    00000006     Ecg6ChanControl.obj (.text:Ecg6Control_Init)
                  0000e64a    00000006     EcgControl.obj (.text:EcgControl_Init)
                  0000e650    00000006     ForceGaugeControl.obj (.text:FgControl_Init)
                  0000e656    00000006     Version.obj (.text:FirmwareRevisionMicro)
                  0000e65c    00000006     Gyroscope.obj (.text:Gyroscope_RegisterIsr)
                  0000e662    00000006     Version.obj (.text:HardwareRevisionMicro)
                  0000e668    00000006     HighGainControl.obj (.text:HighGainControl_Init)
                  0000e66e    00000006     Magnetometer.obj (.text:Magnetometer_RegisterIsr)
                  0000e674    00000006     MicrophoneControl.obj (.text:MicrophoneControl_Init)
                  0000e67a    00000006     System.obj (.text:System_GetResetReason)
                  0000e680    00000006     System.obj (.text:System_PowerOff)
                  0000e686    00000006     TestProtocol.obj (.text:TestProtocol_Init)
                  0000e68c    00000006     ThermometerControl.obj (.text:ThermometerControl_Init)
                  0000e692    00000006     rts430x_sc_sd_eabi.lib : copy_decompress_rle.obj (.text:decompress:rle24:__TI_decompress_rle24)
                  0000e698    00000004     Buzzer.obj (.text:Buzzer_SetFrequency)
                  0000e69c    00000004     Conversion.obj (.text:Conversion_SwapBytes)
                  0000e6a0    00000004     rts430x_sc_sd_eabi.lib : exit.obj (.text:abort)
                  0000e6a4    00000002     Barometer.obj (.text:Barometer_Init)
                  0000e6a6    00000002     Dac.obj (.text:DacInit)
                  0000e6a8    00000002     Header1Control.obj (.text:Header1Control_Init)
                  0000e6aa    00000002     Header2Control.obj (.text:Header2Control_Init)
                  0000e6ac    00000002     Header3Control.obj (.text:Header3Control_Init)
                  0000e6ae    00000002     Header4Control.obj (.text:Header4Control_Init)
                  0000e6b0    00000002     Header6Control.obj (.text:Header6Control_Init)
                  0000e6b2    00000002     UiManager.obj (.text:UiManager_Init)
                  0000e6b4    00000002     Accelerometer.obj (.text:_HandleOtherInterrupt)
                  0000e6b6    00000002     Gyroscope.obj (.text:_HandleOtherInterrupt)

RTC        0    0000ffd2    00000002     
                  0000ffd2    00000002     rts430x_sc_sd_eabi.lib : int41.obj (.int41)

PORT2      0    0000ffd4    00000002     
                  0000ffd4    00000002     Gpio.obj (.int42)

TIMER2_A1 
*          0    0000ffd6    00000002     
                  0000ffd6    00000002     Encoder.obj (.int43)

TIMER2_A0 
*          0    0000ffd8    00000002     
                  0000ffd8    00000002     Encoder.obj (.int44)

USCI_B1    0    0000ffda    00000002     
                  0000ffda    00000002     rts430x_sc_sd_eabi.lib : int45.obj (.int45)

USCI_A1    0    0000ffdc    00000002     
                  0000ffdc    00000002     Uart.obj (.int46)

PORT1      0    0000ffde    00000002     
                  0000ffde    00000002     Gpio.obj (.int47)

TIMER1_A1 
*          0    0000ffe0    00000002     
                  0000ffe0    00000002     rts430x_sc_sd_eabi.lib : int48.obj (.int48)

TIMER1_A0 
*          0    0000ffe2    00000002     
                  0000ffe2    00000002     TimerTick.obj (.int49)

DMA        0    0000ffe4    00000002     
                  0000ffe4    00000002     Dma.obj (.int50)

LDO_PWR    0    0000ffe6    00000002     
                  0000ffe6    00000002     rts430x_sc_sd_eabi.lib : int51.obj (.int51)

TIMER0_A1 
*          0    0000ffe8    00000002     
                  0000ffe8    00000002     rts430x_sc_sd_eabi.lib : int52.obj (.int52)

TIMER0_A0 
*          0    0000ffea    00000002     
                  0000ffea    00000002     rts430x_sc_sd_eabi.lib : int53.obj (.int53)

ADC12      0    0000ffec    00000002     
                  0000ffec    00000002     Adc.obj (.int54)

USCI_B0    0    0000ffee    00000002     
                  0000ffee    00000002     rts430x_sc_sd_eabi.lib : int55.obj (.int55)

USCI_A0    0    0000fff0    00000002     
                  0000fff0    00000002     Uart.obj (.int56)

WDT        0    0000fff2    00000002     
                  0000fff2    00000002     rts430x_sc_sd_eabi.lib : int57.obj (.int57)

TIMER0_B1 
*          0    0000fff4    00000002     
                  0000fff4    00000002     rts430x_sc_sd_eabi.lib : int58.obj (.int58)

TIMER0_B0 
*          0    0000fff6    00000002     
                  0000fff6    00000002     rts430x_sc_sd_eabi.lib : int59.obj (.int59)

COMP_B     0    0000fff8    00000002     
                  0000fff8    00000002     rts430x_sc_sd_eabi.lib : int60.obj (.int60)

UNMI       0    0000fffa    00000002     
                  0000fffa    00000002     rts430x_sc_sd_eabi.lib : int61.obj (.int61)

SYSNMI     0    0000fffc    00000002     
                  0000fffc    00000002     rts430x_sc_sd_eabi.lib : int62.obj (.int62)

.reset     0    0000fffe    00000002     
                  0000fffe    00000002     rts430x_sc_sd_eabi.lib : boot.obj (.reset)


LINKER GENERATED COPY TABLES

__TI_cinit_table @ 0000ff70 records: 2, size/record: 4, table size: 8
	.data: load addr=0000fdf8, load size=0000016d bytes, run addr=00002394, run size=0000053c bytes, compression=rle
	.bss: load addr=0000ff6c, load size=00000004 bytes, run addr=00001c00, run size=00000794 bytes, compression=zero_init


LINKER GENERATED HANDLER TABLE

__TI_handler_table @ 0000ff66 records: 3, size/record: 2, table size: 6
	index: 0, handler: __TI_zero_init
	index: 1, handler: __TI_decompress_rle24
	index: 2, handler: __TI_decompress_none


GLOBAL SYMBOLS: SORTED ALPHABETICALLY BY Name 

address   name                                 
-------   ----                                 
00000700  ADC12CTL0                            
00000701  ADC12CTL0_H                          
00000700  ADC12CTL0_L                          
00000702  ADC12CTL1                            
00000703  ADC12CTL1_H                          
00000702  ADC12CTL1_L                          
00000704  ADC12CTL2                            
00000705  ADC12CTL2_H                          
00000704  ADC12CTL2_L                          
0000070c  ADC12IE                              
0000070d  ADC12IE_H                            
0000070c  ADC12IE_L                            
0000070a  ADC12IFG                             
0000070b  ADC12IFG_H                           
0000070a  ADC12IFG_L                           
0000070e  ADC12IV                              
0000070f  ADC12IV_H                            
0000070e  ADC12IV_L                            
00000710  ADC12MCTL0                           
00000711  ADC12MCTL1                           
0000071a  ADC12MCTL10                          
0000071b  ADC12MCTL11                          
0000071c  ADC12MCTL12                          
0000071d  ADC12MCTL13                          
0000071e  ADC12MCTL14                          
0000071f  ADC12MCTL15                          
00000712  ADC12MCTL2                           
00000713  ADC12MCTL3                           
00000714  ADC12MCTL4                           
00000715  ADC12MCTL5                           
00000716  ADC12MCTL6                           
00000717  ADC12MCTL7                           
00000718  ADC12MCTL8                           
00000719  ADC12MCTL9                           
00000720  ADC12MEM0                            
00000721  ADC12MEM0_H                          
00000720  ADC12MEM0_L                          
00000722  ADC12MEM1                            
00000734  ADC12MEM10                           
00000735  ADC12MEM10_H                         
00000734  ADC12MEM10_L                         
00000736  ADC12MEM11                           
00000737  ADC12MEM11_H                         
00000736  ADC12MEM11_L                         
00000738  ADC12MEM12                           
00000739  ADC12MEM12_H                         
00000738  ADC12MEM12_L                         
0000073a  ADC12MEM13                           
0000073b  ADC12MEM13_H                         
0000073a  ADC12MEM13_L                         
0000073c  ADC12MEM14                           
0000073d  ADC12MEM14_H                         
0000073c  ADC12MEM14_L                         
0000073e  ADC12MEM15                           
0000073f  ADC12MEM15_H                         
0000073e  ADC12MEM15_L                         
00000723  ADC12MEM1_H                          
00000722  ADC12MEM1_L                          
00000724  ADC12MEM2                            
00000725  ADC12MEM2_H                          
00000724  ADC12MEM2_L                          
00000726  ADC12MEM3                            
00000727  ADC12MEM3_H                          
00000726  ADC12MEM3_L                          
00000728  ADC12MEM4                            
00000729  ADC12MEM4_H                          
00000728  ADC12MEM4_L                          
0000072a  ADC12MEM5                            
0000072b  ADC12MEM5_H                          
0000072a  ADC12MEM5_L                          
0000072c  ADC12MEM6                            
0000072d  ADC12MEM6_H                          
0000072c  ADC12MEM6_L                          
0000072e  ADC12MEM7                            
0000072f  ADC12MEM7_H                          
0000072e  ADC12MEM7_L                          
00000730  ADC12MEM8                            
00000731  ADC12MEM8_H                          
00000730  ADC12MEM8_L                          
00000732  ADC12MEM9                            
00000733  ADC12MEM9_H                          
00000732  ADC12MEM9_L                          
0000e322  AccControl_Init                      
0000dbd6  AccControl_ReadAcc                   
0000923e  AccControl_SetConfig                 
000067c4  Accelerometer_Config                 
0000d298  Accelerometer_Init                   
0000bc7e  Accelerometer_ReadSample             
0000dd96  Accelerometer_ReadSampleArray        
0000e5f6  Accelerometer_RegisterIsr            
0000b77a  Accelerometer_Start                  
0000d2d4  Accelerometer_Stop                   
0000cfe4  Accelerometer_TriggerSampleBlocking  
0000a1aa  AdcManager_DisableChannel            
00006582  AdcManager_EnableChannel             
0000e5fc  AdcManager_GetGainFactor             
0000e602  AdcManager_GetOffset                 
[...]
0000071f  ADC12MCTL15                          
00000720  ADC12MEM0                            
00000720  ADC12MEM0_L                          
00000721  ADC12MEM0_H                          
00000722  ADC12MEM1                            
00000722  ADC12MEM1_L                          
00000723  ADC12MEM1_H                          
00000724  ADC12MEM2                            
00000724  ADC12MEM2_L                          
00000725  ADC12MEM2_H                          
00000726  ADC12MEM3                            
00000726  ADC12MEM3_L                          
00000727  ADC12MEM3_H                          
00000728  ADC12MEM4                            
00000728  ADC12MEM4_L                          
00000729  ADC12MEM4_H                          
0000072a  ADC12MEM5                            
0000072a  ADC12MEM5_L                          
0000072b  ADC12MEM5_H                          
0000072c  ADC12MEM6                            
0000072c  ADC12MEM6_L                          
0000072d  ADC12MEM6_H                          
0000072e  ADC12MEM7                            
0000072e  ADC12MEM7_L                          
0000072f  ADC12MEM7_H                          
00000730  ADC12MEM8                            
00000730  ADC12MEM8_L                          
00000731  ADC12MEM8_H                          
00000732  ADC12MEM9                            
00000732  ADC12MEM9_L                          
00000733  ADC12MEM9_H                          
00000734  ADC12MEM10                           
00000734  ADC12MEM10_L                         
00000735  ADC12MEM10_H                         
00000736  ADC12MEM11                           
00000736  ADC12MEM11_L                         
00000737  ADC12MEM11_H                         
00000738  ADC12MEM12                           
00000738  ADC12MEM12_L                         
00000739  ADC12MEM12_H                         
0000073a  ADC12MEM13                           
0000073a  ADC12MEM13_L                         
0000073b  ADC12MEM13_H                         
0000073c  ADC12MEM14                           
0000073c  ADC12MEM14_L                         
0000073d  ADC12MEM14_H                         
0000073e  ADC12MEM15                           
0000073e  ADC12MEM15_L                         
0000073f  ADC12MEM15_H                         
000008c0  CBCTL0                               
000008c0  CBCTL0_L                             
000008c1  CBCTL0_H                             
000008c2  CBCTL1                               
000008c2  CBCTL1_L                             
000008c3  CBCTL1_H                             
000008c4  CBCTL2                               
000008c4  CBCTL2_L                             
000008c5  CBCTL2_H                             
000008c6  CBCTL3                               
000008c6  CBCTL3_L                             
000008c7  CBCTL3_H                             
000008cc  CBINT                                
000008cc  CBINT_L                              
000008cd  CBINT_H                              
000008ce  CBIV                                 
00000900  LDOKEYPID                            
00000900  LDOKEYPID_L                          
00000901  LDOKEYPID_H                          
00000904  PUCTL                                
00000904  PUCTL_L                              
00000905  PUCTL_H                              
00000908  LDOPWRCTL                            
00000908  LDOPWRCTL_L                          
00000909  LDOPWRCTL_H                          
00002380  _tickHandle                          
000026fa  _activeSequence                      
0000287e  _dacMode                             
00002880  _dacAmplitude                        
00002882  _initialized                         
00004338  _stack                               
00004400  __STACK_END                          
00004400  __TI_ISR_TRAP                        
00004406  Ecg6Control_SetConfig                
00004902  Gpio_Init                            
00004d18  SelfTest_Process                     
000050b2  __mspabi_divull                      
0000544c  ConMan_StartData                     
000057e4  CommProtocol_RxHandler               
00005ae2  EcgControl_SetConfig                 
00006064  ConMan_StopData                      
00006314  ThermometerControl_SetConfig         
00006582  AdcManager_EnableChannel             
000067c4  Accelerometer_Config                 
00006ba6  ConMan_GetPacketConfig               
00006d72  __TI_printfi_nofloat                 
0000726a  Analog7Control_SetConfig             
000073ee  Analog8Control_SetConfig             
00007572  Analog9Control_SetConfig             
0000785a  Uart_Init                            
00007b0a  DigitalInputControl_SetConfig        
00007c4e  Magnetometer_Config                  
00008262  AmbientLightControl_SetConfig        
00008384  BatteryControl_SetConfig             
000084a6  ConMan_SetSensorConfig               
000085c8  HighGainControl_SetConfig            
000086ea  MicrophoneControl_SetConfig          
0000880c  DataBuffer_CreateSubarray            
0000891e  FgControl_SetConfig                  
00008a2a  Pwm_Enable                           
00008c42  BuzzerControl_SetConfig              
00008e54  Header4Control_SetConfig             
00008f56  Header5Control_SetConfig             
0000914c  BarometerControl_SetConfig           
0000923e  AccControl_SetConfig                 
00009324  main                                 
000093fe  Pwm_Disable                          
000095a6  Adc_Init                             
00009672  Magnetometer_TriggerSampleBlocking   
000098ca  Serial_SendString3Numbers            
00009bc8  MagControl_SetConfig                 
00009c7a  Serial_ProcessReceivedBytes          
00009d2c  Adc_SetChannelSequence               
00009dd8  StateMachine_ProcessEvents           
00009e82  Conversion_HexStringToUint           
00009f24  EncControl_SetConfig                 
00009fc6  Header1Control_SetConfig             
0000a068  Header2Control_SetConfig             
0000a1aa  AdcManager_DisableChannel            
0000a246  Header3Control_SetConfig             
0000a2e2  Header6Control_SetConfig             
0000a4b4  UiManager_PlaySequence               
0000a5e0  BarometerControl_ReadBar             
0000a674  Timer_A0_Configure                   
0000a708  Timer_A1_Configure                   
0000a79c  Timer_A2_Configure                   
0000a830  I2c_Init                             
0000a8c2  Timer_B0_Configure                   
0000a9e6  ConMan_SetOutputConfig               
0000aa72  GyroControl_SetConfig                
0000aafe  Gyroscope_Config                     
0000ab8a  Pmm_Init                             
0000aca2  Uart_WriteByteHex                    
0000ae40  Gpio_Configure                       
0000aec8  TestProtocol_HandleReceivedPacket    
0000afd8  DacControl_SetConfig                 
0000b05a  SpiSlave_Init                        
0000b0dc  _GpioPortOneIsr                      
0000b15e  _GpioPortTwoIsr                      
0000b262  Adc_ApplyCorrection                  
0000b2e0  Clock_Init                           
0000b35e  Adc_ConvertValueToTemp               
0000b3da  EventQueue_GetNext                   
0000b456  AdcManager_Init                      
0000b54a  EncControl_ReadEnc                   
0000b5be  DataBuffer_AddToSubarray16Bit        
0000b62e  Dma_Configure                        
0000b69e  ConMan_Init                          
0000b70c  I2c_ReceiveByteEnd                   
0000b77a  Accelerometer_Start                  
0000b7e6  I2c_TransmitByteEnd                  
0000b852  TimerTick_RequestTimeout             
0000b8be  UltrasoundStartTransmit              
0000ba6e  CommProtocol_Init                    
0000bad8  Spi_Init                             
0000bb42  Uart_Open                            
0000bc16  _auto_init_hold_wdt                  
0000bc7e  Accelerometer_ReadSample             
0000bce4  Barometer_ReadCoefficients           
0000bd4a  Serial_SendStringNumber              
0000be16  Encoder_Read                         
0000be7a  Magnetometer_Start                   
0000bede  Pwm_SetFrequency                     
0000c1ee  Barometer_ReadSample                 
0000c24e  Gyroscope_ReadSample                 
0000c2ae  I2c_TransmitStart                    
0000c30e  DataBuffer_AddToSubarray8Bit         
0000c36c  _GyroReadMultipleRegisters           
0000c428  AdcManager_PoweredChannelControl     
0000c4e0  AdcManager_SingleSampleBlocking      
0000c53a  Adc_Config                           
0000c592  _BarReadMultipleRegisters            
0000c642  __mspabi_divul                       
0000c642  __mspabi_remul                       
0000c69a  Gpio_RegisterIsr                     
0000c6f0  SelfTest_Start                       
0000c746  Uart_WriteByteArray                  
0000c79c  snprintf                             
0000c846  I2c_Open                             
0000c898  atoi                                 
0000c8ea  UserFirmwareVersionString            
0000c93a  _TimerA1CC0Isr                       
0000c98a  CommProtocol_TxHandler               
0000c9d8  TimerTick_CancelTimeout              
0000ca26  TimerTick_ProcessTimeouts            
0000ca74  AdcManager_ProcessConversion         
0000cac0  Serial_SendPacket                    
0000cb0c  _AdcIsr                              
0000cb58  _TimerA2CCxIsr                       
0000cba4  strtok                               
0000cbee  Magnetometer_Init                    
0000cc36  CommProtocol_HandleStopDataPacket    
0000cc7c  Serial_SendString                    
0000ccc2  Adc_GetTempCalib                     
0000cd06  Adc_SingleConversionSequenceBlocking 
0000cd4a  DacSetVoltage                        
0000cd8e  I2c_TransmitByte                     
0000ce16  EventQueue_Add                       
0000cfe4  Accelerometer_TriggerSampleBlocking  
0000d024  CommProtocol_HandleStartDataPacket   
0000d124  Gpio_ConfigurePortU                  
0000d162  SpiSlave_LoadPacket                  
0000d25a  _TimerA2CC0Isr                       
0000d298  Accelerometer_Init                   
0000d2d4  Accelerometer_Stop                   
0000d310  Gyroscope_Init                       
0000d3c4  Gpio_ConfigurePortJ                  
0000d3fe  _DmaIsr                              
0000d472  __mspabi_sllll                       
0000d4ac  __mspabi_srlll                       
0000d4e6  Barometer_TriggerSampleBlocking      
0000d51e  _GyroReadSingleRegister              
0000d5c6  ConMan_GetCalibration                
0000d5fc  Magnetometer_Stop                    
0000d632  Serial_Open                          
0000d668  TimerTick_Init                       
0000d69e  Uart_WriteByte                       
0000d70a  Gyroscope_Start                      
0000d73e  PushButtonControl_Init               
0000d7a6  ThermometerControl_ReadCalibration   
0000d7d8  TimerTick_RegisterTickIsr            
0000d80a  _UartA0Isr                           
0000d83c  _UartA1Isr                           
0000d8a0  BatteryControl_ReadCalibration       
0000d8d0  Board_Init                           
0000d900  EventQueue_Init                      
0000d930  EventQueue_IsEmpty                   
0000d960  Pwm_SetDuty                          
0000d990  SpiSlave_ReadPacket                  
0000d9c0  Uart_ReadByte                        
0000d9f0  Encoder_Start                        
0000da1e  DataBuffer_RotateBuffer              
0000da4a  Dma_Arm                              
0000da76  Encoder_Init                         
0000daa2  GyroControl_ReadGyro                 
0000dace  I2c_ReceiveByte                      
0000dafa  _BarWriteRegister                    
0000db26  _CheckForOverflowUnsigned            
0000db52  _GyroWriteRegister                   
0000dbd6  AccControl_ReadAcc                   
0000dc00  DataBuffer_ClearSubarrays            
0000dc2a  Gyroscope_ReadSampleArray            
0000dc54  I2c_WaitUntilBusIdle                 
0000dc7e  MagControl_ReadMag                   
0000dca8  Spi_ReadRegister                     
0000dcfa  strcspn                              
0000dd22  strspn                               
0000dd4a  BuzzerControl_Init                   
0000dd4a  Header5Control_Init                  
0000dd4a  Pwm_Init                             
0000dd70  Uart_AreBytesAvailableAnyOpenPort    
0000dd96  Accelerometer_ReadSampleArray        
0000ddba  ConMan_SetFixedConfig                
0000ddde  Gpio_EnableResistor                  
0000de02  Magnetometer_ReadSampleArray         
0000de26  Serial_GetPacket                     
0000de4a  Serial_Init                          
0000de92  _MoveSamplesToUserLocation           
0000defc  Encoder_Stop                         
0000df1c  Spi_WriteRegister                    
0000df3c  UiManager_StopSequence               
0000df7c  DataBuffer_GetIdleBuffer             
0000df9a  System_Init                          
0000e062  Dma_Enable                           
0000e07c  PushButtonControl_isButtonPressed    
0000e096  System_ConvertResetReasonToString    
0000e0b0  _c_int00_noargs_noexit               
0000e0ca  memccpy                              
0000e0e4  Uart_EnableReceive                   
0000e0fc  __mspabi_mpyul_f5hw                  
0000e114  Barometer_ReadSampleArray            
0000e12a  Gyroscope_Stop                       
0000e140  SpiSlave_FlushRead                   
0000e156  SpiSlave_UnloadPacket                
0000e16c  Spi_WriteByte                        
0000e21c  __mspabi_divu                        
0000e21c  __mspabi_remu                        
0000e232  Barometer_ReadCoeffArray             
0000e246  Gpio_GetValue                        
0000e25a  KeyValue_Separate                    
0000e26e  Timer_A0CCX_Configure                
0000e282  Timer_A2CCX_Configure                
0000e296  Timer_B0CCX_Configure                
0000e2aa  Uart_AreBytesAvailable               
0000e2e6  __TI_zero_init                       
0000e2fa  memset                               
0000e30e  __mspabi_mpyi_f5hw                   
0000e322  AccControl_Init                      
0000e334  Adc_StartConversionSequenceOfChannels
0000e346  DataBuffer_Init                      
0000e358  Gpio_ClearPortU                      
0000e36a  Gpio_GetValuePortU                   
0000e37c  Gpio_SetPortU                        
0000e38e  GyroControl_Init                     
0000e3a0  Interrupt_Lock                       
0000e3b2  MagControl_Init                      
0000e3c4  __TI_decompress_none                 
0000e3d6  memcpy                               
0000e3e8  Barometer_StartSampleConversion      
0000e3f8  Dma_RegisterIsr                      
0000e408  Pwm_GetDuty                          
0000e448  __mspabi_srll                        
0000e458  Buzzer_Enable                        
0000e466  CommProtocol_GetRfStatus             
0000e474  Dma_Disable                          
0000e482  Gpio_Clear                           
0000e490  Gpio_GetValuePortJ                   
0000e49e  LedControl_Init                      
0000e4d6  strlen                               
0000e4e4  Adc_StopConversion                   
0000e4f0  Dma_DisableIsr                       
0000e4fc  Dma_EnableIsr                        
0000e508  Gpio_Set                             
0000e514  Interrupt_Unlock                     
0000e520  UltrasoundInit                       
0000e520  _RxEnable                            
0000e52c  Adc_GetNumberOfConversions           
0000e536  BarometerControl_Init                
0000e540  Dma_Init                             
0000e54a  EncControl_Init                      
0000e554  TimerTick_CancelTimeoutFromCallback  
0000e55e  TimerTick_IsTimerActive              
0000e568  WaferId                              
0000e59a  _system_pre_init                     
0000e5a4  __mspabi_slli                        
0000e5ae  BatteryControl_GetCounts             
0000e5b6  Buzzer_SetDuty                       
0000e5be  LedControl_SetLed                    
0000e5c6  TimerTick_EnableTickIsr              
0000e5ce  Uart_IsPortOpen                      
0000e5f6  Accelerometer_RegisterIsr            
0000e5fc  AdcManager_GetGainFactor             
0000e5fc  Adc_GetGainFactor                    
0000e602  AdcManager_GetOffset                 
0000e602  Adc_GetOffset                        
0000e608  AmbientLightControl_Init             
0000e60e  Analog7Control_Init                  
0000e614  Analog8Control_Init                  
0000e61a  Analog9Control_Init                  
0000e620  BarometerControl_ReadCalibration     
0000e626  BatteryControl_Init                  
0000e62c  Buzzer_Disable                       
0000e632  ConMan_GetFixedConfig                
0000e638  DeviceId                             
0000e63e  DigitalInputControl_Init             
0000e644  Ecg6Control_Init                     
0000e64a  EcgControl_Init                      
0000e650  FgControl_Init                       
0000e656  FirmwareRevisionMicro                
0000e65c  Gyroscope_RegisterIsr                
0000e662  HardwareRevisionMicro                
0000e668  HighGainControl_Init                 
0000e66e  Magnetometer_RegisterIsr             
0000e674  MicrophoneControl_Init               
0000e67a  System_GetResetReason                
0000e680  System_PowerOff                      
0000e686  TestProtocol_Init                    
0000e68c  ThermometerControl_Init              
0000e692  __TI_decompress_rle24                
0000e698  Buzzer_SetFrequency                  
0000e69c  Conversion_SwapBytes                 
0000e6a0  C$$EXIT                              
0000e6a0  abort                                
0000e6a4  Barometer_Init                       
0000e6a6  DacControl_Init                      
0000e6a6  DacInit                              
0000e6a8  Header1Control_Init                  
0000e6aa  Header2Control_Init                  
0000e6ac  Header3Control_Init                  
0000e6ae  Header4Control_Init                  
0000e6b0  Header6Control_Init                  
0000e6b2  SelfTest_Init                        
0000e6b2  UiManager_Init                       
0000e6b6  _HandleOtherInterrupt                
0000edf8  _ctypes_                             
0000ff66  __TI_Handler_Table_Base              
0000ff6c  __TI_Handler_Table_Limit             
0000ff70  __TI_CINIT_Base                      
0000ff78  __TI_CINIT_Limit                     
0000ffd2  __TI_int41                           
0000ffd4  __TI_int42                           
0000ffd6  __TI_int43                           
0000ffd8  __TI_int44                           
0000ffda  __TI_int45                           
0000ffdc  __TI_int46                           
0000ffde  __TI_int47                           
0000ffe0  __TI_int48                           
0000ffe2  __TI_int49                           
0000ffe4  __TI_int50                           
0000ffe6  __TI_int51                           
0000ffe8  __TI_int52                           
0000ffea  __TI_int53                           
0000ffec  __TI_int54                           
0000ffee  __TI_int55                           
0000fff0  __TI_int56                           
0000fff2  __TI_int57                           
0000fff4  __TI_int58                           
0000fff6  __TI_int59                           
0000fff8  __TI_int60                           
0000fffa  __TI_int61                           
0000fffc  __TI_int62                           
0000fffe  _reset_vector                        
ffffffff  __binit__                            
ffffffff  __c_args__                           
ffffffff  binit                                
UNDEFED   __TI_INITARRAY_Base                  
UNDEFED   __TI_INITARRAY_Limit                 

[966 symbols]
