******************************************************************************
                  MSP430 Linker PC v4.4.8                      
******************************************************************************
>> Linked Mon Dec 31 11:14:57 2018

OUTPUT FILE NAME:   <IOLab_Sensor_Micro.out>
ENTRY POINT SYMBOL: "_c_int00_noargs_noexit"  address: 0000e068


MEMORY CONFIGURATION

         name            origin    length      used     unused   attr    fill
----------------------  --------  ---------  --------  --------  ----  --------
  SFR                   00000000   00000010  00000000  00000010  RWIX
  PERIPHERALS_8BIT      00000010   000000f0  00000000  000000f0  RWIX
  PERIPHERALS_16BIT     00000100   00000100  00000000  00000100  RWIX
  INFOD                 00001800   00000080  00000000  00000080  RWIX
  INFOC                 00001880   00000080  00000000  00000080  RWIX
  INFOB                 00001900   00000080  00000000  00000080  RWIX
  INFOA                 00001980   00000080  00000000  00000080  RWIX
  RAM                   00001c00   00002800  00000d98  00001a68  RWIX
  FLASH                 00004400   0000bb80  0000bb20  00000060  RWIX
  INT00                 0000ff80   00000002  00000000  00000002  RWIX
  INT01                 0000ff82   00000002  00000000  00000002  RWIX
  INT02                 0000ff84   00000002  00000000  00000002  RWIX
  INT03                 0000ff86   00000002  00000000  00000002  RWIX
  INT04                 0000ff88   00000002  00000000  00000002  RWIX
  INT05                 0000ff8a   00000002  00000000  00000002  RWIX
  INT06                 0000ff8c   00000002  00000000  00000002  RWIX
  INT07                 0000ff8e   00000002  00000000  00000002  RWIX
  INT08                 0000ff90   00000002  00000000  00000002  RWIX
  INT09                 0000ff92   00000002  00000000  00000002  RWIX
  INT10                 0000ff94   00000002  00000000  00000002  RWIX
  INT11                 0000ff96   00000002  00000000  00000002  RWIX
  INT12                 0000ff98   00000002  00000000  00000002  RWIX
  INT13                 0000ff9a   00000002  00000000  00000002  RWIX
  INT14                 0000ff9c   00000002  00000000  00000002  RWIX
  INT15                 0000ff9e   00000002  00000000  00000002  RWIX
  INT16                 0000ffa0   00000002  00000000  00000002  RWIX
  INT17                 0000ffa2   00000002  00000000  00000002  RWIX
  INT18                 0000ffa4   00000002  00000000  00000002  RWIX
  INT19                 0000ffa6   00000002  00000000  00000002  RWIX
  INT20                 0000ffa8   00000002  00000000  00000002  RWIX
  INT21                 0000ffaa   00000002  00000000  00000002  RWIX
  INT22                 0000ffac   00000002  00000000  00000002  RWIX
  INT23                 0000ffae   00000002  00000000  00000002  RWIX
  INT24                 0000ffb0   00000002  00000000  00000002  RWIX
  INT25                 0000ffb2   00000002  00000000  00000002  RWIX
  INT26                 0000ffb4   00000002  00000000  00000002  RWIX
  INT27                 0000ffb6   00000002  00000000  00000002  RWIX
  INT28                 0000ffb8   00000002  00000000  00000002  RWIX
  INT29                 0000ffba   00000002  00000000  00000002  RWIX
  INT30                 0000ffbc   00000002  00000000  00000002  RWIX
  INT31                 0000ffbe   00000002  00000000  00000002  RWIX
  INT32                 0000ffc0   00000002  00000000  00000002  RWIX
  INT33                 0000ffc2   00000002  00000000  00000002  RWIX
  INT34                 0000ffc4   00000002  00000000  00000002  RWIX
  INT35                 0000ffc6   00000002  00000000  00000002  RWIX
  INT36                 0000ffc8   00000002  00000000  00000002  RWIX
  INT37                 0000ffca   00000002  00000000  00000002  RWIX
  INT38                 0000ffcc   00000002  00000000  00000002  RWIX
  INT39                 0000ffce   00000002  00000000  00000002  RWIX
  INT40                 0000ffd0   00000002  00000000  00000002  RWIX
  INT41                 0000ffd2   00000002  00000002  00000000  RWIX
  INT42                 0000ffd4   00000002  00000002  00000000  RWIX
  INT43                 0000ffd6   00000002  00000002  00000000  RWIX
  INT44                 0000ffd8   00000002  00000002  00000000  RWIX
  INT45                 0000ffda   00000002  00000002  00000000  RWIX
  INT46                 0000ffdc   00000002  00000002  00000000  RWIX
  INT47                 0000ffde   00000002  00000002  00000000  RWIX
  INT48                 0000ffe0   00000002  00000002  00000000  RWIX
  INT49                 0000ffe2   00000002  00000002  00000000  RWIX
  INT50                 0000ffe4   00000002  00000002  00000000  RWIX
  INT51                 0000ffe6   00000002  00000002  00000000  RWIX
  INT52                 0000ffe8   00000002  00000002  00000000  RWIX
  INT53                 0000ffea   00000002  00000002  00000000  RWIX
  INT54                 0000ffec   00000002  00000002  00000000  RWIX
  INT55                 0000ffee   00000002  00000002  00000000  RWIX
  INT56                 0000fff0   00000002  00000002  00000000  RWIX
  INT57                 0000fff2   00000002  00000002  00000000  RWIX
  INT58                 0000fff4   00000002  00000002  00000000  RWIX
  INT59                 0000fff6   00000002  00000002  00000000  RWIX
  INT60                 0000fff8   00000002  00000002  00000000  RWIX
  INT61                 0000fffa   00000002  00000002  00000000  RWIX
  INT62                 0000fffc   00000002  00000002  00000000  RWIX
  RESET                 0000fffe   00000002  00000002  00000000  RWIX
  FLASH2                00010000   00014400  00000000  00014400  RWIX


SECTION ALLOCATION MAP

 output                                  attributes/
section   page    origin      length       input sections
--------  ----  ----------  ----------   ----------------
.bss       0    00001c00    00000794     UNINITIALIZED
                  00001c00    00000400     (.common:_uartBufferTx)
                  00002000    00000100     (.common:_uartBufferRx)
                  00002100    000000c0     (.common:_eventQueue)
                  000021c0    00000078     (.common:_timeoutList)
                  00002238    00000060     (.common:_adcAllChannelConfig)
                  00002298    00000038     (.common:_packetTx)
                  000022d0    00000038     (.common:_serialPayloadRx)
                  00002308    00000010     (.common:_adcCalibrationInfo)
                  00002318    00000008     (.common:_buttonInfo)
                  00002320    00000008     (.common:calibrationData$1)
                  00002328    00000006     (.common:_queueIndexHead)
                  0000232e    00000006     (.common:_queueIndexTail)
                  00002334    00000006     (.common:_queueMaxLength)
                  0000233a    00000006     (.common:_refCalibrationInfo)
                  00002340    00000006     (.common:accelerometerSample$1)
                  00002346    00000006     (.common:dummyData$1)
                  0000234c    00000006     (.common:gyroscopeSample$1)
                  00002352    00000006     (.common:magData$1)
                  00002358    00000006     (.common:versionString$2)
                  0000235e    00000006     (.common:versionString$7)
                  00002364    00000004     (.common:barometerSample$1)
                  00002368    00000004     (.common:dataCopy$1)
                  0000236c    00000004     (.common:encoderData$1)
                  00002370    00000004     (.common:sample$6)
                  00002374    00000002     (.common:_numberAccumulated)
                  00002376    00000002     (.common:_numberToAccumulate)
                  00002378    00000002     (.common:_powerOffTimeoutHandle)
                  0000237a    00000002     (.common:_previousCount)
                  0000237c    00000002     (.common:_previousDirection)
                  0000237e    00000002     (.common:_processButtonsIsrHandle)
                  00002380    00000002     (.common:_tickHandle)
                  00002382    00000002     (.common:_tickHandle)
                  00002384    00000002     (.common:_tickHandle)
                  00002386    00000002     (.common:_tickHandle)
                  00002388    00000002     (.common:_uiTimerHandle)
                  0000238a    00000002     (.common:currentCount$1)
                  0000238c    00000002     (.common:currentCount$3)
                  0000238e    00000002     (.common:currentDirection$2)
                  00002390    00000002     (.common:currentDirection$4)
                  00002392    00000002     (.common:ledIndex$1)

.data      0    00002394    0000053c     UNINITIALIZED
                  00002394    00000080     AdcManager.obj (.data:_channels)
                  00002414    00000072     CommProtocol.obj (.data:_bufferRx)
                  00002486    00000072     CommProtocol.obj (.data:_bufferTxOne)
                  000024f8    00000072     CommProtocol.obj (.data:_bufferTxZero)
                  0000256a    00000070     SelfTest.obj (.data)
                  000025da    00000042     DataBuffer.obj (.data:_subArrayEndIndex)
                  0000261c    00000042     DataBuffer.obj (.data:_subArrayStartIndex)
                  0000265e    00000020     Adc.obj (.data:_resultDestinations)
                  0000267e    0000001e     CommProtocol.obj (.data:_messageBuffer)
                  0000269c    0000001c     SelfTest.obj (.data:_testStatus)
                  000026b8    00000018     Accelerometer.obj (.data)
                  000026d0    00000014     Adc.obj (.data)
                  000026e4    00000014     Magnetometer.obj (.data)
                  000026f8    00000014     UiManager.obj (.data)
                  0000270c    00000012     BuzzerControl.obj (.data)
                  0000271e    00000010     CommProtocol.obj (.data)
                  0000272e    00000010     Gpio.obj (.data:_gpioIsrListPortOne)
                  0000273e    00000010     Gpio.obj (.data:_gpioIsrListPortTwo)
                  0000274e    0000000e     Header4Control.obj (.data)
                  0000275c    0000000e     Header5Control.obj (.data)
                  0000276a    0000000e     MagnetometerControl.obj (.data)
                  00002778    0000000e     Pwm.obj (.data:_openChannels)
                  00002786    0000000c     AdcManager.obj (.data)
                  00002792    0000000c     DataBuffer.obj (.data)
                  0000279e    0000000c     Ecg6ChanControl.obj (.data:_dataSamples)
                  000027aa    0000000c     I2c.obj (.data:_i2cPortParameters$3)
                  000027b6    0000000a     AccelerometerControl.obj (.data)
                  000027c0    0000000a     BarometerControl.obj (.data)
                  000027ca    0000000a     Gyroscope.obj (.data)
                  000027d4    0000000a     SpiSlave.obj (.data)
                  000027de    0000000a     ThermometerControl.obj (.data)
                  000027e8    0000000a     TimerTick.obj (.data)
                  000027f2    00000008     Serial.obj (.data)
                  000027fa    00000008     LedControl.obj (.data:_ledState)
                  00002802    00000007     Pwm.obj (.data:_dutyCycles)
                  00002809    00000001     --HOLE--
                  0000280a    00000006     Analog7Control.obj (.data)
                  00002810    00000006     Analog8Control.obj (.data)
                  00002816    00000006     Analog9Control.obj (.data)
                  0000281c    00000006     ConfigurationManager.obj (.data)
                  00002822    00000006     DigitalInputControl.obj (.data)
                  00002828    00000006     Ecg6ChanControl.obj (.data)
                  0000282e    00000006     EcgControl.obj (.data)
                  00002834    00000006     Encoder.obj (.data)
                  0000283a    00000006     EncoderControl.obj (.data)
                  00002840    00000006     GyroscopeControl.obj (.data)
                  00002846    00000006     StateMachine.obj (.data)
                  0000284c    00000006     EcgControl.obj (.data:_dataSamples)
                  00002852    00000006     Dma.obj (.data:_dmaArmed)
                  00002858    00000006     Dma.obj (.data:_dmaConfigured)
                  0000285e    00000006     Dma.obj (.data:_dmaIsrList)
                  00002864    00000006     TimerTick.obj (.data:_tickIsrActive)
                  0000286a    00000006     TimerTick.obj (.data:_tickIsrList)
                  00002870    00000006     Accelerometer.obj (.data:dummyData$1)
                  00002876    00000004     AmbientLightControl.obj (.data)
                  0000287a    00000004     BatteryControl.obj (.data)
                  0000287e    00000004     DacControl.obj (.data)
                  00002882    00000004     ForceGaugeControl.obj (.data)
                  00002886    00000004     Header1Control.obj (.data)
                  0000288a    00000004     Header2Control.obj (.data)
                  0000288e    00000004     Header3Control.obj (.data)
                  00002892    00000004     Header6Control.obj (.data)
                  00002896    00000004     HighGainControl.obj (.data)
                  0000289a    00000004     MicrophoneControl.obj (.data)
                  0000289e    00000004     Pwm.obj (.data)
                  000028a2    00000004     Encoder.obj (.data:_encoderCounts)
                  000028a6    00000004     I2c.obj (.data:_i2cPortInitialized)
                  000028aa    00000004     I2c.obj (.data:_i2cPortOpen)
                  000028ae    00000004     Uart.obj (.data:_uartBufferRxHead)
                  000028b2    00000004     Uart.obj (.data:_uartBufferRxTail)
                  000028b6    00000004     Uart.obj (.data:_uartBufferTxHead)
                  000028ba    00000004     Uart.obj (.data:_uartBufferTxTail)
                  000028be    00000004     Uart.obj (.data:_uartPortIsOpen)
                  000028c2    00000004     EncoderControl.obj (.data:data$1)
                  000028c6    00000002     Barometer.obj (.data)
                  000028c8    00000002     Dma.obj (.data)
                  000028ca    00000002     LedControl.obj (.data)
                  000028cc    00000002     SpiMaster.obj (.data)
                  000028ce    00000002     rts430x_sc_sd_eabi.lib : strtok.obj (.data)

.stack     0    00004338    000000c8     UNINITIALIZED
                  00004338    00000002     rts430x_sc_sd_eabi.lib : boot.obj (.stack)
                  0000433a    000000c6     --HOLE--

.text:_isr 
*          0    00004400    00000006     
                  00004400    00000006     rts430x_sc_sd_eabi.lib : isr_trap.obj (.text:_isr:__TI_ISR_TRAP)

.const     0    0000e670    00001730     
                  0000e670    0000033a     TestProtocol.obj (.const:.string)
                  0000e9aa    000001ae     System.obj (.const:.string)
                  0000eb58    00000150     UiManager.obj (.const:girlILeftBehindBuzzerSteps)
                  0000eca8    00000108     UiManager.obj (.const:failBuzzerSteps)
                  0000edb0    00000101     rts430x_sc_sd_eabi.lib : ctype.obj (.const:.string:_ctypes_)
                  0000eeb1    00000001     --HOLE-- [fill = 0]
                  0000eeb2    000000a6     SelfTest.obj (.const:.string)
                  0000ef58    00000080     BuzzerControl.obj (.const:_highFrequencies)
                  0000efd8    00000080     Header4Control.obj (.const:_highFrequencies)
                  0000f058    00000080     Header5Control.obj (.const:_highFrequencies)
                  0000f0d8    00000080     BuzzerControl.obj (.const:_highPitches)
                  0000f158    00000080     BuzzerControl.obj (.const:_lowFrequencies)
                  0000f1d8    00000080     Header4Control.obj (.const:_lowFrequencies)
                  0000f258    00000080     Header5Control.obj (.const:_lowFrequencies)
                  0000f2d8    00000080     BuzzerControl.obj (.const:_lowPitches)
                  0000f358    00000080     BuzzerControl.obj (.const:_medPitches)
                  0000f3d8    00000080     Header4Control.obj (.const:_midFrequencies)
                  0000f458    00000080     Header5Control.obj (.const:_midFrequencies)
                  0000f4d8    00000066     TestProtocol.obj (.const:_humanCommands)
                  0000f53e    00000064     EncoderControl.obj (.const:.string)
                  0000f5a2    00000060     UiManager.obj (.const:successBuzzerSteps)
                  0000f602    00000040     BuzzerControl.obj (.const:_dutyCycles)
                  0000f642    00000040     Header4Control.obj (.const:_dutyCycles)
                  0000f682    00000040     Header5Control.obj (.const:_dutyCycles)
                  0000f6c2    00000038     UiManager.obj (.const:starWarsBuzzerSteps)
                  0000f6fa    0000002d     ConfigurationManager.obj (.const:.string:_kitchenSinkConfig)
                  0000f727    00000001     --HOLE-- [fill = 0]
                  0000f728    00000028     SpiSlave.obj (.const)
                  0000f750    00000027     ConfigurationManager.obj (.const:.string:_header3V3Config)
                  0000f777    00000001     --HOLE-- [fill = 0]
                  0000f778    00000026     rts430x_sc_sd_eabi.lib : _printfi_nf.obj (.const:.string)
                  0000f79e    00000022     System.obj (.const:_resetReasonStrings$1)
                  0000f7c0    00000021     ConfigurationManager.obj (.const:.string:_headerConfig)
                  0000f7e1    00000001     --HOLE-- [fill = 0]
                  0000f7e2    00000020     UiManager.obj (.const)
                  0000f802    00000020     Adc.obj (.const:_conversionMemoryControlRegisters$2)
                  0000f822    00000020     Adc.obj (.const:_conversionMemoryRegisters$3)
                  0000f842    00000020     Adc.obj (.const:_conversionMemoryRegisters$6)
                  0000f862    0000001f     ConfigurationManager.obj (.const:.string:_selfTestConfig)
                  0000f881    00000001     --HOLE-- [fill = 0]
                  0000f882    0000001c     AdcManager.obj (.const:.string)
                  0000f89e    00000018     ConfigurationManager.obj (.const:.string:_kitchenSinkBuffer)
                  0000f8b6    00000017     ConfigurationManager.obj (.const:.string:_imuConfig)
                  0000f8cd    00000001     --HOLE-- [fill = 0]
                  0000f8ce    00000017     ConfigurationManager.obj (.const:.string:_kitchenSinkDisable)
                  0000f8e5    00000001     --HOLE-- [fill = 0]
                  0000f8e6    00000017     ConfigurationManager.obj (.const:.string:_sportsConfig)
                  0000f8fd    00000001     --HOLE-- [fill = 0]
                  0000f8fe    00000015     ConfigurationManager.obj (.const:.string:_motionConfig)
                  0000f913    00000001     --HOLE-- [fill = 0]
                  0000f914    00000013     ConfigurationManager.obj (.const:.string:_imuHiConfig)
                  0000f927    00000001     --HOLE-- [fill = 0]
                  0000f928    00000013     ConfigurationManager.obj (.const:.string:_pendulumConfig)
                  0000f93b    00000001     --HOLE-- [fill = 0]
                  0000f93c    00000013     ConfigurationManager.obj (.const:.string:_pendulumHiConfig)
                  0000f94f    00000001     --HOLE-- [fill = 0]
                  0000f950    00000012     AdcManager.obj (.const)
                  0000f962    00000012     Gpio.obj (.const:_gpioDirectionRegisters$1)
                  0000f974    00000012     Gpio.obj (.const:_gpioDriveStrengthRegisters$2)
                  0000f986    00000012     Gpio.obj (.const:_gpioInputRegisters)
                  0000f998    00000012     Gpio.obj (.const:_gpioOutputRegisters)
                  0000f9aa    00000012     Gpio.obj (.const:_gpioResistorEnableRegisters)
                  0000f9bc    00000012     Gpio.obj (.const:_gpioSelectRegisters$3)
                  0000f9ce    00000011     ConfigurationManager.obj (.const:.string:_anlgHeadConfig)
                  0000f9df    00000001     --HOLE-- [fill = 0]
                  0000f9e0    00000011     ConfigurationManager.obj (.const:.string:_hiAnlgHeadConfig)
                  0000f9f1    00000001     --HOLE-- [fill = 0]
                  0000f9f2    00000010     CommProtocol.obj (.const:.string)
                  0000fa02    00000010     ConfigurationManager.obj (.const:.string:_selfTestBuffer)
                  0000fa12    0000000f     ConfigurationManager.obj (.const:.string:_miniMotionConfig)
                  0000fa21    00000001     --HOLE-- [fill = 0]
                  0000fa22    0000000f     ConfigurationManager.obj (.const:.string:_selfTestDisable)
                  0000fa31    00000001     --HOLE-- [fill = 0]
                  0000fa32    0000000e     Main.obj (.const:.string)
                  0000fa40    0000000e     Pwm.obj (.const:_ccModules)
                  0000fa4e    0000000e     Timer.obj (.const:_timerB0CCControlRegisters$8)
                  0000fa5c    0000000e     Timer.obj (.const:_timerB0CCRegisters$7)
                  0000fa6a    0000000d     ConfigurationManager.obj (.const:.string:_alsAccConfig)
                  0000fa77    00000001     --HOLE-- [fill = 0]
                  0000fa78    0000000d     ConfigurationManager.obj (.const:.string:_ambientConfig)
                  0000fa85    00000001     --HOLE-- [fill = 0]
                  0000fa86    0000000d     ConfigurationManager.obj (.const:.string:_forceAccConfig)
                  0000fa93    00000001     --HOLE-- [fill = 0]
                  0000fa94    0000000c     ConfigurationManager.obj (.const:.string:_header3V3Buffer)
                  0000faa0    0000000c     ConfigurationManager.obj (.const:.string:_headerBuffer)
                  0000faac    0000000c     UiManager.obj (.const:failBacklightSteps)
                  0000fab8    0000000c     UiManager.obj (.const:girlILeftBehindBacklightSteps)
                  0000fac4    0000000c     UiManager.obj (.const:starWarsBacklightSteps)
                  0000fad0    0000000c     UiManager.obj (.const:successBacklightSteps)
                  0000fadc    0000000b     ConfigurationManager.obj (.const:.string:_header3V3Disable)
                  0000fae7    00000001     --HOLE-- [fill = 0]
                  0000fae8    0000000b     ConfigurationManager.obj (.const:.string:_headerDisable)
                  0000faf3    00000001     --HOLE-- [fill = 0]
                  0000faf4    0000000a     ConfigurationManager.obj (.const:.string:_ambientBuffer)
                  0000fafe    0000000a     ConfigurationManager.obj (.const:.string:_anlgHeadBuffer)
                  0000fb08    0000000a     ConfigurationManager.obj (.const:.string:_hiAnlgHeadBuffer)
                  0000fb12    0000000a     ConfigurationManager.obj (.const:.string:_imuBuffer)
                  0000fb1c    0000000a     ConfigurationManager.obj (.const:.string:_motionBuffer)
                  0000fb26    0000000a     ConfigurationManager.obj (.const:.string:_sportsBuffer)
                  0000fb30    0000000a     Adc.obj (.const)
                  0000fb3a    0000000a     Serial.obj (.const)
                  0000fb44    0000000a     Timer.obj (.const:_timerA0CCControlRegisters$2)
                  0000fb4e    0000000a     Timer.obj (.const:_timerA0CCRegisters$1)
                  0000fb58    00000009     ConfigurationManager.obj (.const:.string:_accelConfig)
                  0000fb61    00000001     --HOLE-- [fill = 0]
                  0000fb62    00000009     ConfigurationManager.obj (.const:.string:_accelHiConfig)
                  0000fb6b    00000001     --HOLE-- [fill = 0]
                  0000fb6c    00000009     ConfigurationManager.obj (.const:.string:_alsMicConfig)
                  0000fb75    00000001     --HOLE-- [fill = 0]
                  0000fb76    00000009     ConfigurationManager.obj (.const:.string:_ambientDisable)
                  0000fb7f    00000001     --HOLE-- [fill = 0]
                  0000fb80    00000009     ConfigurationManager.obj (.const:.string:_anlgHeadDisable)
                  0000fb89    00000001     --HOLE-- [fill = 0]
                  0000fb8a    00000009     ConfigurationManager.obj (.const:.string:_hiAnlgHeadDisable)
                  0000fb93    00000001     --HOLE-- [fill = 0]
                  0000fb94    00000009     ConfigurationManager.obj (.const:.string:_imuDisable)
                  0000fb9d    00000001     --HOLE-- [fill = 0]
                  0000fb9e    00000009     ConfigurationManager.obj (.const:.string:_magneticConfig)
                  0000fba7    00000001     --HOLE-- [fill = 0]
                  0000fba8    00000009     ConfigurationManager.obj (.const:.string:_motionDisable)
                  0000fbb1    00000001     --HOLE-- [fill = 0]
                  0000fbb2    00000009     ConfigurationManager.obj (.const:.string:_sportsDisable)
                  0000fbbb    00000001     --HOLE-- [fill = 0]
                  0000fbbc    00000008     ConfigurationManager.obj (.const:.string)
                  0000fbc4    00000008     Version.obj (.const:.string:VERSION_ARRAY)
                  0000fbcc    00000008     ConfigurationManager.obj (.const:.string:_imuHiBuffer)
                  0000fbd4    00000008     ConfigurationManager.obj (.const:.string:_miniMotionBuffer)
                  0000fbdc    00000008     ConfigurationManager.obj (.const:.string:_pendulumBuffer)
                  0000fbe4    00000008     ConfigurationManager.obj (.const:.string:_pendulumHiBuffer)
                  0000fbec    00000008     Main.obj (.const)
                  0000fbf4    00000008     Dma.obj (.const:_dmaTriggerRegisters)
                  0000fbfc    00000008     LedControl.obj (.const:_ledPort$2)
                  0000fc04    00000007     ConfigurationManager.obj (.const:.string:_gyroConfig)
                  0000fc0b    00000001     --HOLE-- [fill = 0]
                  0000fc0c    00000007     ConfigurationManager.obj (.const:.string:_gyroHiConfig)
                  0000fc13    00000001     --HOLE-- [fill = 0]
                  0000fc14    00000007     ConfigurationManager.obj (.const:.string:_imuHiDisable)
                  0000fc1b    00000001     --HOLE-- [fill = 0]
                  0000fc1c    00000007     ConfigurationManager.obj (.const:.string:_miniMotionDisable)
                  0000fc23    00000001     --HOLE-- [fill = 0]
                  0000fc24    00000007     ConfigurationManager.obj (.const:.string:_pendulumDisable)
                  0000fc2b    00000001     --HOLE-- [fill = 0]
                  0000fc2c    00000007     ConfigurationManager.obj (.const:.string:_pendulumHiDisable)
                  0000fc33    00000001     --HOLE-- [fill = 0]
                  0000fc34    00000006     BarometerControl.obj (.const:.string)
                  0000fc3a    00000006     UiManager.obj (.const:.string)
                  0000fc40    00000006     ConfigurationManager.obj (.const:.string:_alsAccBuffer)
                  0000fc46    00000006     ConfigurationManager.obj (.const:.string:_alsMicBuffer)
                  0000fc4c    00000006     ConfigurationManager.obj (.const:.string:_forceAccBuffer)
                  0000fc52    00000006     ConfigurationManager.obj (.const:.string:_magneticBuffer)
                  0000fc58    00000006     Dma.obj (.const:_dmaControlRegisters)
                  0000fc5e    00000006     Dma.obj (.const:_dmaDestinationAddressRegisters)
                  0000fc64    00000006     Dma.obj (.const:_dmaSizeRegisters)
                  0000fc6a    00000006     Dma.obj (.const:_dmaSourceAddressRegisters)
                  0000fc70    00000006     Gpio.obj (.const:_gpioInterruptEdgeSelectRegisters)
                  0000fc76    00000006     Gpio.obj (.const:_gpioInterruptEnableRegisters)
                  0000fc7c    00000006     Timer.obj (.const:_timerA2CCControlRegisters$6)
                  0000fc82    00000006     Timer.obj (.const:_timerA2CCRegisters$5)
                  0000fc88    00000005     ConfigurationManager.obj (.const:.string:_alsAccDisable)
                  0000fc8d    00000001     --HOLE-- [fill = 0]
                  0000fc8e    00000005     ConfigurationManager.obj (.const:.string:_alsHiConfig)
                  0000fc93    00000001     --HOLE-- [fill = 0]
                  0000fc94    00000005     ConfigurationManager.obj (.const:.string:_alsMicDisable)
                  0000fc99    00000001     --HOLE-- [fill = 0]
                  0000fc9a    00000005     ConfigurationManager.obj (.const:.string:_ecg6Config)
                  0000fc9f    00000001     --HOLE-- [fill = 0]
                  0000fca0    00000005     ConfigurationManager.obj (.const:.string:_ecgConfig)
                  0000fca5    00000001     --HOLE-- [fill = 0]
                  0000fca6    00000005     ConfigurationManager.obj (.const:.string:_forceAccDisable)
                  0000fcab    00000001     --HOLE-- [fill = 0]
                  0000fcac    00000005     ConfigurationManager.obj (.const:.string:_hiEcg6Config)
                  0000fcb1    00000001     --HOLE-- [fill = 0]
                  0000fcb2    00000005     ConfigurationManager.obj (.const:.string:_hiEcgConfig)
                  0000fcb7    00000001     --HOLE-- [fill = 0]
                  0000fcb8    00000005     ConfigurationManager.obj (.const:.string:_hiForceConfig)
                  0000fcbd    00000001     --HOLE-- [fill = 0]
                  0000fcbe    00000005     ConfigurationManager.obj (.const:.string:_hiGainConfig)
                  0000fcc3    00000001     --HOLE-- [fill = 0]
                  0000fcc4    00000005     ConfigurationManager.obj (.const:.string:_magneticDisable)
                  0000fcc9    00000001     --HOLE-- [fill = 0]
                  0000fcca    00000005     ConfigurationManager.obj (.const:.string:_microphoneConfig)
                  0000fccf    00000001     --HOLE-- [fill = 0]
                  0000fcd0    00000005     ConfigurationManager.obj (.const:.string:_slowMicrophoneConfig)
                  0000fcd5    00000001     --HOLE-- [fill = 0]
                  0000fcd6    00000004     ConfigurationManager.obj (.const:.string:_accelBuffer)
                  0000fcda    00000004     ConfigurationManager.obj (.const:.string:_accelHiBuffer)
                  0000fcde    00000004     ConfigurationManager.obj (.const:.string:_alsHiBuffer)
                  0000fce2    00000004     ConfigurationManager.obj (.const:.string:_ecg6Buffer)
                  0000fce6    00000004     ConfigurationManager.obj (.const:.string:_ecgBuffer)
                  0000fcea    00000004     ConfigurationManager.obj (.const:.string:_gyroBuffer)
                  0000fcee    00000004     ConfigurationManager.obj (.const:.string:_gyroHiBuffer)
                  0000fcf2    00000004     ConfigurationManager.obj (.const:.string:_hiEcg6Buffer)
                  0000fcf6    00000004     ConfigurationManager.obj (.const:.string:_hiEcgBuffer)
                  0000fcfa    00000004     ConfigurationManager.obj (.const:.string:_hiForceBuffer)
                  0000fcfe    00000004     ConfigurationManager.obj (.const:.string:_hiGainBuffer)
                  0000fd02    00000004     LedControl.obj (.const:.string:_ledPin$3)
                  0000fd06    00000004     ConfigurationManager.obj (.const:.string:_microphoneBuffer)
                  0000fd0a    00000004     ConfigurationManager.obj (.const:.string:_slowMicrophoneBuffer)
                  0000fd0e    00000004     I2c.obj (.const:_i2cBaudRateRegisters$2)
                  0000fd12    00000004     I2c.obj (.const:_i2cControlOneRegisters)
                  0000fd16    00000004     I2c.obj (.const:_i2cControlZeroRegisters$1)
                  0000fd1a    00000004     I2c.obj (.const:_i2cGpioSCLPorts)
                  0000fd1e    00000004     I2c.obj (.const:_i2cGpioSDAPorts)
                  0000fd22    00000004     I2c.obj (.const:_i2cInterruptFlagRegisters)
                  0000fd26    00000004     I2c.obj (.const:_i2cReceiveBufferRegisters)
                  0000fd2a    00000004     I2c.obj (.const:_i2cSlaveAddressRegisters$4)
                  0000fd2e    00000004     I2c.obj (.const:_i2cSlaveStatusRegisters$5)
                  0000fd32    00000004     I2c.obj (.const:_i2cTransmitBufferRegisters)
                  0000fd36    00000004     Uart.obj (.const:_uartAutoBaudRateRegisters$4)
                  0000fd3a    00000004     Uart.obj (.const:_uartBaudRateRegisters$2)
                  0000fd3e    00000004     Uart.obj (.const:_uartControlOneRegisters)
                  0000fd42    00000004     Uart.obj (.const:_uartControlZeroRegisters$1)
                  0000fd46    00000004     Uart.obj (.const:_uartGpioPorts)
                  0000fd4a    00000004     Uart.obj (.const:_uartInterruptEnableRegisters)
                  0000fd4e    00000004     Uart.obj (.const:_uartIrdaReceiveRegisters$6)
                  0000fd52    00000004     Uart.obj (.const:_uartIrdaTransmitRegisters$5)
                  0000fd56    00000004     Uart.obj (.const:_uartModulationRegisters$3)
                  0000fd5a    00000004     Uart.obj (.const:_uartReceiveBufferRegisters)
                  0000fd5e    00000004     Uart.obj (.const:_uartTransmitBufferRegisters)
                  0000fd62    00000003     ConfigurationManager.obj (.const:.string:_accelDisable)
                  0000fd65    00000001     --HOLE-- [fill = 0]
                  0000fd66    00000003     ConfigurationManager.obj (.const:.string:_accelHiDisable)
                  0000fd69    00000001     --HOLE-- [fill = 0]
                  0000fd6a    00000003     ConfigurationManager.obj (.const:.string:_alsHiDisable)
                  0000fd6d    00000001     --HOLE-- [fill = 0]
                  0000fd6e    00000003     ConfigurationManager.obj (.const:.string:_ecg6Disable)
                  0000fd71    00000001     --HOLE-- [fill = 0]
                  0000fd72    00000003     ConfigurationManager.obj (.const:.string:_ecgDisable)
                  0000fd75    00000001     --HOLE-- [fill = 0]
                  0000fd76    00000003     ConfigurationManager.obj (.const:.string:_gyroDisable)
                  0000fd79    00000001     --HOLE-- [fill = 0]
                  0000fd7a    00000003     ConfigurationManager.obj (.const:.string:_gyroHiDisable)
                  0000fd7d    00000001     --HOLE-- [fill = 0]
                  0000fd7e    00000003     ConfigurationManager.obj (.const:.string:_hiEcg6Disable)
                  0000fd81    00000001     --HOLE-- [fill = 0]
                  0000fd82    00000003     ConfigurationManager.obj (.const:.string:_hiEcgDisable)
                  0000fd85    00000001     --HOLE-- [fill = 0]
                  0000fd86    00000003     ConfigurationManager.obj (.const:.string:_hiForceDisable)
                  0000fd89    00000001     --HOLE-- [fill = 0]
                  0000fd8a    00000003     ConfigurationManager.obj (.const:.string:_hiGainDisable)
                  0000fd8d    00000001     --HOLE-- [fill = 0]
                  0000fd8e    00000003     ConfigurationManager.obj (.const:.string:_microphoneDisable)
                  0000fd91    00000001     --HOLE-- [fill = 0]
                  0000fd92    00000003     ConfigurationManager.obj (.const:.string:_slowMicrophoneDisable)
                  0000fd95    00000001     --HOLE-- [fill = 0]
                  0000fd96    00000002     Serial.obj (.const:.string:_footerHuman)
                  0000fd98    00000002     I2c.obj (.const:.string:_i2cGpioSCLPinmasks)
                  0000fd9a    00000002     I2c.obj (.const:.string:_i2cGpioSDAPinmasks)
                  0000fd9c    00000002     Uart.obj (.const:.string:_uartGpioReceivePinmasks)
                  0000fd9e    00000002     Uart.obj (.const:.string:_uartGpioTransmitPinmasks)

.cinit     0    0000fda0    00000180     
                  0000fda0    0000016d     (.cinit..data.load) [load image, compression = rle]
                  0000ff0d    00000001     --HOLE-- [fill = 0]
                  0000ff0e    00000006     (__TI_handler_table)
                  0000ff14    00000004     (.cinit..bss.load) [load image, compression = zero_init]
                  0000ff18    00000008     (__TI_cinit_table)

.init_array 
*          0    00004400    00000000     UNINITIALIZED

.TI.persistent 
*          0    00002394    00000000     UNINITIALIZED

.text      0    00004406    0000a26a     
                  00004406    000004fc     Ecg6ChanControl.obj (.text:Ecg6Control_SetConfig)
                  00004902    00000416     Gpio.obj (.text:Gpio_Init)
                  00004d18    0000039a     SelfTest.obj (.text:SelfTest_Process)
                  000050b2    0000039a     rts430x_sc_sd_eabi.lib : div64u.obj (.text:__mspabi_divull)
                  0000544c    00000378     ConfigurationManager.obj (.text:ConMan_StartData)
                  000057c4    000002fe     CommProtocol.obj (.text:CommProtocol_RxHandler)
                  00005ac2    000002c4     EcgControl.obj (.text:EcgControl_SetConfig)
                  00005d86    000002be     SelfTest.obj (.text:_SelfTest_ProcessContinuous)
                  00006044    00000298     ConfigurationManager.obj (.text:ConMan_StopData)
                  000062dc    0000026e     ThermometerControl.obj (.text:ThermometerControl_SetConfig)
                  0000654a    00000242     AdcManager.obj (.text:AdcManager_EnableChannel)
                  0000678c    000001fc     Accelerometer.obj (.text:Accelerometer_Config)
                  00006988    000001e6     rts430x_sc_sd_eabi.lib : _printfi_nf.obj (.text:_setfield)
                  00006b6e    000001c6                            : _printfi_nf.obj (.text:__TI_printfi_nofloat)
                  00006d34    000001bc     ConfigurationManager.obj (.text:ConMan_GetPacketConfig)
                  00006ef0    0000019c     TestProtocol.obj (.text:_SendNakHuman)
                  0000708c    00000196     TestProtocol.obj (.text:_HandleHumanGpiCommand)
                  00007222    00000184     Analog7Control.obj (.text:Analog7Control_SetConfig)
                  000073a6    00000184     Analog8Control.obj (.text:Analog8Control_SetConfig)
                  0000752a    00000184     Analog9Control.obj (.text:Analog9Control_SetConfig)
                  000076ae    00000164     rts430x_sc_sd_eabi.lib : _printfi_nf.obj (.text:_getarg_diouxp)
                  00007812    0000015e     Uart.obj (.text:Uart_Init)
                  00007970    00000152     AdcManager.obj (.text:_SetupTimerConfig)
                  00007ac2    00000144     DigitalInputControl.obj (.text:DigitalInputControl_SetConfig)
                  00007c06    00000140     Magnetometer.obj (.text:Magnetometer_Config)
                  00007d46    00000140     rts430x_sc_sd_eabi.lib : _printfi_nf.obj (.text:_pproc_diouxp)
                  00007e86    00000132     SelfTest.obj (.text:_TestAccelerometer)
                  00007fb8    00000132     SelfTest.obj (.text:_TestGyroscope)
                  000080ea    00000130     TestProtocol.obj (.text:_HandleHumanEncoderCommand)
                  0000821a    00000122     AmbientLightControl.obj (.text:AmbientLightControl_SetConfig)
                  0000833c    00000122     BatteryControl.obj (.text:BatteryControl_SetConfig)
                  0000845e    00000122     ConfigurationManager.obj (.text:ConMan_SetSensorConfig)
                  00008580    00000122     HighGainControl.obj (.text:HighGainControl_SetConfig)
                  000086a2    00000122     MicrophoneControl.obj (.text:MicrophoneControl_SetConfig)
                  000087c4    00000112     DataBuffer.obj (.text:DataBuffer_CreateSubarray)
                  000088d6    0000010c     ForceGaugeControl.obj (.text:FgControl_SetConfig)
                  000089e2    0000010c     Pwm.obj (.text:Pwm_Enable)
                  00008aee    0000010c     UiManager.obj (.text:_PlaySequence)
                  00008bfa    0000010a     BuzzerControl.obj (.text:BuzzerControl_SetConfig)
                  00008d04    00000108     TestProtocol.obj (.text:_HandleHumanGpoCommand)
                  00008e0c    00000102     Header4Control.obj (.text:Header4Control_SetConfig)
                  00008f0e    00000102     Header5Control.obj (.text:Header5Control_SetConfig)
                  00009010    000000f4     rts430x_sc_sd_eabi.lib : _printfi_nf.obj (.text:_pproc_fwp)
                  00009104    000000f2     BarometerControl.obj (.text:BarometerControl_SetConfig)
                  000091f6    000000e6     AccelerometerControl.obj (.text:AccControl_SetConfig)
                  000092dc    000000da     Main.obj (.text:main)
                  000093b6    000000d4     Pwm.obj (.text:Pwm_Disable)
                  0000948a    000000d4     TestProtocol.obj (.text:_HandleHumanRfCommand)
                  0000955e    000000cc     Adc.obj (.text:Adc_Init)
                  0000962a    000000cc     Magnetometer.obj (.text:Magnetometer_TriggerSampleBlocking)
                  000096f6    000000c6     StateMachine.obj (.text:_ProcessEvents_DEFAULT)
                  000097bc    000000c6     SelfTest.obj (.text:_TestMagnetometer)
                  00009882    000000c2     Serial.obj (.text:Serial_SendString3Numbers)
                  00009944    000000c2     SelfTest.obj (.text:_TestMicrophone)
                  00009a06    000000c0     Pmm.obj (.text:_SetVCoreUp)
                  00009ac6    000000ba     Adc.obj (.text:_GetAdcCalibrationInfo)
                  00009b80    000000b2     MagnetometerControl.obj (.text:MagControl_SetConfig)
                  00009c32    000000b2     Serial.obj (.text:Serial_ProcessReceivedBytes)
                  00009ce4    000000ac     Adc.obj (.text:Adc_SetChannelSequence)
                  00009d90    000000aa     StateMachine.obj (.text:StateMachine_ProcessEvents)
                  00009e3a    000000a2     Conversion.obj (.text:Conversion_HexStringToUint)
                  00009edc    000000a2     EncoderControl.obj (.text:EncControl_SetConfig)
                  00009f7e    000000a2     Header1Control.obj (.text:Header1Control_SetConfig)
                  0000a020    000000a2     Header2Control.obj (.text:Header2Control_SetConfig)
                  0000a0c2    000000a0     rts430x_sc_sd_eabi.lib : _printfi_nf.obj (.text:_pproc_str)
                  0000a162    0000009c     AdcManager.obj (.text:AdcManager_DisableChannel)
                  0000a1fe    0000009c     Header3Control.obj (.text:Header3Control_SetConfig)
                  0000a29a    0000009c     Header6Control.obj (.text:Header6Control_SetConfig)
                  0000a336    0000009c     TestProtocol.obj (.text:_HandleHumanPwmCommand)
                  0000a3d2    0000009a     PushButtonControl.obj (.text:_ProcessPushButtons)
                  0000a46c    00000096     UiManager.obj (.text:UiManager_PlaySequence)
                  0000a502    00000096     rts430x_sc_sd_eabi.lib : _printfi_nf.obj (.text:_ltostr)
                  0000a598    00000094     BarometerControl.obj (.text:BarometerControl_ReadBar)
                  0000a62c    00000094     Timer.obj (.text:Timer_A0_Configure)
                  0000a6c0    00000094     Timer.obj (.text:Timer_A1_Configure)
                  0000a754    00000094     Timer.obj (.text:Timer_A2_Configure)
                  0000a7e8    00000092     I2c.obj (.text:I2c_Init)
                  0000a87a    00000092     Timer.obj (.text:Timer_B0_Configure)
                  0000a90c    00000092     BuzzerControl.obj (.text:_BuzzerControl_SetOutput)
                  0000a99e    0000008c     ConfigurationManager.obj (.text:ConMan_SetOutputConfig)
                  0000aa2a    0000008c     GyroscopeControl.obj (.text:GyroControl_SetConfig)
                  0000aab6    0000008c     Gyroscope.obj (.text:Gyroscope_Config)
                  0000ab42    0000008c     Pmm.obj (.text:Pmm_Init)
                  0000abce    0000008c     Pmm.obj (.text:_SetVCoreDown)
                  0000ac5a    0000008a     Uart.obj (.text:Uart_WriteByteHex)
                  0000ace4    0000008a     TestProtocol.obj (.text:_HandleHumanAdc1Command)
                  0000ad6e    0000008a     TimerTick.obj (.text:_InsertTimeout)
                  0000adf8    00000088     Gpio.obj (.text:Gpio_Configure)
                  0000ae80    00000088     TestProtocol.obj (.text:TestProtocol_HandleReceivedPacket)
                  0000af08    00000088     rts430x_sc_sd_eabi.lib : _printfi_nf.obj (.text:_div)
                  0000af90    00000082     DacControl.obj (.text:DacControl_SetConfig)
                  0000b012    00000082     SpiSlave.obj (.text:SpiSlave_Init)
                  0000b094    00000082     Gpio.obj (.text:_GpioPortOneIsr)
                  0000b116    00000082     Gpio.obj (.text:_GpioPortTwoIsr)
                  0000b198    00000082     TestProtocol.obj (.text:_HandleHumanVerCommand)
                  0000b21a    0000007e     Adc.obj (.text:Adc_ApplyCorrection)
                  0000b298    0000007e     Clock.obj (.text:Clock_Init)
                  0000b316    0000007c     Adc.obj (.text:Adc_ConvertValueToTemp)
                  0000b392    0000007c     EventQueue.obj (.text:EventQueue_GetNext)
                  0000b40e    0000007a     AdcManager.obj (.text:AdcManager_Init)
                  0000b488    0000007a     DigitalInputControl.obj (.text:_ReadPins)
                  0000b502    00000074     EncoderControl.obj (.text:EncControl_ReadEnc)
                  0000b576    00000070     DataBuffer.obj (.text:DataBuffer_AddToSubarray16Bit)
                  0000b5e6    00000070     Dma.obj (.text:Dma_Configure)
                  0000b656    0000006e     ConfigurationManager.obj (.text:ConMan_Init)
                  0000b6c4    0000006e     I2c.obj (.text:I2c_ReceiveByteEnd)
                  0000b732    0000006c     Accelerometer.obj (.text:Accelerometer_Start)
                  0000b79e    0000006c     I2c.obj (.text:I2c_TransmitByteEnd)
                  0000b80a    0000006c     TimerTick.obj (.text:TimerTick_RequestTimeout)
                  0000b876    0000006c     Ultrasound.obj (.text:UltrasoundStartTransmit)
                  0000b8e2    0000006c     Header4Control.obj (.text:_Header4Control_SetFrequency)
                  0000b94e    0000006c     Header5Control.obj (.text:_Header5Control_SetFrequency)
                  0000b9ba    0000006c     SelfTest.obj (.text:_TestDigitalInput)
                  0000ba26    0000006a     CommProtocol.obj (.text:CommProtocol_Init)
                  0000ba90    0000006a     SpiMaster.obj (.text:Spi_Init)
                  0000bafa    0000006a     Uart.obj (.text:Uart_Open)
                  0000bb64    0000006a     TestProtocol.obj (.text:_HandleHumanBarcCommand)
                  0000bbce    00000068     rts430x_sc_sd_eabi.lib : autoinit_wdt.obj (.text:_auto_init_hold_wdt)
                  0000bc36    00000066     Accelerometer.obj (.text:Accelerometer_ReadSample)
                  0000bc9c    00000066     Barometer.obj (.text:Barometer_ReadCoefficients)
                  0000bd02    00000066     Serial.obj (.text:Serial_SendStringNumber)
                  0000bd68    00000066     CommProtocol.obj (.text:_HandleRfStatusISR)
                  0000bdce    00000064     Encoder.obj (.text:Encoder_Read)
                  0000be32    00000064     Magnetometer.obj (.text:Magnetometer_Start)
                  0000be96    00000062     Pwm.obj (.text:Pwm_SetFrequency)
                  0000bef8    00000062     Accelerometer.obj (.text:_AccReadMultipleRegisters)
                  0000bf5a    00000062     TestProtocol.obj (.text:_HandleHumanAccCommand)
                  0000bfbc    00000062     TestProtocol.obj (.text:_HandleHumanBslCommand)
                  0000c01e    00000062     TestProtocol.obj (.text:_HandleHumanGyroCommand)
                  0000c080    00000062     TestProtocol.obj (.text:_HandleHumanMagCommand)
                  0000c0e2    00000062     Magnetometer.obj (.text:_ReadMultipleRegisters)
                  0000c144    00000062     rts430x_sc_sd_eabi.lib : copy_decompress_rle.obj (.text:__TI_decompress_rle_core)
                  0000c1a6    00000060     Barometer.obj (.text:Barometer_ReadSample)
                  0000c206    00000060     Gyroscope.obj (.text:Gyroscope_ReadSample)
                  0000c266    00000060     I2c.obj (.text:I2c_TransmitStart)
                  0000c2c6    0000005e     DataBuffer.obj (.text:DataBuffer_AddToSubarray8Bit)
                  0000c324    0000005e     Gyroscope.obj (.text:_GyroReadMultipleRegisters)
                  0000c382    0000005e     TestProtocol.obj (.text:_HandleHumanBarCommand)
                  0000c3e0    0000005c     AdcManager.obj (.text:AdcManager_PoweredChannelControl)
                  0000c43c    0000005c     Encoder.obj (.text:_Encoder_AddSample)
                  0000c498    0000005a     AdcManager.obj (.text:AdcManager_SingleSampleBlocking)
                  0000c4f2    00000058     Adc.obj (.text:Adc_Config)
                  0000c54a    00000058     Barometer.obj (.text:_BarReadMultipleRegisters)
                  0000c5a2    00000058     TestProtocol.obj (.text:_SendAckHuman)
                  0000c5fa    00000058     rts430x_sc_sd_eabi.lib : div32u.obj (.text)
                  0000c652    00000056     Gpio.obj (.text:Gpio_RegisterIsr)
                  0000c6a8    00000056     SelfTest.obj (.text:SelfTest_Start)
                  0000c6fe    00000056     Uart.obj (.text:Uart_WriteByteArray)
                  0000c754    00000056     rts430x_sc_sd_eabi.lib : snprintf.obj (.text:snprintf)
                  0000c7aa    00000054     LedControl.obj (.text:_Led_ProcessStates)
                  0000c7fe    00000052     I2c.obj (.text:I2c_Open)
                  0000c850    00000052     rts430x_sc_sd_eabi.lib : atoi.obj (.text:atoi)
                  0000c8a2    00000050     Version.obj (.text:UserFirmwareVersionString)
                  0000c8f2    00000050     TimerTick.obj (.text:_TimerA1CC0Isr)
                  0000c942    0000004e     CommProtocol.obj (.text:CommProtocol_TxHandler)
                  0000c990    0000004e     TimerTick.obj (.text:TimerTick_CancelTimeout)
                  0000c9de    0000004e     TimerTick.obj (.text:TimerTick_ProcessTimeouts)
                  0000ca2c    0000004c     AdcManager.obj (.text:AdcManager_ProcessConversion)
                  0000ca78    0000004c     Serial.obj (.text:Serial_SendPacket)
                  0000cac4    0000004c     Adc.obj (.text:_AdcIsr)
                  0000cb10    0000004c     Encoder.obj (.text:_TimerA2CCxIsr)
                  0000cb5c    0000004a     rts430x_sc_sd_eabi.lib : strtok.obj (.text:strtok)
                  0000cba6    00000048     Magnetometer.obj (.text:Magnetometer_Init)
                  0000cbee    00000046     CommProtocol.obj (.text:CommProtocol_HandleStopDataPacket)
                  0000cc34    00000046     Serial.obj (.text:Serial_SendString)
                  0000cc7a    00000044     Adc.obj (.text:Adc_GetTempCalib)
                  0000ccbe    00000044     Adc.obj (.text:Adc_SingleConversionSequenceBlocking)
                  0000cd02    00000044     Dac.obj (.text:DacSetVoltage)
                  0000cd46    00000044     I2c.obj (.text:I2c_TransmitByte)
                  0000cd8a    00000044     rts430x_sc_sd_eabi.lib : _printfi_nf.obj (.text:_pproc_fflags)
                  0000cdce    00000042     EventQueue.obj (.text:EventQueue_Add)
                  0000ce10    00000042     Ecg6ChanControl.obj (.text:_Ecg1DataCallback)
                  0000ce52    00000042     Ecg6ChanControl.obj (.text:_Ecg2DataCallback)
                  0000ce94    00000042     Ecg6ChanControl.obj (.text:_Ecg3DataCallback)
                  0000ced6    00000042     Ecg6ChanControl.obj (.text:_Ecg4DataCallback)
                  0000cf18    00000042     Ecg6ChanControl.obj (.text:_Ecg5DataCallback)
                  0000cf5a    00000042     Ecg6ChanControl.obj (.text:_Ecg6DataCallback)
                  0000cf9c    00000040     Accelerometer.obj (.text:Accelerometer_TriggerSampleBlocking)
                  0000cfdc    00000040     CommProtocol.obj (.text:CommProtocol_HandleStartDataPacket)
                  0000d01c    00000040     Accelerometer.obj (.text:_AccReadSingleRegister)
                  0000d05c    00000040     TestProtocol.obj (.text:_HandleHumanDacCommand)
                  0000d09c    00000040     Magnetometer.obj (.text:_ReadSingleRegister)
                  0000d0dc    0000003e     Gpio.obj (.text:Gpio_ConfigurePortU)
                  0000d11a    0000003e     SpiSlave.obj (.text:SpiSlave_LoadPacket)
                  0000d158    0000003e     EcgControl.obj (.text:_Ecg1DataCallback)
                  0000d196    0000003e     EcgControl.obj (.text:_Ecg3DataCallback)
                  0000d1d4    0000003e     AdcManager.obj (.text:_GetSamplesToSkip)
                  0000d212    0000003e     Encoder.obj (.text:_TimerA2CC0Isr)
                  0000d250    0000003c     Accelerometer.obj (.text:Accelerometer_Init)
                  0000d28c    0000003c     Accelerometer.obj (.text:Accelerometer_Stop)
                  0000d2c8    0000003c     Gyroscope.obj (.text:Gyroscope_Init)
                  0000d304    0000003c     SelfTest.obj (.text:_TotalTestState)
                  0000d340    0000003c     ThermometerControl.obj (.text:_thermometerDataCallBack)
                  0000d37c    0000003a     Gpio.obj (.text:Gpio_ConfigurePortJ)
                  0000d3b6    0000003a     Dma.obj (.text:_DmaIsr)
                  0000d3f0    0000003a     EcgControl.obj (.text:_Ecg2DataCallback)
                  0000d42a    0000003a     rts430x_sc_sd_eabi.lib : lsl64.obj (.text:__mspabi_sllll)
                  0000d464    0000003a                            : lsr64.obj (.text:__mspabi_srlll)
                  0000d49e    00000038     Barometer.obj (.text:Barometer_TriggerSampleBlocking)
                  0000d4d6    00000038     Gyroscope.obj (.text:_GyroReadSingleRegister)
                  0000d50e    00000038     Uart.obj (.text:_HandleUartTransmitInterrupt)
                  0000d546    00000038     DataBuffer.obj (.text:_InitializeData)
                  0000d57e    00000036     ConfigurationManager.obj (.text:ConMan_GetCalibration)
                  0000d5b4    00000036     Magnetometer.obj (.text:Magnetometer_Stop)
                  0000d5ea    00000036     Serial.obj (.text:Serial_Open)
                  0000d620    00000036     TimerTick.obj (.text:TimerTick_Init)
                  0000d656    00000036     Uart.obj (.text:Uart_WriteByte)
                  0000d68c    00000036     DataBuffer.obj (.text:_IndexOfSubarrayId)
                  0000d6c2    00000034     Gyroscope.obj (.text:Gyroscope_Start)
                  0000d6f6    00000034     PushButtonControl.obj (.text:PushButtonControl_Init)
                  0000d72a    00000034     ConfigurationManager.obj (.text:_ConMan_AllocateBuffer)
                  0000d75e    00000032     ThermometerControl.obj (.text:ThermometerControl_ReadCalibration)
                  0000d790    00000032     TimerTick.obj (.text:TimerTick_RegisterTickIsr)
                  0000d7c2    00000032     Uart.obj (.text:_UartA0Isr)
                  0000d7f4    00000032     Uart.obj (.text:_UartA1Isr)
                  0000d826    00000032     rts430x_sc_sd_eabi.lib : snprintf.obj (.text:_outs)
                  0000d858    00000030     BatteryControl.obj (.text:BatteryControl_ReadCalibration)
                  0000d888    00000030     Board.obj (.text:Board_Init)
                  0000d8b8    00000030     EventQueue.obj (.text:EventQueue_Init)
                  0000d8e8    00000030     EventQueue.obj (.text:EventQueue_IsEmpty)
                  0000d918    00000030     Pwm.obj (.text:Pwm_SetDuty)
                  0000d948    00000030     SpiSlave.obj (.text:SpiSlave_ReadPacket)
                  0000d978    00000030     Uart.obj (.text:Uart_ReadByte)
                  0000d9a8    0000002e     Encoder.obj (.text:Encoder_Start)
                  0000d9d6    0000002c     DataBuffer.obj (.text:DataBuffer_RotateBuffer)
                  0000da02    0000002c     Dma.obj (.text:Dma_Arm)
                  0000da2e    0000002c     Encoder.obj (.text:Encoder_Init)
                  0000da5a    0000002c     GyroscopeControl.obj (.text:GyroControl_ReadGyro)
                  0000da86    0000002c     I2c.obj (.text:I2c_ReceiveByte)
                  0000dab2    0000002c     Barometer.obj (.text:_BarWriteRegister)
                  0000dade    0000002c     Conversion.obj (.text:_CheckForOverflowUnsigned)
                  0000db0a    0000002c     Gyroscope.obj (.text:_GyroWriteRegister)
                  0000db36    0000002c     Uart.obj (.text:_HandleUartReceiveInterrupt)
                  0000db62    0000002c     SelfTest.obj (.text:_TestAnalogInput)
                  0000db8e    0000002a     AccelerometerControl.obj (.text:AccControl_ReadAcc)
                  0000dbb8    0000002a     DataBuffer.obj (.text:DataBuffer_ClearSubarrays)
                  0000dbe2    0000002a     Gyroscope.obj (.text:Gyroscope_ReadSampleArray)
                  0000dc0c    0000002a     I2c.obj (.text:I2c_WaitUntilBusIdle)
                  0000dc36    0000002a     MagnetometerControl.obj (.text:MagControl_ReadMag)
                  0000dc60    0000002a     SpiMaster.obj (.text:Spi_ReadRegister)
                  0000dc8a    00000028     Pwm.obj (.text:_DutyToCount)
                  0000dcb2    00000028     rts430x_sc_sd_eabi.lib : strcspn.obj (.text:strcspn)
                  0000dcda    00000028                            : strspn.obj (.text:strspn)
                  0000dd02    00000026     Pwm.obj (.text:Pwm_Init)
                  0000dd28    00000026     Uart.obj (.text:Uart_AreBytesAvailableAnyOpenPort)
                  0000dd4e    00000024     Accelerometer.obj (.text:Accelerometer_ReadSampleArray)
                  0000dd72    00000024     ConfigurationManager.obj (.text:ConMan_SetFixedConfig)
                  0000dd96    00000024     Gpio.obj (.text:Gpio_EnableResistor)
                  0000ddba    00000024     Magnetometer.obj (.text:Magnetometer_ReadSampleArray)
                  0000ddde    00000024     Serial.obj (.text:Serial_GetPacket)
                  0000de02    00000024     Serial.obj (.text:Serial_Init)
                  0000de26    00000024     AdcManager.obj (.text:_AllChannelsDisabled)
                  0000de4a    00000024     Adc.obj (.text:_MoveSamplesToUserLocation)
                  0000de6e    00000024     CommProtocol.obj (.text:_WriteMessageData)
                  0000de92    00000022     Encoder.obj (.text:_Encoder_ClearBuffer)
                  0000deb4    00000020     Encoder.obj (.text:Encoder_Stop)
                  0000ded4    00000020     SpiMaster.obj (.text:Spi_WriteRegister)
                  0000def4    00000020     UiManager.obj (.text:UiManager_StopSequence)
                  0000df14    00000020     Pwm.obj (.text:_AnyChannelsEnabled)
                  0000df34    0000001e     DataBuffer.obj (.text:DataBuffer_GetIdleBuffer)
                  0000df52    0000001e     System.obj (.text:System_Init)
                  0000df70    0000001e     rts430x_sc_sd_eabi.lib : snprintf.obj (.text:_outc)
                  0000df8e    0000001c     SelfTest.obj (.text:_AllTestsInState)
                  0000dfaa    0000001c     Header1Control.obj (.text:_Header1Control_SetPinOutput)
                  0000dfc6    0000001c     Header2Control.obj (.text:_Header2Control_SetPinOutput)
                  0000dfe2    0000001c     Header3Control.obj (.text:_Header3Control_SetPinOutput)
                  0000dffe    0000001c     Header6Control.obj (.text:_Header6Control_SetPinOutput)
                  0000e01a    0000001a     Dma.obj (.text:Dma_Enable)
                  0000e034    0000001a     PushButtonControl.obj (.text:PushButtonControl_isButtonPressed)
                  0000e04e    0000001a     System.obj (.text:System_ConvertResetReasonToString)
                  0000e068    0000001a     rts430x_sc_sd_eabi.lib : boot_special.obj (.text:_c_int00_noargs_noexit)
                  0000e082    0000001a                            : memccpy.obj (.text:memccpy)
                  0000e09c    00000018     Uart.obj (.text:Uart_EnableReceive)
                  0000e0b4    00000018     rts430x_sc_sd_eabi.lib : mult1632_f5hw.obj (.text:__mpyul)
                  0000e0cc    00000016     Barometer.obj (.text:Barometer_ReadSampleArray)
                  0000e0e2    00000016     Gyroscope.obj (.text:Gyroscope_Stop)
                  0000e0f8    00000016     SpiSlave.obj (.text:SpiSlave_FlushRead)
                  0000e10e    00000016     SpiSlave.obj (.text:SpiSlave_UnloadPacket)
                  0000e124    00000016     SpiMaster.obj (.text:Spi_WriteByte)
                  0000e13a    00000016     AmbientLightControl.obj (.text:_AmbientLightDataCallback)
                  0000e150    00000016     Analog7Control.obj (.text:_Analog7DataCallback)
                  0000e166    00000016     Analog8Control.obj (.text:_Analog8DataCallback)
                  0000e17c    00000016     Analog9Control.obj (.text:_Analog9DataCallback)
                  0000e192    00000016     BatteryControl.obj (.text:_BatteryVoltageDataCallback)
                  0000e1a8    00000016     HighGainControl.obj (.text:_HighGainDataCallback)
                  0000e1be    00000016     MicrophoneControl.obj (.text:_MicrophoneDataCallback)
                  0000e1d4    00000016     rts430x_sc_sd_eabi.lib : div16u.obj (.text)
                  0000e1ea    00000014     Barometer.obj (.text:Barometer_ReadCoeffArray)
                  0000e1fe    00000014     Gpio.obj (.text:Gpio_GetValue)
                  0000e212    00000014     KeyValue.obj (.text:KeyValue_Separate)
                  0000e226    00000014     Timer.obj (.text:Timer_A0CCX_Configure)
                  0000e23a    00000014     Timer.obj (.text:Timer_A2CCX_Configure)
                  0000e24e    00000014     Timer.obj (.text:Timer_B0CCX_Configure)
                  0000e262    00000014     Uart.obj (.text:Uart_AreBytesAvailable)
                  0000e276    00000014     ForceGaugeControl.obj (.text:_ForceGaugeDataCallback)
                  0000e28a    00000014     StateMachine.obj (.text:_HandlePowerOffRequest)
                  0000e29e    00000014     rts430x_sc_sd_eabi.lib : copy_zero_init.obj (.text:decompress:ZI:__TI_zero_init)
                  0000e2b2    00000014                            : memset.obj (.text:memset)
                  0000e2c6    00000014                            : mult16_f5hw.obj (.text)
                  0000e2da    00000012     AccelerometerControl.obj (.text:AccControl_Init)
                  0000e2ec    00000012     Adc.obj (.text:Adc_StartConversionSequenceOfChannels)
                  0000e2fe    00000012     DataBuffer.obj (.text:DataBuffer_Init)
                  0000e310    00000012     Gpio.obj (.text:Gpio_ClearPortU)
                  0000e322    00000012     Gpio.obj (.text:Gpio_GetValuePortU)
                  0000e334    00000012     Gpio.obj (.text:Gpio_SetPortU)
                  0000e346    00000012     GyroscopeControl.obj (.text:GyroControl_Init)
                  0000e358    00000012     Interrupt.obj (.text:Interrupt_Lock)
                  0000e36a    00000012     MagnetometerControl.obj (.text:MagControl_Init)
                  0000e37c    00000012     rts430x_sc_sd_eabi.lib : copy_decompress_none.obj (.text:decompress:none:__TI_decompress_none)
                  0000e38e    00000012                            : memcpy.obj (.text:memcpy)
                  0000e3a0    00000010     Barometer.obj (.text:Barometer_StartSampleConversion)
                  0000e3b0    00000010     Dma.obj (.text:Dma_RegisterIsr)
                  0000e3c0    00000010     Pwm.obj (.text:Pwm_GetDuty)
                  0000e3d0    00000010     Accelerometer.obj (.text:_HandleDataReadyInterrupt)
                  0000e3e0    00000010     Gyroscope.obj (.text:_HandleDataReadyInterrupt)
                  0000e3f0    00000010     Magnetometer.obj (.text:_HandleDataReadyInterrupt)
                  0000e400    00000010     rts430x_sc_sd_eabi.lib : lsr32.obj (.text:l_lsr)
                  0000e410    0000000e     Buzzer.obj (.text:Buzzer_Enable)
                  0000e41e    0000000e     CommProtocol.obj (.text:CommProtocol_GetRfStatus)
                  0000e42c    0000000e     Dma.obj (.text:Dma_Disable)
                  0000e43a    0000000e     Gpio.obj (.text:Gpio_Clear)
                  0000e448    0000000e     Gpio.obj (.text:Gpio_GetValuePortJ)
                  0000e456    0000000e     LedControl.obj (.text:LedControl_Init)
                  0000e464    0000000e     SpiSlave.obj (.text:_HandleDmaRxIsr)
                  0000e472    0000000e     SpiSlave.obj (.text:_HandleDmaTxIsr)
                  0000e480    0000000e     UiManager.obj (.text:_UiTickCallBack)
                  0000e48e    0000000e     rts430x_sc_sd_eabi.lib : strlen.obj (.text:strlen)
                  0000e49c    0000000c     Adc.obj (.text:Adc_StopConversion)
                  0000e4a8    0000000c     Dma.obj (.text:Dma_DisableIsr)
                  0000e4b4    0000000c     Dma.obj (.text:Dma_EnableIsr)
                  0000e4c0    0000000c     Gpio.obj (.text:Gpio_Set)
                  0000e4cc    0000000c     Interrupt.obj (.text:Interrupt_Unlock)
                  0000e4d8    0000000c     Ultrasound.obj (.text:_RxEnable)
                  0000e4e4    0000000a     Adc.obj (.text:Adc_GetNumberOfConversions)
                  0000e4ee    0000000a     BarometerControl.obj (.text:BarometerControl_Init)
                  0000e4f8    0000000a     Dma.obj (.text:Dma_Init)
                  0000e502    0000000a     EncoderControl.obj (.text:EncControl_Init)
                  0000e50c    0000000a     TimerTick.obj (.text:TimerTick_CancelTimeoutFromCallback)
                  0000e516    0000000a     TimerTick.obj (.text:TimerTick_IsTimerActive)
                  0000e520    0000000a     Version.obj (.text:WaferId)
                  0000e52a    0000000a     AccelerometerControl.obj (.text:_AccDataReadyIsr)
                  0000e534    0000000a     Main.obj (.text:_ClearStartup)
                  0000e53e    0000000a     GyroscopeControl.obj (.text:_GyroDataReadyIsr)
                  0000e548    0000000a     StateMachine.obj (.text:_UnlatchPower)
                  0000e552    0000000a     Main.obj (.text:_system_pre_init)
                  0000e55c    0000000a     rts430x_sc_sd_eabi.lib : lsl16.obj (.text)
                  0000e566    00000008     BatteryControl.obj (.text:BatteryControl_GetCounts)
                  0000e56e    00000008     Buzzer.obj (.text:Buzzer_SetDuty)
                  0000e576    00000008     LedControl.obj (.text:LedControl_SetLed)
                  0000e57e    00000008     TimerTick.obj (.text:TimerTick_EnableTickIsr)
                  0000e586    00000008     Uart.obj (.text:Uart_IsPortOpen)
                  0000e58e    00000008     TestProtocol.obj (.text:_HandleHumanAdcCommand)
                  0000e596    00000008     TestProtocol.obj (.text:_HandleHumanStopCommand)
                  0000e59e    00000008     TestProtocol.obj (.text:_HandleHumanUsGoCommand)
                  0000e5a6    00000008     MagnetometerControl.obj (.text:_MagDataReadyIsr)
                  0000e5ae    00000006     Accelerometer.obj (.text:Accelerometer_RegisterIsr)
                  0000e5b4    00000006     Adc.obj (.text:Adc_GetGainFactor)
                  0000e5ba    00000006     Adc.obj (.text:Adc_GetOffset)
                  0000e5c0    00000006     AmbientLightControl.obj (.text:AmbientLightControl_Init)
                  0000e5c6    00000006     Analog7Control.obj (.text:Analog7Control_Init)
                  0000e5cc    00000006     Analog8Control.obj (.text:Analog8Control_Init)
                  0000e5d2    00000006     Analog9Control.obj (.text:Analog9Control_Init)
                  0000e5d8    00000006     BarometerControl.obj (.text:BarometerControl_ReadCalibration)
                  0000e5de    00000006     BatteryControl.obj (.text:BatteryControl_Init)
                  0000e5e4    00000006     Buzzer.obj (.text:Buzzer_Disable)
                  0000e5ea    00000006     ConfigurationManager.obj (.text:ConMan_GetFixedConfig)
                  0000e5f0    00000006     Version.obj (.text:DeviceId)
                  0000e5f6    00000006     DigitalInputControl.obj (.text:DigitalInputControl_Init)
                  0000e5fc    00000006     Ecg6ChanControl.obj (.text:Ecg6Control_Init)
                  0000e602    00000006     EcgControl.obj (.text:EcgControl_Init)
                  0000e608    00000006     ForceGaugeControl.obj (.text:FgControl_Init)
                  0000e60e    00000006     Version.obj (.text:FirmwareRevisionMicro)
                  0000e614    00000006     Gyroscope.obj (.text:Gyroscope_RegisterIsr)
                  0000e61a    00000006     Version.obj (.text:HardwareRevisionMicro)
                  0000e620    00000006     HighGainControl.obj (.text:HighGainControl_Init)
                  0000e626    00000006     Magnetometer.obj (.text:Magnetometer_RegisterIsr)
                  0000e62c    00000006     MicrophoneControl.obj (.text:MicrophoneControl_Init)
                  0000e632    00000006     System.obj (.text:System_GetResetReason)
                  0000e638    00000006     System.obj (.text:System_PowerOff)
                  0000e63e    00000006     TestProtocol.obj (.text:TestProtocol_Init)
                  0000e644    00000006     ThermometerControl.obj (.text:ThermometerControl_Init)
                  0000e64a    00000006     rts430x_sc_sd_eabi.lib : copy_decompress_rle.obj (.text:decompress:rle24:__TI_decompress_rle24)
                  0000e650    00000004     Buzzer.obj (.text:Buzzer_SetFrequency)
                  0000e654    00000004     Conversion.obj (.text:Conversion_SwapBytes)
                  0000e658    00000004     rts430x_sc_sd_eabi.lib : exit.obj (.text:abort)
                  0000e65c    00000002     Barometer.obj (.text:Barometer_Init)
                  0000e65e    00000002     Dac.obj (.text:DacInit)
                  0000e660    00000002     Header1Control.obj (.text:Header1Control_Init)
                  0000e662    00000002     Header2Control.obj (.text:Header2Control_Init)
                  0000e664    00000002     Header3Control.obj (.text:Header3Control_Init)
                  0000e666    00000002     Header4Control.obj (.text:Header4Control_Init)
                  0000e668    00000002     Header6Control.obj (.text:Header6Control_Init)
                  0000e66a    00000002     UiManager.obj (.text:UiManager_Init)
                  0000e66c    00000002     Accelerometer.obj (.text:_HandleOtherInterrupt)
                  0000e66e    00000002     Gyroscope.obj (.text:_HandleOtherInterrupt)

RTC        0    0000ffd2    00000002     
                  0000ffd2    00000002     rts430x_sc_sd_eabi.lib : int41.obj (.int41)

PORT2      0    0000ffd4    00000002     
                  0000ffd4    00000002     Gpio.obj (.int42)

TIMER2_A1 
*          0    0000ffd6    00000002     
                  0000ffd6    00000002     Encoder.obj (.int43)

TIMER2_A0 
*          0    0000ffd8    00000002     
                  0000ffd8    00000002     Encoder.obj (.int44)

USCI_B1    0    0000ffda    00000002     
                  0000ffda    00000002     rts430x_sc_sd_eabi.lib : int45.obj (.int45)

USCI_A1    0    0000ffdc    00000002     
                  0000ffdc    00000002     Uart.obj (.int46)

PORT1      0    0000ffde    00000002     
                  0000ffde    00000002     Gpio.obj (.int47)

TIMER1_A1 
*          0    0000ffe0    00000002     
                  0000ffe0    00000002     rts430x_sc_sd_eabi.lib : int48.obj (.int48)

TIMER1_A0 
*          0    0000ffe2    00000002     
                  0000ffe2    00000002     TimerTick.obj (.int49)

DMA        0    0000ffe4    00000002     
                  0000ffe4    00000002     Dma.obj (.int50)

LDO_PWR    0    0000ffe6    00000002     
                  0000ffe6    00000002     rts430x_sc_sd_eabi.lib : int51.obj (.int51)

TIMER0_A1 
*          0    0000ffe8    00000002     
                  0000ffe8    00000002     rts430x_sc_sd_eabi.lib : int52.obj (.int52)

TIMER0_A0 
*          0    0000ffea    00000002     
                  0000ffea    00000002     rts430x_sc_sd_eabi.lib : int53.obj (.int53)

ADC12      0    0000ffec    00000002     
                  0000ffec    00000002     Adc.obj (.int54)

USCI_B0    0    0000ffee    00000002     
                  0000ffee    00000002     rts430x_sc_sd_eabi.lib : int55.obj (.int55)

USCI_A0    0    0000fff0    00000002     
                  0000fff0    00000002     Uart.obj (.int56)

WDT        0    0000fff2    00000002     
                  0000fff2    00000002     rts430x_sc_sd_eabi.lib : int57.obj (.int57)

TIMER0_B1 
*          0    0000fff4    00000002     
                  0000fff4    00000002     rts430x_sc_sd_eabi.lib : int58.obj (.int58)

TIMER0_B0 
*          0    0000fff6    00000002     
                  0000fff6    00000002     rts430x_sc_sd_eabi.lib : int59.obj (.int59)

COMP_B     0    0000fff8    00000002     
                  0000fff8    00000002     rts430x_sc_sd_eabi.lib : int60.obj (.int60)

UNMI       0    0000fffa    00000002     
                  0000fffa    00000002     rts430x_sc_sd_eabi.lib : int61.obj (.int61)

SYSNMI     0    0000fffc    00000002     
                  0000fffc    00000002     rts430x_sc_sd_eabi.lib : int62.obj (.int62)

.reset     0    0000fffe    00000002     
                  0000fffe    00000002     rts430x_sc_sd_eabi.lib : boot.obj (.reset)


LINKER GENERATED COPY TABLES

__TI_cinit_table @ 0000ff18 records: 2, size/record: 4, table size: 8
	.data: load addr=0000fda0, load size=0000016d bytes, run addr=00002394, run size=0000053c bytes, compression=rle
	.bss: load addr=0000ff14, load size=00000004 bytes, run addr=00001c00, run size=00000794 bytes, compression=zero_init


LINKER GENERATED HANDLER TABLE

__TI_handler_table @ 0000ff0e records: 3, size/record: 2, table size: 6
	index: 0, handler: __TI_zero_init
	index: 1, handler: __TI_decompress_rle24
	index: 2, handler: __TI_decompress_none


GLOBAL SYMBOLS: SORTED ALPHABETICALLY BY Name 

address   name                                 
-------   ----                                 
00000700  ADC12CTL0                            
00000701  ADC12CTL0_H                          
00000700  ADC12CTL0_L                          
00000702  ADC12CTL1                            
00000703  ADC12CTL1_H                          
00000702  ADC12CTL1_L                          
00000704  ADC12CTL2                            
00000705  ADC12CTL2_H                          
00000704  ADC12CTL2_L                          
0000070c  ADC12IE                              
0000070d  ADC12IE_H                            
0000070c  ADC12IE_L                            
0000070a  ADC12IFG                             
0000070b  ADC12IFG_H                           
0000070a  ADC12IFG_L                           
0000070e  ADC12IV                              
0000070f  ADC12IV_H                            
0000070e  ADC12IV_L                            
00000710  ADC12MCTL0                           
00000711  ADC12MCTL1                           
0000071a  ADC12MCTL10                          
0000071b  ADC12MCTL11                          
0000071c  ADC12MCTL12                          
0000071d  ADC12MCTL13                          
0000071e  ADC12MCTL14                          
0000071f  ADC12MCTL15                          
00000712  ADC12MCTL2                           
00000713  ADC12MCTL3                           
00000714  ADC12MCTL4                           
00000715  ADC12MCTL5                           
00000716  ADC12MCTL6                           
00000717  ADC12MCTL7                           
00000718  ADC12MCTL8                           
00000719  ADC12MCTL9                           
00000720  ADC12MEM0                            
00000721  ADC12MEM0_H                          
00000720  ADC12MEM0_L                          
00000722  ADC12MEM1                            
00000734  ADC12MEM10                           
00000735  ADC12MEM10_H                         
00000734  ADC12MEM10_L                         
00000736  ADC12MEM11                           
00000737  ADC12MEM11_H                         
00000736  ADC12MEM11_L                         
00000738  ADC12MEM12                           
00000739  ADC12MEM12_H                         
00000738  ADC12MEM12_L                         
0000073a  ADC12MEM13                           
0000073b  ADC12MEM13_H                         
0000073a  ADC12MEM13_L                         
0000073c  ADC12MEM14                           
0000073d  ADC12MEM14_H                         
0000073c  ADC12MEM14_L                         
0000073e  ADC12MEM15                           
0000073f  ADC12MEM15_H                         
0000073e  ADC12MEM15_L                         
00000723  ADC12MEM1_H                          
00000722  ADC12MEM1_L                          
00000724  ADC12MEM2                            
00000725  ADC12MEM2_H                          
00000724  ADC12MEM2_L                          
00000726  ADC12MEM3                            
00000727  ADC12MEM3_H                          
00000726  ADC12MEM3_L                          
00000728  ADC12MEM4                            
00000729  ADC12MEM4_H                          
00000728  ADC12MEM4_L                          
0000072a  ADC12MEM5                            
0000072b  ADC12MEM5_H                          
0000072a  ADC12MEM5_L                          
0000072c  ADC12MEM6                            
0000072d  ADC12MEM6_H                          
0000072c  ADC12MEM6_L                          
0000072e  ADC12MEM7                            
0000072f  ADC12MEM7_H                          
0000072e  ADC12MEM7_L                          
00000730  ADC12MEM8                            
00000731  ADC12MEM8_H                          
00000730  ADC12MEM8_L                          
00000732  ADC12MEM9                            
00000733  ADC12MEM9_H                          
00000732  ADC12MEM9_L                          
0000e2da  AccControl_Init                      
0000db8e  AccControl_ReadAcc                   
000091f6  AccControl_SetConfig                 
0000678c  Accelerometer_Config                 
0000d250  Accelerometer_Init                   
0000bc36  Accelerometer_ReadSample             
0000dd4e  Accelerometer_ReadSampleArray        
0000e5ae  Accelerometer_RegisterIsr            
0000b732  Accelerometer_Start                  
0000d28c  Accelerometer_Stop                   
0000cf9c  Accelerometer_TriggerSampleBlocking  
0000a162  AdcManager_DisableChannel            
0000654a  AdcManager_EnableChannel             
0000e5b4  AdcManager_GetGainFactor             
0000e5ba  AdcManager_GetOffset                 
0000b40e  AdcManager_Init                      
0000c3e0  AdcManager_PoweredChannelControl     
0000ca2c  AdcManager_ProcessConversion         
0000c498  AdcManager_SingleSampleBlocking      
0000b21a  Adc_ApplyCorrection                  
0000c4f2  Adc_Config                           
0000b316  Adc_ConvertValueToTemp               
0000e5b4  Adc_GetGainFactor                    
0000e4e4  Adc_GetNumberOfConversions           
[...]
0000071f  ADC12MCTL15                          
00000720  ADC12MEM0                            
00000720  ADC12MEM0_L                          
00000721  ADC12MEM0_H                          
00000722  ADC12MEM1                            
00000722  ADC12MEM1_L                          
00000723  ADC12MEM1_H                          
00000724  ADC12MEM2                            
00000724  ADC12MEM2_L                          
00000725  ADC12MEM2_H                          
00000726  ADC12MEM3                            
00000726  ADC12MEM3_L                          
00000727  ADC12MEM3_H                          
00000728  ADC12MEM4                            
00000728  ADC12MEM4_L                          
00000729  ADC12MEM4_H                          
0000072a  ADC12MEM5                            
0000072a  ADC12MEM5_L                          
0000072b  ADC12MEM5_H                          
0000072c  ADC12MEM6                            
0000072c  ADC12MEM6_L                          
0000072d  ADC12MEM6_H                          
0000072e  ADC12MEM7                            
0000072e  ADC12MEM7_L                          
0000072f  ADC12MEM7_H                          
00000730  ADC12MEM8                            
00000730  ADC12MEM8_L                          
00000731  ADC12MEM8_H                          
00000732  ADC12MEM9                            
00000732  ADC12MEM9_L                          
00000733  ADC12MEM9_H                          
00000734  ADC12MEM10                           
00000734  ADC12MEM10_L                         
00000735  ADC12MEM10_H                         
00000736  ADC12MEM11                           
00000736  ADC12MEM11_L                         
00000737  ADC12MEM11_H                         
00000738  ADC12MEM12                           
00000738  ADC12MEM12_L                         
00000739  ADC12MEM12_H                         
0000073a  ADC12MEM13                           
0000073a  ADC12MEM13_L                         
0000073b  ADC12MEM13_H                         
0000073c  ADC12MEM14                           
0000073c  ADC12MEM14_L                         
0000073d  ADC12MEM14_H                         
0000073e  ADC12MEM15                           
0000073e  ADC12MEM15_L                         
0000073f  ADC12MEM15_H                         
000008c0  CBCTL0                               
000008c0  CBCTL0_L                             
000008c1  CBCTL0_H                             
000008c2  CBCTL1                               
000008c2  CBCTL1_L                             
000008c3  CBCTL1_H                             
000008c4  CBCTL2                               
000008c4  CBCTL2_L                             
000008c5  CBCTL2_H                             
000008c6  CBCTL3                               
000008c6  CBCTL3_L                             
000008c7  CBCTL3_H                             
000008cc  CBINT                                
000008cc  CBINT_L                              
000008cd  CBINT_H                              
000008ce  CBIV                                 
00000900  LDOKEYPID                            
00000900  LDOKEYPID_L                          
00000901  LDOKEYPID_H                          
00000904  PUCTL                                
00000904  PUCTL_L                              
00000905  PUCTL_H                              
00000908  LDOPWRCTL                            
00000908  LDOPWRCTL_L                          
00000909  LDOPWRCTL_H                          
00002380  _tickHandle                          
000026fa  _activeSequence                      
0000287e  _dacMode                             
00002880  _dacAmplitude                        
00002882  _initialized                         
00004338  _stack                               
00004400  __STACK_END                          
00004400  __TI_ISR_TRAP                        
00004406  Ecg6Control_SetConfig                
00004902  Gpio_Init                            
00004d18  SelfTest_Process                     
000050b2  __mspabi_divull                      
0000544c  ConMan_StartData                     
000057c4  CommProtocol_RxHandler               
00005ac2  EcgControl_SetConfig                 
00006044  ConMan_StopData                      
000062dc  ThermometerControl_SetConfig         
0000654a  AdcManager_EnableChannel             
0000678c  Accelerometer_Config                 
00006b6e  __TI_printfi_nofloat                 
00006d34  ConMan_GetPacketConfig               
00007222  Analog7Control_SetConfig             
000073a6  Analog8Control_SetConfig             
0000752a  Analog9Control_SetConfig             
00007812  Uart_Init                            
00007ac2  DigitalInputControl_SetConfig        
00007c06  Magnetometer_Config                  
0000821a  AmbientLightControl_SetConfig        
0000833c  BatteryControl_SetConfig             
0000845e  ConMan_SetSensorConfig               
00008580  HighGainControl_SetConfig            
000086a2  MicrophoneControl_SetConfig          
000087c4  DataBuffer_CreateSubarray            
000088d6  FgControl_SetConfig                  
000089e2  Pwm_Enable                           
00008bfa  BuzzerControl_SetConfig              
00008e0c  Header4Control_SetConfig             
00008f0e  Header5Control_SetConfig             
00009104  BarometerControl_SetConfig           
000091f6  AccControl_SetConfig                 
000092dc  main                                 
000093b6  Pwm_Disable                          
0000955e  Adc_Init                             
0000962a  Magnetometer_TriggerSampleBlocking   
00009882  Serial_SendString3Numbers            
00009b80  MagControl_SetConfig                 
00009c32  Serial_ProcessReceivedBytes          
00009ce4  Adc_SetChannelSequence               
00009d90  StateMachine_ProcessEvents           
00009e3a  Conversion_HexStringToUint           
00009edc  EncControl_SetConfig                 
00009f7e  Header1Control_SetConfig             
0000a020  Header2Control_SetConfig             
0000a162  AdcManager_DisableChannel            
0000a1fe  Header3Control_SetConfig             
0000a29a  Header6Control_SetConfig             
0000a46c  UiManager_PlaySequence               
0000a598  BarometerControl_ReadBar             
0000a62c  Timer_A0_Configure                   
0000a6c0  Timer_A1_Configure                   
0000a754  Timer_A2_Configure                   
0000a7e8  I2c_Init                             
0000a87a  Timer_B0_Configure                   
0000a99e  ConMan_SetOutputConfig               
0000aa2a  GyroControl_SetConfig                
0000aab6  Gyroscope_Config                     
0000ab42  Pmm_Init                             
0000ac5a  Uart_WriteByteHex                    
0000adf8  Gpio_Configure                       
0000ae80  TestProtocol_HandleReceivedPacket    
0000af90  DacControl_SetConfig                 
0000b012  SpiSlave_Init                        
0000b094  _GpioPortOneIsr                      
0000b116  _GpioPortTwoIsr                      
0000b21a  Adc_ApplyCorrection                  
0000b298  Clock_Init                           
0000b316  Adc_ConvertValueToTemp               
0000b392  EventQueue_GetNext                   
0000b40e  AdcManager_Init                      
0000b502  EncControl_ReadEnc                   
0000b576  DataBuffer_AddToSubarray16Bit        
0000b5e6  Dma_Configure                        
0000b656  ConMan_Init                          
0000b6c4  I2c_ReceiveByteEnd                   
0000b732  Accelerometer_Start                  
0000b79e  I2c_TransmitByteEnd                  
0000b80a  TimerTick_RequestTimeout             
0000b876  UltrasoundStartTransmit              
0000ba26  CommProtocol_Init                    
0000ba90  Spi_Init                             
0000bafa  Uart_Open                            
0000bbce  _auto_init_hold_wdt                  
0000bc36  Accelerometer_ReadSample             
0000bc9c  Barometer_ReadCoefficients           
0000bd02  Serial_SendStringNumber              
0000bdce  Encoder_Read                         
0000be32  Magnetometer_Start                   
0000be96  Pwm_SetFrequency                     
0000c1a6  Barometer_ReadSample                 
0000c206  Gyroscope_ReadSample                 
0000c266  I2c_TransmitStart                    
0000c2c6  DataBuffer_AddToSubarray8Bit         
0000c324  _GyroReadMultipleRegisters           
0000c3e0  AdcManager_PoweredChannelControl     
0000c498  AdcManager_SingleSampleBlocking      
0000c4f2  Adc_Config                           
0000c54a  _BarReadMultipleRegisters            
0000c5fa  __mspabi_divul                       
0000c5fa  __mspabi_remul                       
0000c652  Gpio_RegisterIsr                     
0000c6a8  SelfTest_Start                       
0000c6fe  Uart_WriteByteArray                  
0000c754  snprintf                             
0000c7fe  I2c_Open                             
0000c850  atoi                                 
0000c8a2  UserFirmwareVersionString            
0000c8f2  _TimerA1CC0Isr                       
0000c942  CommProtocol_TxHandler               
0000c990  TimerTick_CancelTimeout              
0000c9de  TimerTick_ProcessTimeouts            
0000ca2c  AdcManager_ProcessConversion         
0000ca78  Serial_SendPacket                    
0000cac4  _AdcIsr                              
0000cb10  _TimerA2CCxIsr                       
0000cb5c  strtok                               
0000cba6  Magnetometer_Init                    
0000cbee  CommProtocol_HandleStopDataPacket    
0000cc34  Serial_SendString                    
0000cc7a  Adc_GetTempCalib                     
0000ccbe  Adc_SingleConversionSequenceBlocking 
0000cd02  DacSetVoltage                        
0000cd46  I2c_TransmitByte                     
0000cdce  EventQueue_Add                       
0000cf9c  Accelerometer_TriggerSampleBlocking  
0000cfdc  CommProtocol_HandleStartDataPacket   
0000d0dc  Gpio_ConfigurePortU                  
0000d11a  SpiSlave_LoadPacket                  
0000d212  _TimerA2CC0Isr                       
0000d250  Accelerometer_Init                   
0000d28c  Accelerometer_Stop                   
0000d2c8  Gyroscope_Init                       
0000d37c  Gpio_ConfigurePortJ                  
0000d3b6  _DmaIsr                              
0000d42a  __mspabi_sllll                       
0000d464  __mspabi_srlll                       
0000d49e  Barometer_TriggerSampleBlocking      
0000d4d6  _GyroReadSingleRegister              
0000d57e  ConMan_GetCalibration                
0000d5b4  Magnetometer_Stop                    
0000d5ea  Serial_Open                          
0000d620  TimerTick_Init                       
0000d656  Uart_WriteByte                       
0000d6c2  Gyroscope_Start                      
0000d6f6  PushButtonControl_Init               
0000d75e  ThermometerControl_ReadCalibration   
0000d790  TimerTick_RegisterTickIsr            
0000d7c2  _UartA0Isr                           
0000d7f4  _UartA1Isr                           
0000d858  BatteryControl_ReadCalibration       
0000d888  Board_Init                           
0000d8b8  EventQueue_Init                      
0000d8e8  EventQueue_IsEmpty                   
0000d918  Pwm_SetDuty                          
0000d948  SpiSlave_ReadPacket                  
0000d978  Uart_ReadByte                        
0000d9a8  Encoder_Start                        
0000d9d6  DataBuffer_RotateBuffer              
0000da02  Dma_Arm                              
0000da2e  Encoder_Init                         
0000da5a  GyroControl_ReadGyro                 
0000da86  I2c_ReceiveByte                      
0000dab2  _BarWriteRegister                    
0000dade  _CheckForOverflowUnsigned            
0000db0a  _GyroWriteRegister                   
0000db8e  AccControl_ReadAcc                   
0000dbb8  DataBuffer_ClearSubarrays            
0000dbe2  Gyroscope_ReadSampleArray            
0000dc0c  I2c_WaitUntilBusIdle                 
0000dc36  MagControl_ReadMag                   
0000dc60  Spi_ReadRegister                     
0000dcb2  strcspn                              
0000dcda  strspn                               
0000dd02  BuzzerControl_Init                   
0000dd02  Header5Control_Init                  
0000dd02  Pwm_Init                             
0000dd28  Uart_AreBytesAvailableAnyOpenPort    
0000dd4e  Accelerometer_ReadSampleArray        
0000dd72  ConMan_SetFixedConfig                
0000dd96  Gpio_EnableResistor                  
0000ddba  Magnetometer_ReadSampleArray         
0000ddde  Serial_GetPacket                     
0000de02  Serial_Init                          
0000de4a  _MoveSamplesToUserLocation           
0000deb4  Encoder_Stop                         
0000ded4  Spi_WriteRegister                    
0000def4  UiManager_StopSequence               
0000df34  DataBuffer_GetIdleBuffer             
0000df52  System_Init                          
0000e01a  Dma_Enable                           
0000e034  PushButtonControl_isButtonPressed    
0000e04e  System_ConvertResetReasonToString    
0000e068  _c_int00_noargs_noexit               
0000e082  memccpy                              
0000e09c  Uart_EnableReceive                   
0000e0b4  __mspabi_mpyul_f5hw                  
0000e0cc  Barometer_ReadSampleArray            
0000e0e2  Gyroscope_Stop                       
0000e0f8  SpiSlave_FlushRead                   
0000e10e  SpiSlave_UnloadPacket                
0000e124  Spi_WriteByte                        
0000e1d4  __mspabi_divu                        
0000e1d4  __mspabi_remu                        
0000e1ea  Barometer_ReadCoeffArray             
0000e1fe  Gpio_GetValue                        
0000e212  KeyValue_Separate                    
0000e226  Timer_A0CCX_Configure                
0000e23a  Timer_A2CCX_Configure                
0000e24e  Timer_B0CCX_Configure                
0000e262  Uart_AreBytesAvailable               
0000e29e  __TI_zero_init                       
0000e2b2  memset                               
0000e2c6  __mspabi_mpyi_f5hw                   
0000e2da  AccControl_Init                      
0000e2ec  Adc_StartConversionSequenceOfChannels
0000e2fe  DataBuffer_Init                      
0000e310  Gpio_ClearPortU                      
0000e322  Gpio_GetValuePortU                   
0000e334  Gpio_SetPortU                        
0000e346  GyroControl_Init                     
0000e358  Interrupt_Lock                       
0000e36a  MagControl_Init                      
0000e37c  __TI_decompress_none                 
0000e38e  memcpy                               
0000e3a0  Barometer_StartSampleConversion      
0000e3b0  Dma_RegisterIsr                      
0000e3c0  Pwm_GetDuty                          
0000e400  __mspabi_srll                        
0000e410  Buzzer_Enable                        
0000e41e  CommProtocol_GetRfStatus             
0000e42c  Dma_Disable                          
0000e43a  Gpio_Clear                           
0000e448  Gpio_GetValuePortJ                   
0000e456  LedControl_Init                      
0000e48e  strlen                               
0000e49c  Adc_StopConversion                   
0000e4a8  Dma_DisableIsr                       
0000e4b4  Dma_EnableIsr                        
0000e4c0  Gpio_Set                             
0000e4cc  Interrupt_Unlock                     
0000e4d8  UltrasoundInit                       
0000e4d8  _RxEnable                            
0000e4e4  Adc_GetNumberOfConversions           
0000e4ee  BarometerControl_Init                
0000e4f8  Dma_Init                             
0000e502  EncControl_Init                      
0000e50c  TimerTick_CancelTimeoutFromCallback  
0000e516  TimerTick_IsTimerActive              
0000e520  WaferId                              
0000e552  _system_pre_init                     
0000e55c  __mspabi_slli                        
0000e566  BatteryControl_GetCounts             
0000e56e  Buzzer_SetDuty                       
0000e576  LedControl_SetLed                    
0000e57e  TimerTick_EnableTickIsr              
0000e586  Uart_IsPortOpen                      
0000e5ae  Accelerometer_RegisterIsr            
0000e5b4  AdcManager_GetGainFactor             
0000e5b4  Adc_GetGainFactor                    
0000e5ba  AdcManager_GetOffset                 
0000e5ba  Adc_GetOffset                        
0000e5c0  AmbientLightControl_Init             
0000e5c6  Analog7Control_Init                  
0000e5cc  Analog8Control_Init                  
0000e5d2  Analog9Control_Init                  
0000e5d8  BarometerControl_ReadCalibration     
0000e5de  BatteryControl_Init                  
0000e5e4  Buzzer_Disable                       
0000e5ea  ConMan_GetFixedConfig                
0000e5f0  DeviceId                             
0000e5f6  DigitalInputControl_Init             
0000e5fc  Ecg6Control_Init                     
0000e602  EcgControl_Init                      
0000e608  FgControl_Init                       
0000e60e  FirmwareRevisionMicro                
0000e614  Gyroscope_RegisterIsr                
0000e61a  HardwareRevisionMicro                
0000e620  HighGainControl_Init                 
0000e626  Magnetometer_RegisterIsr             
0000e62c  MicrophoneControl_Init               
0000e632  System_GetResetReason                
0000e638  System_PowerOff                      
0000e63e  TestProtocol_Init                    
0000e644  ThermometerControl_Init              
0000e64a  __TI_decompress_rle24                
0000e650  Buzzer_SetFrequency                  
0000e654  Conversion_SwapBytes                 
0000e658  C$$EXIT                              
0000e658  abort                                
0000e65c  Barometer_Init                       
0000e65e  DacControl_Init                      
0000e65e  DacInit                              
0000e660  Header1Control_Init                  
0000e662  Header2Control_Init                  
0000e664  Header3Control_Init                  
0000e666  Header4Control_Init                  
0000e668  Header6Control_Init                  
0000e66a  SelfTest_Init                        
0000e66a  UiManager_Init                       
0000e66e  _HandleOtherInterrupt                
0000edb0  _ctypes_                             
0000ff0e  __TI_Handler_Table_Base              
0000ff14  __TI_Handler_Table_Limit             
0000ff18  __TI_CINIT_Base                      
0000ff20  __TI_CINIT_Limit                     
0000ffd2  __TI_int41                           
0000ffd4  __TI_int42                           
0000ffd6  __TI_int43                           
0000ffd8  __TI_int44                           
0000ffda  __TI_int45                           
0000ffdc  __TI_int46                           
0000ffde  __TI_int47                           
0000ffe0  __TI_int48                           
0000ffe2  __TI_int49                           
0000ffe4  __TI_int50                           
0000ffe6  __TI_int51                           
0000ffe8  __TI_int52                           
0000ffea  __TI_int53                           
0000ffec  __TI_int54                           
0000ffee  __TI_int55                           
0000fff0  __TI_int56                           
0000fff2  __TI_int57                           
0000fff4  __TI_int58                           
0000fff6  __TI_int59                           
0000fff8  __TI_int60                           
0000fffa  __TI_int61                           
0000fffc  __TI_int62                           
0000fffe  _reset_vector                        
ffffffff  __binit__                            
ffffffff  __c_args__                           
ffffffff  binit                                
UNDEFED   __TI_INITARRAY_Base                  
UNDEFED   __TI_INITARRAY_Limit                 

[966 symbols]
