******************************************************************************
                  MSP430 Linker PC v18.1.4                     
******************************************************************************
>> Linked Sun Dec 16 07:28:41 2018

OUTPUT FILE NAME:   <1814 IOLab Remote Sensor Application.out>
ENTRY POINT SYMBOL: "_c_int00_noargs"  address: 0000e560


MEMORY CONFIGURATION

         name            origin    length      used     unused   attr    fill
----------------------  --------  ---------  --------  --------  ----  --------
  SFR                   00000000   00000010  00000000  00000010  RWIX
  PERIPHERALS_8BIT      00000010   000000f0  00000000  000000f0  RWIX
  PERIPHERALS_16BIT     00000100   00000100  00000000  00000100  RWIX
  INFOD                 00001800   00000080  00000000  00000080  RWIX
  INFOC                 00001880   00000080  00000000  00000080  RWIX
  INFOB                 00001900   00000080  00000000  00000080  RWIX
  INFOA                 00001980   00000080  00000000  00000080  RWIX
  RAM                   00001c00   00002800  00000d96  00001a6a  RWIX
  FLASH                 00004400   0000bb80  0000a878  00001308  RWIX
  INT00                 0000ff80   00000002  00000000  00000002  RWIX
  INT01                 0000ff82   00000002  00000000  00000002  RWIX
  INT02                 0000ff84   00000002  00000000  00000002  RWIX
  INT03                 0000ff86   00000002  00000000  00000002  RWIX
  INT04                 0000ff88   00000002  00000000  00000002  RWIX
  INT05                 0000ff8a   00000002  00000000  00000002  RWIX
  INT06                 0000ff8c   00000002  00000000  00000002  RWIX
  INT07                 0000ff8e   00000002  00000000  00000002  RWIX
  INT08                 0000ff90   00000002  00000000  00000002  RWIX
  INT09                 0000ff92   00000002  00000000  00000002  RWIX
  INT10                 0000ff94   00000002  00000000  00000002  RWIX
  INT11                 0000ff96   00000002  00000000  00000002  RWIX
  INT12                 0000ff98   00000002  00000000  00000002  RWIX
  INT13                 0000ff9a   00000002  00000000  00000002  RWIX
  INT14                 0000ff9c   00000002  00000000  00000002  RWIX
  INT15                 0000ff9e   00000002  00000000  00000002  RWIX
  INT16                 0000ffa0   00000002  00000000  00000002  RWIX
  INT17                 0000ffa2   00000002  00000000  00000002  RWIX
  INT18                 0000ffa4   00000002  00000000  00000002  RWIX
  INT19                 0000ffa6   00000002  00000000  00000002  RWIX
  INT20                 0000ffa8   00000002  00000000  00000002  RWIX
  INT21                 0000ffaa   00000002  00000000  00000002  RWIX
  INT22                 0000ffac   00000002  00000000  00000002  RWIX
  INT23                 0000ffae   00000002  00000000  00000002  RWIX
  INT24                 0000ffb0   00000002  00000000  00000002  RWIX
  INT25                 0000ffb2   00000002  00000000  00000002  RWIX
  INT26                 0000ffb4   00000002  00000000  00000002  RWIX
  INT27                 0000ffb6   00000002  00000000  00000002  RWIX
  INT28                 0000ffb8   00000002  00000000  00000002  RWIX
  INT29                 0000ffba   00000002  00000000  00000002  RWIX
  INT30                 0000ffbc   00000002  00000000  00000002  RWIX
  INT31                 0000ffbe   00000002  00000000  00000002  RWIX
  INT32                 0000ffc0   00000002  00000000  00000002  RWIX
  INT33                 0000ffc2   00000002  00000000  00000002  RWIX
  INT34                 0000ffc4   00000002  00000000  00000002  RWIX
  INT35                 0000ffc6   00000002  00000000  00000002  RWIX
  INT36                 0000ffc8   00000002  00000000  00000002  RWIX
  INT37                 0000ffca   00000002  00000000  00000002  RWIX
  INT38                 0000ffcc   00000002  00000000  00000002  RWIX
  INT39                 0000ffce   00000002  00000000  00000002  RWIX
  INT40                 0000ffd0   00000002  00000000  00000002  RWIX
  INT41                 0000ffd2   00000002  00000002  00000000  RWIX
  INT42                 0000ffd4   00000002  00000002  00000000  RWIX
  INT43                 0000ffd6   00000002  00000002  00000000  RWIX
  INT44                 0000ffd8   00000002  00000002  00000000  RWIX
  INT45                 0000ffda   00000002  00000002  00000000  RWIX
  INT46                 0000ffdc   00000002  00000002  00000000  RWIX
  INT47                 0000ffde   00000002  00000002  00000000  RWIX
  INT48                 0000ffe0   00000002  00000002  00000000  RWIX
  INT49                 0000ffe2   00000002  00000002  00000000  RWIX
  INT50                 0000ffe4   00000002  00000002  00000000  RWIX
  INT51                 0000ffe6   00000002  00000002  00000000  RWIX
  INT52                 0000ffe8   00000002  00000002  00000000  RWIX
  INT53                 0000ffea   00000002  00000002  00000000  RWIX
  INT54                 0000ffec   00000002  00000002  00000000  RWIX
  INT55                 0000ffee   00000002  00000002  00000000  RWIX
  INT56                 0000fff0   00000002  00000002  00000000  RWIX
  INT57                 0000fff2   00000002  00000002  00000000  RWIX
  INT58                 0000fff4   00000002  00000002  00000000  RWIX
  INT59                 0000fff6   00000002  00000002  00000000  RWIX
  INT60                 0000fff8   00000002  00000002  00000000  RWIX
  INT61                 0000fffa   00000002  00000002  00000000  RWIX
  INT62                 0000fffc   00000002  00000002  00000000  RWIX
  RESET                 0000fffe   00000002  00000002  00000000  RWIX
  FLASH2                00010000   00014400  0000171a  00012ce6  RWIX


SECTION ALLOCATION MAP

 output                                  attributes/
section   page    origin      length       input sections
--------  ----  ----------  ----------   ----------------
.bss       0    00001c00    00000794     UNINITIALIZED
                  00001c00    00000400     Uart.obj (.bss:_uartBufferTx)
                  00002000    00000100     Uart.obj (.bss:_uartBufferRx)
                  00002100    000000c0     EventQueue.obj (.bss:_eventQueue)
                  000021c0    00000078     TimerTick.obj (.bss:_timeoutList)
                  00002238    00000060     AdcManager.obj (.bss:_adcAllChannelConfig)
                  00002298    00000038     TestProtocol.obj (.bss:_packetTx)
                  000022d0    00000038     Serial.obj (.bss:_serialPayloadRx)
                  00002308    00000010     Adc.obj (.bss:_adcCalibrationInfo)
                  00002318    0000000c     Encoder.obj (.bss)
                  00002324    00000008     PushButtonControl.obj (.bss:_buttonInfo)
                  0000232c    00000008     CommProtocol.obj (.bss:calibrationData$1)
                  00002334    00000006     EventQueue.obj (.bss:_queueIndexHead)
                  0000233a    00000006     EventQueue.obj (.bss:_queueIndexTail)
                  00002340    00000006     EventQueue.obj (.bss:_queueMaxLength)
                  00002346    00000006     Adc.obj (.bss:_refCalibrationInfo)
                  0000234c    00000006     AccelerometerControl.obj (.bss:accelerometerSample$1)
                  00002352    00000006     Gyroscope.obj (.bss:dummyData$1)
                  00002358    00000006     GyroscopeControl.obj (.bss:gyroscopeSample$1)
                  0000235e    00000006     MagnetometerControl.obj (.bss:magData$1)
                  00002364    00000006     TestProtocol.obj (.bss:versionString$2)
                  0000236a    00000006     Version.obj (.bss:versionString$7)
                  00002370    00000004     ThermometerControl.obj (.bss)
                  00002374    00000004     BarometerControl.obj (.bss:barometerSample$1)
                  00002378    00000004     ThermometerControl.obj (.bss:dataCopy$1)
                  0000237c    00000004     TestProtocol.obj (.bss:encoderData$1)
                  00002380    00000004     SelfTest.obj (.bss:sample$6)
                  00002384    00000002     BarometerControl.obj (.bss)
                  00002386    00000002     DigitalInputControl.obj (.bss)
                  00002388    00000002     EncoderControl.obj (.bss)
                  0000238a    00000002     LedControl.obj (.bss)
                  0000238c    00000002     PushButtonControl.obj (.bss)
                  0000238e    00000002     StateMachine.obj (.bss)
                  00002390    00000002     UiManager.obj (.bss)
                  00002392    00000002     (.common:_tickHandle)

.data      0    00002394    0000053a     UNINITIALIZED
                  00002394    00000080     AdcManager.obj (.data:_channels)
                  00002414    00000072     CommProtocol.obj (.data:_bufferRx)
                  00002486    00000072     CommProtocol.obj (.data:_bufferTxOne)
                  000024f8    00000072     CommProtocol.obj (.data:_bufferTxZero)
                  0000256a    0000004c     SelfTest.obj (.data)
                  000025b6    00000042     DataBuffer.obj (.data:_subArrayEndIndex)
                  000025f8    00000042     DataBuffer.obj (.data:_subArrayStartIndex)
                  0000263a    00000020     Adc.obj (.data:_resultDestinations)
                  0000265a    0000001e     CommProtocol.obj (.data:_messageBuffer)
                  00002678    0000001c     SelfTest.obj (.data:_testStatus)
                  00002694    00000014     Adc.obj (.data)
                  000026a8    00000012     BuzzerControl.obj (.data)
                  000026ba    00000010     Accelerometer.obj (.data)
                  000026ca    00000010     Gpio.obj (.data:_gpioIsrListPortOne)
                  000026da    00000010     Gpio.obj (.data:_gpioIsrListPortTwo)
                  000026ea    0000000e     Header4Control.obj (.data)
                  000026f8    0000000e     Header5Control.obj (.data)
                  00002706    0000000e     Pwm.obj (.data:_openChannels)
                  00002714    0000000c     AdcManager.obj (.data)
                  00002720    0000000c     DataBuffer.obj (.data)
                  0000272c    0000000c     UiManager.obj (.data:_activeSequence)
                  00002738    0000000c     Ecg6ChanControl.obj (.data:_dataSamples)
                  00002744    0000000c     I2c.obj (.data:_i2cPortParameters$3)
                  00002750    0000000c     MagnetometerControl.obj (.data:_magConfig)
                  0000275c    0000000c     Magnetometer.obj (.data:_parameters)
                  00002768    0000000a     Gyroscope.obj (.data)
                  00002772    0000000a     SpiSlave.obj (.data)
                  0000277c    0000000a     ThermometerControl.obj (.data)
                  00002786    0000000a     TimerTick.obj (.data)
                  00002790    00000008     CommProtocol.obj (.data)
                  00002798    00000008     Magnetometer.obj (.data)
                  000027a0    00000008     Serial.obj (.data)
                  000027a8    00000008     UiManager.obj (.data)
                  000027b0    00000008     AccelerometerControl.obj (.data:_accConfig)
                  000027b8    00000008     LedControl.obj (.data:_ledState)
                  000027c0    00000008     Accelerometer.obj (.data:_parameters)
                  000027c8    00000007     Pwm.obj (.data:_dutyCycles)
                  000027cf    00000001     --HOLE--
                  000027d0    00000006     Analog7Control.obj (.data)
                  000027d6    00000006     Analog8Control.obj (.data)
                  000027dc    00000006     Analog9Control.obj (.data)
                  000027e2    00000006     BarometerControl.obj (.data)
                  000027e8    00000006     ConfigurationManager.obj (.data)
                  000027ee    00000006     DigitalInputControl.obj (.data)
                  000027f4    00000006     Ecg6ChanControl.obj (.data)
                  000027fa    00000006     EcgControl.obj (.data)
                  00002800    00000006     Encoder.obj (.data)
                  00002806    00000006     EncoderControl.obj (.data)
                  0000280c    00000006     StateMachine.obj (.data)
                  00002812    00000006     EcgControl.obj (.data:_dataSamples)
                  00002818    00000006     Dma.obj (.data:_dmaArmed)
                  0000281e    00000006     Dma.obj (.data:_dmaConfigured)
                  00002824    00000006     Dma.obj (.data:_dmaIsrList)
                  0000282a    00000006     TimerTick.obj (.data:_tickIsrActive)
                  00002830    00000006     TimerTick.obj (.data:_tickIsrList)
                  00002836    00000006     Accelerometer.obj (.data:dummyData$1)
                  0000283c    00000006     SelfTest.obj (.data:negative$23)
                  00002842    00000006     SelfTest.obj (.data:negative$32)
                  00002848    00000006     SelfTest.obj (.data:negative$41)
                  0000284e    00000006     SelfTest.obj (.data:positive$22)
                  00002854    00000006     SelfTest.obj (.data:positive$31)
                  0000285a    00000006     SelfTest.obj (.data:positive$40)
                  00002860    00000004     AmbientLightControl.obj (.data)
                  00002864    00000004     BatteryControl.obj (.data)
                  00002868    00000004     DacControl.obj (.data)
                  0000286c    00000004     ForceGaugeControl.obj (.data)
                  00002870    00000004     Header1Control.obj (.data)
                  00002874    00000004     Header2Control.obj (.data)
                  00002878    00000004     Header3Control.obj (.data)
                  0000287c    00000004     Header6Control.obj (.data)
                  00002880    00000004     HighGainControl.obj (.data)
                  00002884    00000004     MicrophoneControl.obj (.data)
                  00002888    00000004     Pwm.obj (.data)
                  0000288c    00000004     Encoder.obj (.data:_encoderCounts)
                  00002890    00000004     GyroscopeControl.obj (.data:_gyroConfig)
                  00002894    00000004     I2c.obj (.data:_i2cPortInitialized)
                  00002898    00000004     I2c.obj (.data:_i2cPortOpen)
                  0000289c    00000004     BarometerControl.obj (.data:_lastGoodSample)
                  000028a0    00000004     CommProtocol.obj (.data:_rfStatus)
                  000028a4    00000004     Uart.obj (.data:_uartBufferRxHead)
                  000028a8    00000004     Uart.obj (.data:_uartBufferRxTail)
                  000028ac    00000004     Uart.obj (.data:_uartBufferTxHead)
                  000028b0    00000004     Uart.obj (.data:_uartBufferTxTail)
                  000028b4    00000004     Uart.obj (.data:_uartPortIsOpen)
                  000028b8    00000004     EncoderControl.obj (.data:data$1)
                  000028bc    00000002     AccelerometerControl.obj (.data)
                  000028be    00000002     Barometer.obj (.data)
                  000028c0    00000002     Dma.obj (.data)
                  000028c2    00000002     GyroscopeControl.obj (.data)
                  000028c4    00000002     LedControl.obj (.data)
                  000028c6    00000002     MagnetometerControl.obj (.data)
                  000028c8    00000002     SpiMaster.obj (.data)
                  000028ca    00000002     rts430x_sc_sd_eabi.lib : errno.c.obj (.data)
                  000028cc    00000002                            : strtok.c.obj (.data)

.stack     0    00004338    000000c8     UNINITIALIZED
                  00004338    00000002     rts430x_sc_sd_eabi.lib : boot.c.obj (.stack)
                  0000433a    000000c6     --HOLE--

.text:_isr 
*          0    00004400    00000008     
                  00004400    00000008     rts430x_sc_sd_eabi.lib : isr_trap.asm.obj (.text:_isr:__TI_ISR_TRAP)

.cinit     0    0000ebca    000000ae     
                  0000ebca    0000009c     (.cinit..data.load) [load image, compression = lzss]
                  0000ec66    00000006     (__TI_handler_table)
                  0000ec6c    00000004     (.cinit..bss.load) [load image, compression = zero_init]
                  0000ec70    00000008     (__TI_cinit_table)

.const     0    00010000    0000171a     
                  00010000    0000033a     TestProtocol.obj (.const:.string)
                  0001033a    000001ae     System.obj (.const:.string)
                  000104e8    00000150     UiManager.obj (.const:girlILeftBehindBuzzerSteps)
                  00010638    00000108     UiManager.obj (.const:failBuzzerSteps)
                  00010740    00000101     rts430x_sc_sd_eabi.lib : ctype.c.obj (.const:.string:_ctypes_)
                  00010841    00000001     --HOLE-- [fill = 0]
                  00010842    000000a6     SelfTest.obj (.const:.string)
                  000108e8    00000080     BuzzerControl.obj (.const:_highFrequencies)
                  00010968    00000080     Header4Control.obj (.const:_highFrequencies)
                  000109e8    00000080     Header5Control.obj (.const:_highFrequencies)
                  00010a68    00000080     BuzzerControl.obj (.const:_highPitches)
                  00010ae8    00000080     BuzzerControl.obj (.const:_lowFrequencies)
                  00010b68    00000080     Header4Control.obj (.const:_lowFrequencies)
                  00010be8    00000080     Header5Control.obj (.const:_lowFrequencies)
                  00010c68    00000080     BuzzerControl.obj (.const:_lowPitches)
                  00010ce8    00000080     BuzzerControl.obj (.const:_medPitches)
                  00010d68    00000080     Header4Control.obj (.const:_midFrequencies)
                  00010de8    00000080     Header5Control.obj (.const:_midFrequencies)
                  00010e68    00000066     TestProtocol.obj (.const:_humanCommands)
                  00010ece    00000064     EncoderControl.obj (.const:.string)
                  00010f32    00000060     UiManager.obj (.const:successBuzzerSteps)
                  00010f92    00000040     BuzzerControl.obj (.const:_dutyCycles)
                  00010fd2    00000040     Header4Control.obj (.const:_dutyCycles)
                  00011012    00000040     Header5Control.obj (.const:_dutyCycles)
                  00011052    00000038     UiManager.obj (.const:starWarsBuzzerSteps)
                  0001108a    0000002d     ConfigurationManager.obj (.const:.string:_kitchenSinkConfig)
                  000110b7    00000001     --HOLE-- [fill = 0]
                  000110b8    00000027     ConfigurationManager.obj (.const:.string:_header3V3Config)
                  000110df    00000001     --HOLE-- [fill = 0]
                  000110e0    00000026     rts430x_sc_sd_eabi.lib : _printfi_nf.c.obj (.const:.string)
                  00011106    00000022     System.obj (.const:_resetReasonStrings$1)
                  00011128    00000021     ConfigurationManager.obj (.const:.string:_headerConfig)
                  00011149    00000001     --HOLE-- [fill = 0]
                  0001114a    00000020     Adc.obj (.const:_conversionMemoryControlRegisters$2)
                  0001116a    00000020     Adc.obj (.const:_conversionMemoryRegisters$3)
                  0001118a    00000020     Adc.obj (.const:_conversionMemoryRegisters$6)
                  000111aa    0000001f     ConfigurationManager.obj (.const:.string:_selfTestConfig)
                  000111c9    00000001     --HOLE-- [fill = 0]
                  000111ca    0000001c     AdcManager.obj (.const:.string)
                  000111e6    00000018     ConfigurationManager.obj (.const:.string:_kitchenSinkBuffer)
                  000111fe    00000017     ConfigurationManager.obj (.const:.string:_imuConfig)
                  00011215    00000001     --HOLE-- [fill = 0]
                  00011216    00000017     ConfigurationManager.obj (.const:.string:_kitchenSinkDisable)
                  0001122d    00000001     --HOLE-- [fill = 0]
                  0001122e    00000017     ConfigurationManager.obj (.const:.string:_sportsConfig)
                  00011245    00000001     --HOLE-- [fill = 0]
                  00011246    00000015     ConfigurationManager.obj (.const:.string:_motionConfig)
                  0001125b    00000001     --HOLE-- [fill = 0]
                  0001125c    00000013     ConfigurationManager.obj (.const:.string:_imuHiConfig)
                  0001126f    00000001     --HOLE-- [fill = 0]
                  00011270    00000013     ConfigurationManager.obj (.const:.string:_pendulumConfig)
                  00011283    00000001     --HOLE-- [fill = 0]
                  00011284    00000013     ConfigurationManager.obj (.const:.string:_pendulumHiConfig)
                  00011297    00000001     --HOLE-- [fill = 0]
                  00011298    00000012     Gpio.obj (.const:_gpioDirectionRegisters$1)
                  000112aa    00000012     Gpio.obj (.const:_gpioDriveStrengthRegisters$2)
                  000112bc    00000012     Gpio.obj (.const:_gpioInputRegisters)
                  000112ce    00000012     Gpio.obj (.const:_gpioOutputRegisters)
                  000112e0    00000012     Gpio.obj (.const:_gpioResistorEnableRegisters)
                  000112f2    00000012     Gpio.obj (.const:_gpioSelectRegisters$3)
                  00011304    00000011     ConfigurationManager.obj (.const:.string:_anlgHeadConfig)
                  00011315    00000001     --HOLE-- [fill = 0]
                  00011316    00000011     ConfigurationManager.obj (.const:.string:_hiAnlgHeadConfig)
                  00011327    00000001     --HOLE-- [fill = 0]
                  00011328    00000010     CommProtocol.obj (.const:.string)
                  00011338    00000010     ConfigurationManager.obj (.const:.string:_selfTestBuffer)
                  00011348    0000000f     ConfigurationManager.obj (.const:.string:_miniMotionConfig)
                  00011357    00000001     --HOLE-- [fill = 0]
                  00011358    0000000f     ConfigurationManager.obj (.const:.string:_selfTestDisable)
                  00011367    00000001     --HOLE-- [fill = 0]
                  00011368    0000000e     Main.obj (.const:.string)
                  00011376    0000000e     Pwm.obj (.const:_ccModules)
                  00011384    0000000e     Timer.obj (.const:_timerB0CCControlRegisters$8)
                  00011392    0000000e     Timer.obj (.const:_timerB0CCRegisters$7)
                  000113a0    0000000d     ConfigurationManager.obj (.const:.string:_alsAccConfig)
                  000113ad    00000001     --HOLE-- [fill = 0]
                  000113ae    0000000d     ConfigurationManager.obj (.const:.string:_ambientConfig)
                  000113bb    00000001     --HOLE-- [fill = 0]
                  000113bc    0000000d     ConfigurationManager.obj (.const:.string:_forceAccConfig)
                  000113c9    00000001     --HOLE-- [fill = 0]
                  000113ca    0000000c     ConfigurationManager.obj (.const:.string:_header3V3Buffer)
                  000113d6    0000000c     ConfigurationManager.obj (.const:.string:_headerBuffer)
                  000113e2    0000000c     SpiSlave.obj (.const:_dmaConfigRx)
                  000113ee    0000000c     SpiSlave.obj (.const:_dmaConfigTx)
                  000113fa    0000000c     UiManager.obj (.const:failBacklightSteps)
                  00011406    0000000c     UiManager.obj (.const:girlILeftBehindBacklightSteps)
                  00011412    0000000c     UiManager.obj (.const:starWarsBacklightSteps)
                  0001141e    0000000c     UiManager.obj (.const:successBacklightSteps)
                  0001142a    0000000b     ConfigurationManager.obj (.const:.string:_header3V3Disable)
                  00011435    00000001     --HOLE-- [fill = 0]
                  00011436    0000000b     ConfigurationManager.obj (.const:.string:_headerDisable)
                  00011441    00000001     --HOLE-- [fill = 0]
                  00011442    0000000a     Serial.obj (.const:$P$T0$1)
                  0001144c    0000000a     ConfigurationManager.obj (.const:.string:_ambientBuffer)
                  00011456    0000000a     ConfigurationManager.obj (.const:.string:_anlgHeadBuffer)
                  00011460    0000000a     ConfigurationManager.obj (.const:.string:_hiAnlgHeadBuffer)
                  0001146a    0000000a     ConfigurationManager.obj (.const:.string:_imuBuffer)
                  00011474    0000000a     ConfigurationManager.obj (.const:.string:_motionBuffer)
                  0001147e    0000000a     ConfigurationManager.obj (.const:.string:_sportsBuffer)
                  00011488    0000000a     Timer.obj (.const:_timerA0CCControlRegisters$2)
                  00011492    0000000a     Timer.obj (.const:_timerA0CCRegisters$1)
                  0001149c    00000009     ConfigurationManager.obj (.const:.string:_accelConfig)
                  000114a5    00000001     --HOLE-- [fill = 0]
                  000114a6    00000009     ConfigurationManager.obj (.const:.string:_accelHiConfig)
                  000114af    00000001     --HOLE-- [fill = 0]
                  000114b0    00000009     ConfigurationManager.obj (.const:.string:_alsMicConfig)
                  000114b9    00000001     --HOLE-- [fill = 0]
                  000114ba    00000009     ConfigurationManager.obj (.const:.string:_ambientDisable)
                  000114c3    00000001     --HOLE-- [fill = 0]
                  000114c4    00000009     ConfigurationManager.obj (.const:.string:_anlgHeadDisable)
                  000114cd    00000001     --HOLE-- [fill = 0]
                  000114ce    00000009     ConfigurationManager.obj (.const:.string:_hiAnlgHeadDisable)
                  000114d7    00000001     --HOLE-- [fill = 0]
                  000114d8    00000009     ConfigurationManager.obj (.const:.string:_imuDisable)
                  000114e1    00000001     --HOLE-- [fill = 0]
                  000114e2    00000009     ConfigurationManager.obj (.const:.string:_magneticConfig)
                  000114eb    00000001     --HOLE-- [fill = 0]
                  000114ec    00000009     ConfigurationManager.obj (.const:.string:_motionDisable)
                  000114f5    00000001     --HOLE-- [fill = 0]
                  000114f6    00000009     ConfigurationManager.obj (.const:.string:_sportsDisable)
                  000114ff    00000001     --HOLE-- [fill = 0]
                  00011500    00000008     ConfigurationManager.obj (.const:.string)
                  00011508    00000008     Version.obj (.const:.string:VERSION_ARRAY)
                  00011510    00000008     ConfigurationManager.obj (.const:.string:_imuHiBuffer)
                  00011518    00000008     ConfigurationManager.obj (.const:.string:_miniMotionBuffer)
                  00011520    00000008     ConfigurationManager.obj (.const:.string:_pendulumBuffer)
                  00011528    00000008     ConfigurationManager.obj (.const:.string:_pendulumHiBuffer)
                  00011530    00000008     Dma.obj (.const:_dmaTriggerRegisters)
                  00011538    00000008     LedControl.obj (.const:_ledPort$2)
                  00011540    00000008     UiManager.obj (.const:failSequence)
                  00011548    00000008     UiManager.obj (.const:girlILeftBehindSequence)
                  00011550    00000008     UiManager.obj (.const:starWarsSequence)
                  00011558    00000008     UiManager.obj (.const:successSequence)
                  00011560    00000007     ConfigurationManager.obj (.const:.string:_gyroConfig)
                  00011567    00000001     --HOLE-- [fill = 0]
                  00011568    00000007     ConfigurationManager.obj (.const:.string:_gyroHiConfig)
                  0001156f    00000001     --HOLE-- [fill = 0]
                  00011570    00000007     ConfigurationManager.obj (.const:.string:_imuHiDisable)
                  00011577    00000001     --HOLE-- [fill = 0]
                  00011578    00000007     ConfigurationManager.obj (.const:.string:_miniMotionDisable)
                  0001157f    00000001     --HOLE-- [fill = 0]
                  00011580    00000007     ConfigurationManager.obj (.const:.string:_pendulumDisable)
                  00011587    00000001     --HOLE-- [fill = 0]
                  00011588    00000007     ConfigurationManager.obj (.const:.string:_pendulumHiDisable)
                  0001158f    00000001     --HOLE-- [fill = 0]
                  00011590    00000006     Adc.obj (.const:$P$T0$1)
                  00011596    00000006     BarometerControl.obj (.const:.string)
                  0001159c    00000006     UiManager.obj (.const:.string)
                  000115a2    00000006     ConfigurationManager.obj (.const:.string:_alsAccBuffer)
                  000115a8    00000006     ConfigurationManager.obj (.const:.string:_alsMicBuffer)
                  000115ae    00000006     ConfigurationManager.obj (.const:.string:_forceAccBuffer)
                  000115b4    00000006     ConfigurationManager.obj (.const:.string:_magneticBuffer)
                  000115ba    00000006     Dma.obj (.const:_dmaControlRegisters)
                  000115c0    00000006     Dma.obj (.const:_dmaDestinationAddressRegisters)
                  000115c6    00000006     Dma.obj (.const:_dmaSizeRegisters)
                  000115cc    00000006     Dma.obj (.const:_dmaSourceAddressRegisters)
                  000115d2    00000006     AdcManager.obj (.const:_fastAdcConfig)
                  000115d8    00000006     AdcManager.obj (.const:_fastMultiAdcConfig)
                  000115de    00000006     Gpio.obj (.const:_gpioInterruptEdgeSelectRegisters)
                  000115e4    00000006     Gpio.obj (.const:_gpioInterruptEnableRegisters)
                  000115ea    00000006     Main.obj (.const:_i2cConfig)
                  000115f0    00000006     AdcManager.obj (.const:_normAdcConfig)
                  000115f6    00000006     Timer.obj (.const:_timerA2CCControlRegisters$6)
                  000115fc    00000006     Timer.obj (.const:_timerA2CCRegisters$5)
                  00011602    00000005     ConfigurationManager.obj (.const:.string:_alsAccDisable)
                  00011607    00000001     --HOLE-- [fill = 0]
                  00011608    00000005     ConfigurationManager.obj (.const:.string:_alsHiConfig)
                  0001160d    00000001     --HOLE-- [fill = 0]
                  0001160e    00000005     ConfigurationManager.obj (.const:.string:_alsMicDisable)
                  00011613    00000001     --HOLE-- [fill = 0]
                  00011614    00000005     ConfigurationManager.obj (.const:.string:_ecg6Config)
                  00011619    00000001     --HOLE-- [fill = 0]
                  0001161a    00000005     ConfigurationManager.obj (.const:.string:_ecgConfig)
                  0001161f    00000001     --HOLE-- [fill = 0]
                  00011620    00000005     ConfigurationManager.obj (.const:.string:_forceAccDisable)
                  00011625    00000001     --HOLE-- [fill = 0]
                  00011626    00000005     ConfigurationManager.obj (.const:.string:_hiEcg6Config)
                  0001162b    00000001     --HOLE-- [fill = 0]
                  0001162c    00000005     ConfigurationManager.obj (.const:.string:_hiEcgConfig)
                  00011631    00000001     --HOLE-- [fill = 0]
                  00011632    00000005     ConfigurationManager.obj (.const:.string:_hiForceConfig)
                  00011637    00000001     --HOLE-- [fill = 0]
                  00011638    00000005     ConfigurationManager.obj (.const:.string:_hiGainConfig)
                  0001163d    00000001     --HOLE-- [fill = 0]
                  0001163e    00000005     ConfigurationManager.obj (.const:.string:_magneticDisable)
                  00011643    00000001     --HOLE-- [fill = 0]
                  00011644    00000005     ConfigurationManager.obj (.const:.string:_microphoneConfig)
                  00011649    00000001     --HOLE-- [fill = 0]
                  0001164a    00000005     ConfigurationManager.obj (.const:.string:_slowMicrophoneConfig)
                  0001164f    00000001     --HOLE-- [fill = 0]
                  00011650    00000004     ConfigurationManager.obj (.const:.string:_accelBuffer)
                  00011654    00000004     ConfigurationManager.obj (.const:.string:_accelHiBuffer)
                  00011658    00000004     ConfigurationManager.obj (.const:.string:_alsHiBuffer)
                  0001165c    00000004     ConfigurationManager.obj (.const:.string:_ecg6Buffer)
                  00011660    00000004     ConfigurationManager.obj (.const:.string:_ecgBuffer)
                  00011664    00000004     ConfigurationManager.obj (.const:.string:_gyroBuffer)
                  00011668    00000004     ConfigurationManager.obj (.const:.string:_gyroHiBuffer)
                  0001166c    00000004     ConfigurationManager.obj (.const:.string:_hiEcg6Buffer)
                  00011670    00000004     ConfigurationManager.obj (.const:.string:_hiEcgBuffer)
                  00011674    00000004     ConfigurationManager.obj (.const:.string:_hiForceBuffer)
                  00011678    00000004     ConfigurationManager.obj (.const:.string:_hiGainBuffer)
                  0001167c    00000004     LedControl.obj (.const:.string:_ledPin$3)
                  00011680    00000004     ConfigurationManager.obj (.const:.string:_microphoneBuffer)
                  00011684    00000004     ConfigurationManager.obj (.const:.string:_slowMicrophoneBuffer)
                  00011688    00000004     I2c.obj (.const:_i2cBaudRateRegisters$2)
                  0001168c    00000004     I2c.obj (.const:_i2cControlOneRegisters)
                  00011690    00000004     I2c.obj (.const:_i2cControlZeroRegisters$1)
                  00011694    00000004     I2c.obj (.const:_i2cGpioSCLPorts)
                  00011698    00000004     I2c.obj (.const:_i2cGpioSDAPorts)
                  0001169c    00000004     I2c.obj (.const:_i2cInterruptFlagRegisters)
                  000116a0    00000004     I2c.obj (.const:_i2cReceiveBufferRegisters)
                  000116a4    00000004     I2c.obj (.const:_i2cSlaveAddressRegisters$4)
                  000116a8    00000004     I2c.obj (.const:_i2cSlaveStatusRegisters$5)
                  000116ac    00000004     I2c.obj (.const:_i2cTransmitBufferRegisters)
                  000116b0    00000004     Uart.obj (.const:_uartAutoBaudRateRegisters$4)
                  000116b4    00000004     Uart.obj (.const:_uartBaudRateRegisters$2)
                  000116b8    00000004     Uart.obj (.const:_uartControlOneRegisters)
                  000116bc    00000004     Uart.obj (.const:_uartControlZeroRegisters$1)
                  000116c0    00000004     Uart.obj (.const:_uartGpioPorts)
                  000116c4    00000004     Uart.obj (.const:_uartInterruptEnableRegisters)
                  000116c8    00000004     Uart.obj (.const:_uartIrdaReceiveRegisters$6)
                  000116cc    00000004     Uart.obj (.const:_uartIrdaTransmitRegisters$5)
                  000116d0    00000004     Uart.obj (.const:_uartModulationRegisters$3)
                  000116d4    00000004     Uart.obj (.const:_uartReceiveBufferRegisters)
                  000116d8    00000004     Uart.obj (.const:_uartTransmitBufferRegisters)
                  000116dc    00000003     ConfigurationManager.obj (.const:.string:_accelDisable)
                  000116df    00000001     --HOLE-- [fill = 0]
                  000116e0    00000003     ConfigurationManager.obj (.const:.string:_accelHiDisable)
                  000116e3    00000001     --HOLE-- [fill = 0]
                  000116e4    00000003     ConfigurationManager.obj (.const:.string:_alsHiDisable)
                  000116e7    00000001     --HOLE-- [fill = 0]
                  000116e8    00000003     ConfigurationManager.obj (.const:.string:_ecg6Disable)
                  000116eb    00000001     --HOLE-- [fill = 0]
                  000116ec    00000003     ConfigurationManager.obj (.const:.string:_ecgDisable)
                  000116ef    00000001     --HOLE-- [fill = 0]
                  000116f0    00000003     ConfigurationManager.obj (.const:.string:_gyroDisable)
                  000116f3    00000001     --HOLE-- [fill = 0]
                  000116f4    00000003     ConfigurationManager.obj (.const:.string:_gyroHiDisable)
                  000116f7    00000001     --HOLE-- [fill = 0]
                  000116f8    00000003     ConfigurationManager.obj (.const:.string:_hiEcg6Disable)
                  000116fb    00000001     --HOLE-- [fill = 0]
                  000116fc    00000003     ConfigurationManager.obj (.const:.string:_hiEcgDisable)
                  000116ff    00000001     --HOLE-- [fill = 0]
                  00011700    00000003     ConfigurationManager.obj (.const:.string:_hiForceDisable)
                  00011703    00000001     --HOLE-- [fill = 0]
                  00011704    00000003     ConfigurationManager.obj (.const:.string:_hiGainDisable)
                  00011707    00000001     --HOLE-- [fill = 0]
                  00011708    00000003     ConfigurationManager.obj (.const:.string:_microphoneDisable)
                  0001170b    00000001     --HOLE-- [fill = 0]
                  0001170c    00000003     ConfigurationManager.obj (.const:.string:_slowMicrophoneDisable)
                  0001170f    00000001     --HOLE-- [fill = 0]
                  00011710    00000002     Serial.obj (.const:.string:_footerHuman)
                  00011712    00000002     I2c.obj (.const:.string:_i2cGpioSCLPinmasks)
                  00011714    00000002     I2c.obj (.const:.string:_i2cGpioSDAPinmasks)
                  00011716    00000002     Uart.obj (.const:.string:_uartGpioReceivePinmasks)
                  00011718    00000002     Uart.obj (.const:.string:_uartGpioTransmitPinmasks)

.init_array 
*          0    00004400    00000000     UNINITIALIZED

RTC        0    0000ffd2    00000002     
                  0000ffd2    00000002     rts430x_sc_sd_eabi.lib : int41.asm.obj (.int41)

PORT2      0    0000ffd4    00000002     
                  0000ffd4    00000002     Gpio.obj (.int42)

TIMER2_A1 
*          0    0000ffd6    00000002     
                  0000ffd6    00000002     Encoder.obj (.int43)

TIMER2_A0 
*          0    0000ffd8    00000002     
                  0000ffd8    00000002     Encoder.obj (.int44)

USCI_B1    0    0000ffda    00000002     
                  0000ffda    00000002     rts430x_sc_sd_eabi.lib : int45.asm.obj (.int45)

USCI_A1    0    0000ffdc    00000002     
                  0000ffdc    00000002     Uart.obj (.int46)

PORT1      0    0000ffde    00000002     
                  0000ffde    00000002     Gpio.obj (.int47)

TIMER1_A1 
*          0    0000ffe0    00000002     
                  0000ffe0    00000002     rts430x_sc_sd_eabi.lib : int48.asm.obj (.int48)

TIMER1_A0 
*          0    0000ffe2    00000002     
                  0000ffe2    00000002     TimerTick.obj (.int49)

DMA        0    0000ffe4    00000002     
                  0000ffe4    00000002     Dma.obj (.int50)

LDO_PWR    0    0000ffe6    00000002     
                  0000ffe6    00000002     rts430x_sc_sd_eabi.lib : int51.asm.obj (.int51)

TIMER0_A1 
*          0    0000ffe8    00000002     
                  0000ffe8    00000002     rts430x_sc_sd_eabi.lib : int52.asm.obj (.int52)

TIMER0_A0 
*          0    0000ffea    00000002     
                  0000ffea    00000002     rts430x_sc_sd_eabi.lib : int53.asm.obj (.int53)

ADC12      0    0000ffec    00000002     
                  0000ffec    00000002     Adc.obj (.int54)

USCI_B0    0    0000ffee    00000002     
                  0000ffee    00000002     rts430x_sc_sd_eabi.lib : int55.asm.obj (.int55)

USCI_A0    0    0000fff0    00000002     
                  0000fff0    00000002     Uart.obj (.int56)

WDT        0    0000fff2    00000002     
                  0000fff2    00000002     rts430x_sc_sd_eabi.lib : int57.asm.obj (.int57)

TIMER0_B1 
*          0    0000fff4    00000002     
                  0000fff4    00000002     rts430x_sc_sd_eabi.lib : int58.asm.obj (.int58)

TIMER0_B0 
*          0    0000fff6    00000002     
                  0000fff6    00000002     rts430x_sc_sd_eabi.lib : int59.asm.obj (.int59)

COMP_B     0    0000fff8    00000002     
                  0000fff8    00000002     rts430x_sc_sd_eabi.lib : int60.asm.obj (.int60)

UNMI       0    0000fffa    00000002     
                  0000fffa    00000002     rts430x_sc_sd_eabi.lib : int61.asm.obj (.int61)

SYSNMI     0    0000fffc    00000002     
                  0000fffc    00000002     rts430x_sc_sd_eabi.lib : int62.asm.obj (.int62)

.reset     0    0000fffe    00000002     
                  0000fffe    00000002     rts430x_sc_sd_eabi.lib : boot.c.obj (.reset)

.text      0    00004408    0000a7c2     
                  00004408    000006a8     Ecg6ChanControl.obj (.text:Ecg6Control_SetConfig)
                  00004ab0    00000416     Gpio.obj (.text:Gpio_Init)
                  00004ec6    0000039e     SelfTest.obj (.text:SelfTest_Process)
                  00005264    0000039a     EcgControl.obj (.text:EcgControl_SetConfig)
                  000055fe    00000378     ConfigurationManager.obj (.text:ConMan_StartData)
                  00005976    0000034e     rts430x_sc_sd_eabi.lib : div64u.c.obj (.text:__mspabi_divull)
                  00005cc4    000002f8     CommProtocol.obj (.text:CommProtocol_RxHandler)
                  00005fbc    000002da     SelfTest.obj (.text:_SelfTest_ProcessContinuous)
                  00006296    00000298     ConfigurationManager.obj (.text:ConMan_StopData)
                  0000652e    00000272     ThermometerControl.obj (.text:ThermometerControl_SetConfig)
                  000067a0    00000270     rts430x_sc_sd_eabi.lib : _printfi_nf.c.obj (.text:__TI_printfi_nofloat)
                  00006a10    00000242     AdcManager.obj (.text:AdcManager_EnableChannel)
                  00006c52    000001fc     Accelerometer.obj (.text:Accelerometer_Config)
                  00006e4e    000001fa     rts430x_sc_sd_eabi.lib : _printfi_nf.c.obj (.text:_setfield)
                  00007048    000001ec     Analog7Control.obj (.text:Analog7Control_SetConfig)
                  00007234    000001ec     Analog8Control.obj (.text:Analog8Control_SetConfig)
                  00007420    000001ec     Analog9Control.obj (.text:Analog9Control_SetConfig)
                  0000760c    000001e8     rts430x_sc_sd_eabi.lib : _printfi_nf.c.obj (.text:_getarg_diouxp)
                  000077f4    000001bc     ConfigurationManager.obj (.text:ConMan_GetPacketConfig)
                  000079b0    0000019c     TestProtocol.obj (.text:_SendNakHuman)
                  00007b4c    00000196     TestProtocol.obj (.text:_HandleHumanGpiCommand)
                  00007ce2    0000015e     Uart.obj (.text:Uart_Init)
                  00007e40    00000152     AdcManager.obj (.text:_SetupTimerConfig)
                  00007f92    00000146     DigitalInputControl.obj (.text:DigitalInputControl_SetConfig)
                  000080d8    00000140     Magnetometer.obj (.text:Magnetometer_Config)
                  00008218    00000140     rts430x_sc_sd_eabi.lib : _printfi_nf.c.obj (.text:_pproc_diouxp)
                  00008358    00000132     SelfTest.obj (.text:_TestAccelerometer)
                  0000848a    00000132     SelfTest.obj (.text:_TestGyroscope)
                  000085bc    00000130     TestProtocol.obj (.text:_HandleHumanEncoderCommand)
                  000086ec    00000124     AmbientLightControl.obj (.text:AmbientLightControl_SetConfig)
                  00008810    00000124     BatteryControl.obj (.text:BatteryControl_SetConfig)
                  00008934    00000124     HighGainControl.obj (.text:HighGainControl_SetConfig)
                  00008a58    00000124     MicrophoneControl.obj (.text:MicrophoneControl_SetConfig)
                  00008b7c    00000122     ConfigurationManager.obj (.text:ConMan_SetSensorConfig)
                  00008c9e    00000122     rts430x_sc_sd_eabi.lib : _printfi_nf.c.obj (.text:_ltostr)
                  00008dc0    00000110     DataBuffer.obj (.text:DataBuffer_CreateSubarray)
                  00008ed0    0000010e     ForceGaugeControl.obj (.text:FgControl_SetConfig)
                  00008fde    0000010c     Pwm.obj (.text:Pwm_Enable)
                  000090ea    0000010c     UiManager.obj (.text:_PlaySequence)
                  000091f6    0000010a     BuzzerControl.obj (.text:BuzzerControl_SetConfig)
                  00009300    00000108     TestProtocol.obj (.text:_HandleHumanGpoCommand)
                  00009408    00000102     Header4Control.obj (.text:Header4Control_SetConfig)
                  0000950a    00000102     Header5Control.obj (.text:Header5Control_SetConfig)
                  0000960c    000000f4     BarometerControl.obj (.text:BarometerControl_SetConfig)
                  00009700    000000f4     rts430x_sc_sd_eabi.lib : _printfi_nf.c.obj (.text:_pproc_fwp)
                  000097f4    000000ec     AccelerometerControl.obj (.text:AccControl_SetConfig)
                  000098e0    000000da     Main.obj (.text:main)
                  000099ba    000000d4     Pwm.obj (.text:Pwm_Disable)
                  00009a8e    000000d4     TestProtocol.obj (.text:_HandleHumanRfCommand)
                  00009b62    000000cc     Adc.obj (.text:Adc_Init)
                  00009c2e    000000c6     Magnetometer.obj (.text:Magnetometer_TriggerSampleBlocking)
                  00009cf4    000000c6     StateMachine.obj (.text:_ProcessEvents_DEFAULT)
                  00009dba    000000c6     SelfTest.obj (.text:_TestMagnetometer)
                  00009e80    000000c2     Serial.obj (.text:Serial_SendString3Numbers)
                  00009f42    000000c2     SelfTest.obj (.text:_TestMicrophone)
                  0000a004    000000c0     Pmm.obj (.text:_SetVCoreUp)
                  0000a0c4    000000ba     Adc.obj (.text:_GetAdcCalibrationInfo)
                  0000a17e    000000b8     rts430x_sc_sd_eabi.lib : _printfi_nf.c.obj (.text:_pproc_wstr)
                  0000a236    000000b4     MagnetometerControl.obj (.text:MagControl_SetConfig)
                  0000a2ea    000000b2     Serial.obj (.text:Serial_ProcessReceivedBytes)
                  0000a39c    000000ae     StateMachine.obj (.text:StateMachine_ProcessEvents)
                  0000a44a    000000aa     Adc.obj (.text:Adc_SetChannelSequence)
                  0000a4f4    000000a4     EncoderControl.obj (.text:EncControl_SetConfig)
                  0000a598    000000a2     Conversion.obj (.text:Conversion_HexStringToUint)
                  0000a63a    000000a2     Header1Control.obj (.text:Header1Control_SetConfig)
                  0000a6dc    000000a2     Header2Control.obj (.text:Header2Control_SetConfig)
                  0000a77e    0000009e     rts430x_sc_sd_eabi.lib : _printfi_nf.c.obj (.text:_pproc_str)
                  0000a81c    0000009c     AdcManager.obj (.text:AdcManager_DisableChannel)
                  0000a8b8    0000009c     Header3Control.obj (.text:Header3Control_SetConfig)
                  0000a954    0000009c     Header6Control.obj (.text:Header6Control_SetConfig)
                  0000a9f0    0000009c     TestProtocol.obj (.text:_HandleHumanPwmCommand)
                  0000aa8c    0000009a     PushButtonControl.obj (.text:_ProcessPushButtons)
                  0000ab26    00000096     UiManager.obj (.text:UiManager_PlaySequence)
                  0000abbc    00000094     BarometerControl.obj (.text:BarometerControl_ReadBar)
                  0000ac50    00000094     Timer.obj (.text:Timer_A0_Configure)
                  0000ace4    00000094     Timer.obj (.text:Timer_A1_Configure)
                  0000ad78    00000094     Timer.obj (.text:Timer_A2_Configure)
                  0000ae0c    00000092     I2c.obj (.text:I2c_Init)
                  0000ae9e    00000092     Timer.obj (.text:Timer_B0_Configure)
                  0000af30    00000092     BuzzerControl.obj (.text:_BuzzerControl_SetOutput)
                  0000afc2    00000090     GyroscopeControl.obj (.text:GyroControl_SetConfig)
                  0000b052    0000008c     ConfigurationManager.obj (.text:ConMan_SetOutputConfig)
                  0000b0de    0000008c     Gyroscope.obj (.text:Gyroscope_Config)
                  0000b16a    0000008c     Pmm.obj (.text:Pmm_Init)
                  0000b1f6    0000008c     Pmm.obj (.text:_SetVCoreDown)
                  0000b282    0000008a     Uart.obj (.text:Uart_WriteByteHex)
                  0000b30c    0000008a     TestProtocol.obj (.text:_HandleHumanAdc1Command)
                  0000b396    0000008a     TimerTick.obj (.text:_InsertTimeout)
                  0000b420    00000088     DacControl.obj (.text:DacControl_SetConfig)
                  0000b4a8    00000088     Gpio.obj (.text:Gpio_Configure)
                  0000b530    00000088     TestProtocol.obj (.text:TestProtocol_HandleReceivedPacket)
                  0000b5b8    00000082     SpiSlave.obj (.text:SpiSlave_Init)
                  0000b63a    00000082     Gpio.obj (.text:_GpioPortOneIsr)
                  0000b6bc    00000082     Gpio.obj (.text:_GpioPortTwoIsr)
                  0000b73e    00000082     TestProtocol.obj (.text:_HandleHumanVerCommand)
                  0000b7c0    0000007e     Adc.obj (.text:Adc_ApplyCorrection)
                  0000b83e    0000007e     Clock.obj (.text:Clock_Init)
                  0000b8bc    0000007c     Adc.obj (.text:Adc_ConvertValueToTemp)
                  0000b938    0000007c     EventQueue.obj (.text:EventQueue_GetNext)
                  0000b9b4    0000007a     AdcManager.obj (.text:AdcManager_Init)
                  0000ba2e    0000007a     DigitalInputControl.obj (.text:_ReadPins)
                  0000baa8    00000074     EncoderControl.obj (.text:EncControl_ReadEnc)
                  0000bb1c    00000070     DataBuffer.obj (.text:DataBuffer_AddToSubarray16Bit)
                  0000bb8c    00000070     Dma.obj (.text:Dma_Configure)
                  0000bbfc    0000006e     ConfigurationManager.obj (.text:ConMan_Init)
                  0000bc6a    0000006e     rts430x_sc_sd_eabi.lib : copy_decompress_lzss.c.obj (.text:decompress:lzss:__TI_decompress_lzss)
                  0000bcd8    0000006c     Accelerometer.obj (.text:Accelerometer_Start)
                  0000bd44    0000006c     I2c.obj (.text:I2c_TransmitByteEnd)
                  0000bdb0    0000006c     TimerTick.obj (.text:TimerTick_RequestTimeout)
                  0000be1c    0000006c     Ultrasound.obj (.text:UltrasoundStartTransmit)
                  0000be88    0000006c     Header4Control.obj (.text:_Header4Control_SetFrequency)
                  0000bef4    0000006c     Header5Control.obj (.text:_Header5Control_SetFrequency)
                  0000bf60    0000006c     SelfTest.obj (.text:_TestDigitalInput)
                  0000bfcc    0000006a     CommProtocol.obj (.text:CommProtocol_Init)
                  0000c036    0000006a     I2c.obj (.text:I2c_ReceiveByteEnd)
                  0000c0a0    0000006a     SpiMaster.obj (.text:Spi_Init)
                  0000c10a    0000006a     Uart.obj (.text:Uart_Open)
                  0000c174    0000006a     TestProtocol.obj (.text:_HandleHumanBarcCommand)
                  0000c1de    00000066     Accelerometer.obj (.text:Accelerometer_ReadSample)
                  0000c244    00000066     Barometer.obj (.text:Barometer_ReadCoefficients)
                  0000c2aa    00000066     Serial.obj (.text:Serial_SendStringNumber)
                  0000c310    00000064     Encoder.obj (.text:Encoder_Read)
                  0000c374    00000064     Magnetometer.obj (.text:Magnetometer_Start)
                  0000c3d8    00000062     Pwm.obj (.text:Pwm_SetFrequency)
                  0000c43a    00000062     Accelerometer.obj (.text:_AccReadMultipleRegisters)
                  0000c49c    00000062     TestProtocol.obj (.text:_HandleHumanAccCommand)
                  0000c4fe    00000062     TestProtocol.obj (.text:_HandleHumanBslCommand)
                  0000c560    00000062     TestProtocol.obj (.text:_HandleHumanGyroCommand)
                  0000c5c2    00000062     TestProtocol.obj (.text:_HandleHumanMagCommand)
                  0000c624    00000062     Magnetometer.obj (.text:_ReadMultipleRegisters)
                  0000c686    00000060     Gyroscope.obj (.text:Gyroscope_ReadSample)
                  0000c6e6    00000060     I2c.obj (.text:I2c_TransmitStart)
                  0000c746    0000005e     DataBuffer.obj (.text:DataBuffer_AddToSubarray8Bit)
                  0000c7a4    0000005e     Gyroscope.obj (.text:_GyroReadMultipleRegisters)
                  0000c802    0000005e     TestProtocol.obj (.text:_HandleHumanBarCommand)
                  0000c860    0000005c     AdcManager.obj (.text:AdcManager_PoweredChannelControl)
                  0000c8bc    0000005c     AdcManager.obj (.text:AdcManager_SingleSampleBlocking)
                  0000c918    0000005c     Barometer.obj (.text:Barometer_ReadSample)
                  0000c974    0000005c     Encoder.obj (.text:_Encoder_AddSample)
                  0000c9d0    00000058     Adc.obj (.text:Adc_Config)
                  0000ca28    00000058     Gpio.obj (.text:Gpio_RegisterIsr)
                  0000ca80    00000058     Barometer.obj (.text:_BarReadMultipleRegisters)
                  0000cad8    00000058     TestProtocol.obj (.text:_SendAckHuman)
                  0000cb30    00000058     rts430x_sc_sd_eabi.lib : div32u.asm.obj (.text)
                  0000cb88    00000056     SelfTest.obj (.text:SelfTest_Start)
                  0000cbde    00000056     Uart.obj (.text:Uart_WriteByteArray)
                  0000cc34    00000056     rts430x_sc_sd_eabi.lib : snprintf.c.obj (.text:snprintf)
                  0000cc8a    00000054     LedControl.obj (.text:_Led_ProcessStates)
                  0000ccde    00000052     I2c.obj (.text:I2c_Open)
                  0000cd30    00000052     rts430x_sc_sd_eabi.lib : autoinit.c.obj (.text:__TI_auto_init_nobinit_nopinit_hold_wdt:__TI_auto_init_nobinit_nopinit_hold_wdt)
                  0000cd82    00000052                            : atoi.c.obj (.text:atoi)
                  0000cdd4    00000050     Version.obj (.text:UserFirmwareVersionString)
                  0000ce24    00000050     TimerTick.obj (.text:_TimerA1CC0Isr)
                  0000ce74    0000004e     CommProtocol.obj (.text:CommProtocol_TxHandler)
                  0000cec2    0000004e     TimerTick.obj (.text:TimerTick_CancelTimeout)
                  0000cf10    0000004e     TimerTick.obj (.text:TimerTick_ProcessTimeouts)
                  0000cf5e    0000004c     AdcManager.obj (.text:AdcManager_ProcessConversion)
                  0000cfaa    0000004c     Serial.obj (.text:Serial_SendPacket)
                  0000cff6    0000004c     Adc.obj (.text:_AdcIsr)
                  0000d042    0000004c     Encoder.obj (.text:_TimerA2CCxIsr)
                  0000d08e    0000004a     rts430x_sc_sd_eabi.lib : strtok.c.obj (.text:strtok)
                  0000d0d8    00000048     Magnetometer.obj (.text:Magnetometer_Init)
                  0000d120    00000048     Ecg6ChanControl.obj (.text:_Ecg1DataCallback)
                  0000d168    00000048     Ecg6ChanControl.obj (.text:_Ecg2DataCallback)
                  0000d1b0    00000048     Ecg6ChanControl.obj (.text:_Ecg3DataCallback)
                  0000d1f8    00000048     Ecg6ChanControl.obj (.text:_Ecg4DataCallback)
                  0000d240    00000048     Ecg6ChanControl.obj (.text:_Ecg5DataCallback)
                  0000d288    00000048     Ecg6ChanControl.obj (.text:_Ecg6DataCallback)
                  0000d2d0    00000046     Serial.obj (.text:Serial_SendString)
                  0000d316    00000044     Adc.obj (.text:Adc_GetTempCalib)
                  0000d35a    00000044     Adc.obj (.text:Adc_SingleConversionSequenceBlocking)
                  0000d39e    00000044     Dac.obj (.text:DacSetVoltage)
                  0000d3e2    00000044     I2c.obj (.text:I2c_TransmitByte)
                  0000d426    00000042     EventQueue.obj (.text:EventQueue_Add)
                  0000d468    00000040     Accelerometer.obj (.text:Accelerometer_TriggerSampleBlocking)
                  0000d4a8    00000040     CommProtocol.obj (.text:CommProtocol_HandleStartDataPacket)
                  0000d4e8    00000040     CommProtocol.obj (.text:CommProtocol_HandleStopDataPacket)
                  0000d528    00000040     Accelerometer.obj (.text:_AccReadSingleRegister)
                  0000d568    00000040     TestProtocol.obj (.text:_HandleHumanDacCommand)
                  0000d5a8    00000040     Magnetometer.obj (.text:_ReadSingleRegister)
                  0000d5e8    00000040     SelfTest.obj (.text:_TotalTestState)
                  0000d628    0000003e     Gpio.obj (.text:Gpio_ConfigurePortU)
                  0000d666    0000003e     SpiSlave.obj (.text:SpiSlave_LoadPacket)
                  0000d6a4    0000003e     EcgControl.obj (.text:_Ecg1DataCallback)
                  0000d6e2    0000003e     EcgControl.obj (.text:_Ecg3DataCallback)
                  0000d720    0000003e     AdcManager.obj (.text:_GetSamplesToSkip)
                  0000d75e    0000003e     Encoder.obj (.text:_TimerA2CC0Isr)
                  0000d79c    0000003c     Accelerometer.obj (.text:Accelerometer_Init)
                  0000d7d8    0000003c     Accelerometer.obj (.text:Accelerometer_Stop)
                  0000d814    0000003c     Gyroscope.obj (.text:Gyroscope_Init)
                  0000d850    0000003c     ThermometerControl.obj (.text:_thermometerDataCallBack)
                  0000d88c    0000003a     Gpio.obj (.text:Gpio_ConfigurePortJ)
                  0000d8c6    0000003a     Dma.obj (.text:_DmaIsr)
                  0000d900    0000003a     EcgControl.obj (.text:_Ecg2DataCallback)
                  0000d93a    0000003a     rts430x_sc_sd_eabi.lib : lsl64.c.obj (.text:__mspabi_sllll)
                  0000d974    0000003a                            : lsr64.c.obj (.text:__mspabi_srlll)
                  0000d9ae    00000038     Barometer.obj (.text:Barometer_TriggerSampleBlocking)
                  0000d9e6    00000038     Gyroscope.obj (.text:_GyroReadSingleRegister)
                  0000da1e    00000038     Uart.obj (.text:_HandleUartTransmitInterrupt)
                  0000da56    00000038     DataBuffer.obj (.text:_InitializeData)
                  0000da8e    00000036     ConfigurationManager.obj (.text:ConMan_GetCalibration)
                  0000dac4    00000036     Magnetometer.obj (.text:Magnetometer_Stop)
                  0000dafa    00000036     Serial.obj (.text:Serial_Open)
                  0000db30    00000036     TimerTick.obj (.text:TimerTick_Init)
                  0000db66    00000036     Uart.obj (.text:Uart_WriteByte)
                  0000db9c    00000036     CommProtocol.obj (.text:_HandleRfStatusISR)
                  0000dbd2    00000036     DataBuffer.obj (.text:_IndexOfSubarrayId)
                  0000dc08    00000034     Gyroscope.obj (.text:Gyroscope_Start)
                  0000dc3c    00000034     PushButtonControl.obj (.text:PushButtonControl_Init)
                  0000dc70    00000034     ConfigurationManager.obj (.text:_ConMan_AllocateBuffer)
                  0000dca4    00000032     ThermometerControl.obj (.text:ThermometerControl_ReadCalibration)
                  0000dcd6    00000032     TimerTick.obj (.text:TimerTick_RegisterTickIsr)
                  0000dd08    00000032     Uart.obj (.text:_UartA0Isr)
                  0000dd3a    00000032     Uart.obj (.text:_UartA1Isr)
                  0000dd6c    00000032     rts430x_sc_sd_eabi.lib : snprintf.c.obj (.text:_outs)
                  0000dd9e    00000030     BatteryControl.obj (.text:BatteryControl_ReadCalibration)
                  0000ddce    00000030     Board.obj (.text:Board_Init)
                  0000ddfe    00000030     EventQueue.obj (.text:EventQueue_Init)
                  0000de2e    00000030     EventQueue.obj (.text:EventQueue_IsEmpty)
                  0000de5e    00000030     Pwm.obj (.text:Pwm_SetDuty)
                  0000de8e    00000030     SpiSlave.obj (.text:SpiSlave_ReadPacket)
                  0000debe    00000030     Uart.obj (.text:Uart_ReadByte)
                  0000deee    0000002e     Encoder.obj (.text:Encoder_Start)
                  0000df1c    0000002c     DataBuffer.obj (.text:DataBuffer_RotateBuffer)
                  0000df48    0000002c     Dma.obj (.text:Dma_Arm)
                  0000df74    0000002c     Encoder.obj (.text:Encoder_Init)
                  0000dfa0    0000002c     GyroscopeControl.obj (.text:GyroControl_ReadGyro)
                  0000dfcc    0000002c     I2c.obj (.text:I2c_ReceiveByte)
                  0000dff8    0000002c     Barometer.obj (.text:_BarWriteRegister)
                  0000e024    0000002c     Conversion.obj (.text:_CheckForOverflowUnsigned)
                  0000e050    0000002c     Gyroscope.obj (.text:_GyroWriteRegister)
                  0000e07c    0000002c     Uart.obj (.text:_HandleUartReceiveInterrupt)
                  0000e0a8    0000002c     SelfTest.obj (.text:_TestAnalogInput)
                  0000e0d4    0000002a     AccelerometerControl.obj (.text:AccControl_ReadAcc)
                  0000e0fe    0000002a     DataBuffer.obj (.text:DataBuffer_ClearSubarrays)
                  0000e128    0000002a     Gyroscope.obj (.text:Gyroscope_ReadSampleArray)
                  0000e152    0000002a     I2c.obj (.text:I2c_WaitUntilBusIdle)
                  0000e17c    0000002a     MagnetometerControl.obj (.text:MagControl_ReadMag)
                  0000e1a6    0000002a     SpiMaster.obj (.text:Spi_ReadRegister)
                  0000e1d0    00000028     Pwm.obj (.text:_DutyToCount)
                  0000e1f8    00000028     rts430x_sc_sd_eabi.lib : strcspn.c.obj (.text:strcspn)
                  0000e220    00000028                            : strspn.c.obj (.text:strspn)
                  0000e248    00000026     Pwm.obj (.text:Pwm_Init)
                  0000e26e    00000026     Uart.obj (.text:Uart_AreBytesAvailableAnyOpenPort)
                  0000e294    00000024     Accelerometer.obj (.text:Accelerometer_ReadSampleArray)
                  0000e2b8    00000024     ConfigurationManager.obj (.text:ConMan_SetFixedConfig)
                  0000e2dc    00000024     Gpio.obj (.text:Gpio_EnableResistor)
                  0000e300    00000024     Magnetometer.obj (.text:Magnetometer_ReadSampleArray)
                  0000e324    00000024     Serial.obj (.text:Serial_GetPacket)
                  0000e348    00000024     Serial.obj (.text:Serial_Init)
                  0000e36c    00000024     AdcManager.obj (.text:_AllChannelsDisabled)
                  0000e390    00000024     Adc.obj (.text:_MoveSamplesToUserLocation)
                  0000e3b4    00000024     CommProtocol.obj (.text:_WriteMessageData)
                  0000e3d8    00000022     Encoder.obj (.text:_Encoder_ClearBuffer)
                  0000e3fa    00000020     Encoder.obj (.text:Encoder_Stop)
                  0000e41a    00000020     SpiMaster.obj (.text:Spi_WriteRegister)
                  0000e43a    00000020     UiManager.obj (.text:UiManager_StopSequence)
                  0000e45a    00000020     Pwm.obj (.text:_AnyChannelsEnabled)
                  0000e47a    0000001e     DataBuffer.obj (.text:DataBuffer_GetIdleBuffer)
                  0000e498    0000001e     System.obj (.text:System_Init)
                  0000e4b6    0000001e     rts430x_sc_sd_eabi.lib : snprintf.c.obj (.text:_outc)
                  0000e4d4    0000001c     SelfTest.obj (.text:_AllTestsInState)
                  0000e4f0    0000001c     Header1Control.obj (.text:_Header1Control_SetPinOutput)
                  0000e50c    0000001c     Header2Control.obj (.text:_Header2Control_SetPinOutput)
                  0000e528    0000001c     Header3Control.obj (.text:_Header3Control_SetPinOutput)
                  0000e544    0000001c     Header6Control.obj (.text:_Header6Control_SetPinOutput)
                  0000e560    0000001c     rts430x_sc_sd_eabi.lib : boot.c.obj (.text:_c_int00_noargs)
                  0000e57c    0000001a     Dma.obj (.text:Dma_Enable)
                  0000e596    0000001a     PushButtonControl.obj (.text:PushButtonControl_isButtonPressed)
                  0000e5b0    0000001a     System.obj (.text:System_ConvertResetReasonToString)
                  0000e5ca    0000001a     rts430x_sc_sd_eabi.lib : memccpy.c.obj (.text:memccpy)
                  0000e5e4    00000018     Uart.obj (.text:Uart_EnableReceive)
                  0000e5fc    00000018     rts430x_sc_sd_eabi.lib : mult1632_f5hw.asm.obj (.text:__mpyul)
                  0000e614    00000016     Barometer.obj (.text:Barometer_ReadSampleArray)
                  0000e62a    00000016     Gyroscope.obj (.text:Gyroscope_Stop)
                  0000e640    00000016     SpiSlave.obj (.text:SpiSlave_FlushRead)
                  0000e656    00000016     SpiSlave.obj (.text:SpiSlave_UnloadPacket)
                  0000e66c    00000016     SpiMaster.obj (.text:Spi_WriteByte)
                  0000e682    00000016     AmbientLightControl.obj (.text:_AmbientLightDataCallback)
                  0000e698    00000016     Analog7Control.obj (.text:_Analog7DataCallback)
                  0000e6ae    00000016     Analog8Control.obj (.text:_Analog8DataCallback)
                  0000e6c4    00000016     Analog9Control.obj (.text:_Analog9DataCallback)
                  0000e6da    00000016     BatteryControl.obj (.text:_BatteryVoltageDataCallback)
                  0000e6f0    00000016     HighGainControl.obj (.text:_HighGainDataCallback)
                  0000e706    00000016     MicrophoneControl.obj (.text:_MicrophoneDataCallback)
                  0000e71c    00000016     rts430x_sc_sd_eabi.lib : div16u.asm.obj (.text)
                  0000e732    00000014     Barometer.obj (.text:Barometer_ReadCoeffArray)
                  0000e746    00000014     Gpio.obj (.text:Gpio_GetValue)
                  0000e75a    00000014     KeyValue.obj (.text:KeyValue_Separate)
                  0000e76e    00000014     Timer.obj (.text:Timer_A0CCX_Configure)
                  0000e782    00000014     Timer.obj (.text:Timer_A2CCX_Configure)
                  0000e796    00000014     Timer.obj (.text:Timer_B0CCX_Configure)
                  0000e7aa    00000014     Uart.obj (.text:Uart_AreBytesAvailable)
                  0000e7be    00000014     ForceGaugeControl.obj (.text:_ForceGaugeDataCallback)
                  0000e7d2    00000014     StateMachine.obj (.text:_HandlePowerOffRequest)
                  0000e7e6    00000014     rts430x_sc_sd_eabi.lib : copy_zero_init.c.obj (.text:decompress:ZI:__TI_zero_init)
                  0000e7fa    00000014                            : memset.c.obj (.text:memset)
                  0000e80e    00000014                            : mult16_f5hw.asm.obj (.text)
                  0000e822    00000014                            : wcslen.c.obj (.text:wcslen)
                  0000e836    00000012     AccelerometerControl.obj (.text:AccControl_Init)
                  0000e848    00000012     Adc.obj (.text:Adc_StartConversionSequenceOfChannels)
                  0000e85a    00000012     DataBuffer.obj (.text:DataBuffer_Init)
                  0000e86c    00000012     Gpio.obj (.text:Gpio_ClearPortU)
                  0000e87e    00000012     Gpio.obj (.text:Gpio_GetValuePortU)
                  0000e890    00000012     Gpio.obj (.text:Gpio_SetPortU)
                  0000e8a2    00000012     GyroscopeControl.obj (.text:GyroControl_Init)
                  0000e8b4    00000012     Interrupt.obj (.text:Interrupt_Lock)
                  0000e8c6    00000012     MagnetometerControl.obj (.text:MagControl_Init)
                  0000e8d8    00000012     rts430x_sc_sd_eabi.lib : copy_decompress_none.c.obj (.text:decompress:none:__TI_decompress_none)
                  0000e8ea    00000012                            : memcpy.c.obj (.text:memcpy)
                  0000e8fc    00000010     Barometer.obj (.text:Barometer_StartSampleConversion)
                  0000e90c    00000010     Dma.obj (.text:Dma_RegisterIsr)
                  0000e91c    00000010     Pwm.obj (.text:Pwm_GetDuty)
                  0000e92c    00000010     Accelerometer.obj (.text:_HandleDataReadyInterrupt)
                  0000e93c    00000010     Gyroscope.obj (.text:_HandleDataReadyInterrupt)
                  0000e94c    00000010     Magnetometer.obj (.text:_HandleDataReadyInterrupt)
                  0000e95c    00000010     rts430x_sc_sd_eabi.lib : lsr32.asm.obj (.text:l_lsr)
                  0000e96c    0000000e     Buzzer.obj (.text:Buzzer_Enable)
                  0000e97a    0000000e     CommProtocol.obj (.text:CommProtocol_GetRfStatus)
                  0000e988    0000000e     Dma.obj (.text:Dma_Disable)
                  0000e996    0000000e     Gpio.obj (.text:Gpio_Clear)
                  0000e9a4    0000000e     Gpio.obj (.text:Gpio_GetValuePortJ)
                  0000e9b2    0000000e     LedControl.obj (.text:LedControl_Init)
                  0000e9c0    0000000e     SpiSlave.obj (.text:_HandleDmaRxIsr)
                  0000e9ce    0000000e     SpiSlave.obj (.text:_HandleDmaTxIsr)
                  0000e9dc    0000000e     UiManager.obj (.text:_UiTickCallBack)
                  0000e9ea    0000000e     rts430x_sc_sd_eabi.lib : strlen.c.obj (.text:strlen)
                  0000e9f8    0000000c     Adc.obj (.text:Adc_StopConversion)
                  0000ea04    0000000c     Dma.obj (.text:Dma_DisableIsr)
                  0000ea10    0000000c     Dma.obj (.text:Dma_EnableIsr)
                  0000ea1c    0000000c     Gpio.obj (.text:Gpio_Set)
                  0000ea28    0000000c     Interrupt.obj (.text:Interrupt_Unlock)
                  0000ea34    0000000c     Ultrasound.obj (.text:_RxEnable)
                  0000ea40    0000000a     Adc.obj (.text:Adc_GetNumberOfConversions)
                  0000ea4a    0000000a     BarometerControl.obj (.text:BarometerControl_Init)
                  0000ea54    0000000a     Dma.obj (.text:Dma_Init)
                  0000ea5e    0000000a     EncoderControl.obj (.text:EncControl_Init)
                  0000ea68    0000000a     TimerTick.obj (.text:TimerTick_CancelTimeoutFromCallback)
                  0000ea72    0000000a     TimerTick.obj (.text:TimerTick_IsTimerActive)
                  0000ea7c    0000000a     Version.obj (.text:WaferId)
                  0000ea86    0000000a     AccelerometerControl.obj (.text:_AccDataReadyIsr)
                  0000ea90    0000000a     Main.obj (.text:_ClearStartup)
                  0000ea9a    0000000a     GyroscopeControl.obj (.text:_GyroDataReadyIsr)
                  0000eaa4    0000000a     StateMachine.obj (.text:_UnlatchPower)
                  0000eaae    0000000a     Main.obj (.text:_system_pre_init)
                  0000eab8    0000000a     rts430x_sc_sd_eabi.lib : lsl16.asm.obj (.text)
                  0000eac2    00000008     BatteryControl.obj (.text:BatteryControl_GetCounts)
                  0000eaca    00000008     Buzzer.obj (.text:Buzzer_SetDuty)
                  0000ead2    00000008     LedControl.obj (.text:LedControl_SetLed)
                  0000eada    00000008     TimerTick.obj (.text:TimerTick_EnableTickIsr)
                  0000eae2    00000008     Uart.obj (.text:Uart_IsPortOpen)
                  0000eaea    00000008     TestProtocol.obj (.text:_HandleHumanAdcCommand)
                  0000eaf2    00000008     TestProtocol.obj (.text:_HandleHumanStopCommand)
                  0000eafa    00000008     TestProtocol.obj (.text:_HandleHumanUsGoCommand)
                  0000eb02    00000008     MagnetometerControl.obj (.text:_MagDataReadyIsr)
                  0000eb0a    00000006     Accelerometer.obj (.text:Accelerometer_RegisterIsr)
                  0000eb10    00000006     Adc.obj (.text:Adc_GetGainFactor)
                  0000eb16    00000006     Adc.obj (.text:Adc_GetOffset)
                  0000eb1c    00000006     AmbientLightControl.obj (.text:AmbientLightControl_Init)
                  0000eb22    00000006     Analog7Control.obj (.text:Analog7Control_Init)
                  0000eb28    00000006     Analog8Control.obj (.text:Analog8Control_Init)
                  0000eb2e    00000006     Analog9Control.obj (.text:Analog9Control_Init)
                  0000eb34    00000006     BarometerControl.obj (.text:BarometerControl_ReadCalibration)
                  0000eb3a    00000006     BatteryControl.obj (.text:BatteryControl_Init)
                  0000eb40    00000006     Buzzer.obj (.text:Buzzer_Disable)
                  0000eb46    00000006     ConfigurationManager.obj (.text:ConMan_GetFixedConfig)
                  0000eb4c    00000006     Version.obj (.text:DeviceId)
                  0000eb52    00000006     DigitalInputControl.obj (.text:DigitalInputControl_Init)
                  0000eb58    00000006     Ecg6ChanControl.obj (.text:Ecg6Control_Init)
                  0000eb5e    00000006     EcgControl.obj (.text:EcgControl_Init)
                  0000eb64    00000006     ForceGaugeControl.obj (.text:FgControl_Init)
                  0000eb6a    00000006     Version.obj (.text:FirmwareRevisionMicro)
                  0000eb70    00000006     Gyroscope.obj (.text:Gyroscope_RegisterIsr)
                  0000eb76    00000006     Version.obj (.text:HardwareRevisionMicro)
                  0000eb7c    00000006     HighGainControl.obj (.text:HighGainControl_Init)
                  0000eb82    00000006     Magnetometer.obj (.text:Magnetometer_RegisterIsr)
                  0000eb88    00000006     MicrophoneControl.obj (.text:MicrophoneControl_Init)
                  0000eb8e    00000006     System.obj (.text:System_GetResetReason)
                  0000eb94    00000006     System.obj (.text:System_PowerOff)
                  0000eb9a    00000006     TestProtocol.obj (.text:TestProtocol_Init)
                  0000eba0    00000006     ThermometerControl.obj (.text:ThermometerControl_Init)
                  0000eba6    00000006     rts430x_sc_sd_eabi.lib : exit.c.obj (.text:abort)
                  0000ebac    00000004     Buzzer.obj (.text:Buzzer_SetFrequency)
                  0000ebb0    00000004     Conversion.obj (.text:Conversion_SwapBytes)
                  0000ebb4    00000002     Barometer.obj (.text:Barometer_Init)
                  0000ebb6    00000002     Dac.obj (.text:DacInit)
                  0000ebb8    00000002     Header1Control.obj (.text:Header1Control_Init)
                  0000ebba    00000002     Header2Control.obj (.text:Header2Control_Init)
                  0000ebbc    00000002     Header3Control.obj (.text:Header3Control_Init)
                  0000ebbe    00000002     Header4Control.obj (.text:Header4Control_Init)
                  0000ebc0    00000002     Header6Control.obj (.text:Header6Control_Init)
                  0000ebc2    00000002     UiManager.obj (.text:UiManager_Init)
                  0000ebc4    00000002     Accelerometer.obj (.text:_HandleOtherInterrupt)
                  0000ebc6    00000002     Gyroscope.obj (.text:_HandleOtherInterrupt)
                  0000ebc8    00000002     rts430x_sc_sd_eabi.lib : startup.c.obj (.text:_system_post_cinit)

MODULE SUMMARY

       Module                       code    ro data   rw data
       ------                       ----    -------   -------
    .\src\Application\
       ConfigurationManager.obj     2684    896       6      
       SelfTest.obj                 2990    166       146    
       DataBuffer.obj               722     0         144    
       StateMachine.obj             402     0         8      
       Main.obj                     238     20        0      
    +--+----------------------------+-------+---------+---------+
       Total:                       7036    1082      304    
                                                             
    .\src\Components\
       TestProtocol.obj             2932    928       66     
       Ecg6ChanControl.obj          2142    0         18     
       CommProtocol.obj             1176    16        392    
       UiManager.obj                466     838       22     
       BuzzerControl.obj            412     704       18     
       EcgControl.obj               1110    0         12     
       Header4Control.obj           368     448       14     
       Header5Control.obj           366     448       14     
       ThermometerControl.obj       742     0         18     
       Analog7Control.obj           520     0         6      
       Analog8Control.obj           520     0         6      
       Analog9Control.obj           520     0         6      
       DigitalInputControl.obj      454     0         8      
       BarometerControl.obj         408     6         16     
       EncoderControl.obj           290     100       12     
       BatteryControl.obj           376     0         4      
       AmbientLightControl.obj      320     0         4      
       HighGainControl.obj          320     0         4      
       MicrophoneControl.obj        320     0         4      
       AccelerometerControl.obj     306     0         16     
       ForceGaugeControl.obj        296     0         4      
       MagnetometerControl.obj      248     0         20     
       PushButtonControl.obj        232     0         10     
       GyroscopeControl.obj         216     0         12     
       Header1Control.obj           192     0         4      
       Header2Control.obj           192     0         4      
       Header3Control.obj           186     0         4      
       Header6Control.obj           186     0         4      
       DacControl.obj               136     0         4      
       LedControl.obj               106     12        12     
    +--+----------------------------+-------+---------+---------+
       Total:                       16058   3500      738    
                                                             
    .\src\Drivers\Devices\
       AdcManager.obj               1552    46        236    
       Accelerometer.obj            1124    0         30     
       Magnetometer.obj             964     0         20     
       Pwm.obj                      752     14        25     
       Gyroscope.obj                630     0         16     
       Encoder.obj                  486     4         22     
       Barometer.obj                442     0         2      
       Ultrasound.obj               120     0         0      
       Dac.obj                      70      0         0      
       Buzzer.obj                   32      0         0      
    +--+----------------------------+-------+---------+---------+
       Total:                       6172    64        351    
                                                             
    .\src\Drivers\Micro\
       Uart.obj                     1072    52        1300   
       Gpio.obj                     1800    124       32     
       Adc.obj                      1198    104       74     
       I2c.obj                      692     44        20     
       Timer.obj                    650     60        0      
       System.obj                   68      464       0      
       Pmm.obj                      472     0         0      
       Dma.obj                      304     34        20     
[...]
0000072c  ADC12MEM6                              
0000072c  ADC12MEM6_L                            
0000072d  ADC12MEM6_H                            
0000072e  ADC12MEM7                              
0000072e  ADC12MEM7_L                            
0000072f  ADC12MEM7_H                            
00000730  ADC12MEM8                              
00000730  ADC12MEM8_L                            
00000731  ADC12MEM8_H                            
00000732  ADC12MEM9                              
00000732  ADC12MEM9_L                            
00000733  ADC12MEM9_H                            
00000734  ADC12MEM10                             
00000734  ADC12MEM10_L                           
00000735  ADC12MEM10_H                           
00000736  ADC12MEM11                             
00000736  ADC12MEM11_L                           
00000737  ADC12MEM11_H                           
00000738  ADC12MEM12                             
00000738  ADC12MEM12_L                           
00000739  ADC12MEM12_H                           
0000073a  ADC12MEM13                             
0000073a  ADC12MEM13_L                           
0000073b  ADC12MEM13_H                           
0000073c  ADC12MEM14                             
0000073c  ADC12MEM14_L                           
0000073d  ADC12MEM14_H                           
0000073e  ADC12MEM15                             
0000073e  ADC12MEM15_L                           
0000073f  ADC12MEM15_H                           
000008c0  CBCTL0                                 
000008c0  CBCTL0_L                               
000008c1  CBCTL0_H                               
000008c2  CBCTL1                                 
000008c2  CBCTL1_L                               
000008c3  CBCTL1_H                               
000008c4  CBCTL2                                 
000008c4  CBCTL2_L                               
000008c5  CBCTL2_H                               
000008c6  CBCTL3                                 
000008c6  CBCTL3_L                               
000008c7  CBCTL3_H                               
000008cc  CBINT                                  
000008cc  CBINT_L                                
000008cd  CBINT_H                                
000008ce  CBIV                                   
00000900  LDOKEYPID                              
00000900  LDOKEYPID_L                            
00000901  LDOKEYPID_H                            
00000904  PUCTL                                  
00000904  PUCTL_L                                
00000905  PUCTL_H                                
00000908  LDOPWRCTL                              
00000908  LDOPWRCTL_L                            
00000909  LDOPWRCTL_H                            
00002392  _tickHandle                            
0000272c  _activeSequence                        
00002868  _dacMode                               
0000286a  _dacAmplitude                          
0000286c  _initialized                           
000028ca  errno                                  
00004338  _stack                                 
00004400  __STACK_END                            
00004400  __TI_ISR_TRAP                          
00004408  Ecg6Control_SetConfig                  
00004ab0  Gpio_Init                              
00004ec6  SelfTest_Process                       
00005264  EcgControl_SetConfig                   
000055fe  ConMan_StartData                       
00005976  __mspabi_divull                        
00005cc4  CommProtocol_RxHandler                 
00006296  ConMan_StopData                        
0000652e  ThermometerControl_SetConfig           
000067a0  __TI_printfi_nofloat                   
00006a10  AdcManager_EnableChannel               
00006c52  Accelerometer_Config                   
00007048  Analog7Control_SetConfig               
00007234  Analog8Control_SetConfig               
00007420  Analog9Control_SetConfig               
000077f4  ConMan_GetPacketConfig                 
00007ce2  Uart_Init                              
00007f92  DigitalInputControl_SetConfig          
000080d8  Magnetometer_Config                    
000086ec  AmbientLightControl_SetConfig          
00008810  BatteryControl_SetConfig               
00008934  HighGainControl_SetConfig              
00008a58  MicrophoneControl_SetConfig            
00008b7c  ConMan_SetSensorConfig                 
00008dc0  DataBuffer_CreateSubarray              
00008ed0  FgControl_SetConfig                    
00008fde  Pwm_Enable                             
000091f6  BuzzerControl_SetConfig                
00009408  Header4Control_SetConfig               
0000950a  Header5Control_SetConfig               
0000960c  BarometerControl_SetConfig             
000097f4  AccControl_SetConfig                   
000098e0  main                                   
000099ba  Pwm_Disable                            
00009b62  Adc_Init                               
00009c2e  Magnetometer_TriggerSampleBlocking     
00009e80  Serial_SendString3Numbers              
0000a236  MagControl_SetConfig                   
0000a2ea  Serial_ProcessReceivedBytes            
0000a39c  StateMachine_ProcessEvents             
0000a44a  Adc_SetChannelSequence                 
0000a4f4  EncControl_SetConfig                   
0000a598  Conversion_HexStringToUint             
0000a63a  Header1Control_SetConfig               
0000a6dc  Header2Control_SetConfig               
0000a81c  AdcManager_DisableChannel              
0000a8b8  Header3Control_SetConfig               
0000a954  Header6Control_SetConfig               
0000ab26  UiManager_PlaySequence                 
0000abbc  BarometerControl_ReadBar               
0000ac50  Timer_A0_Configure                     
0000ace4  Timer_A1_Configure                     
0000ad78  Timer_A2_Configure                     
0000ae0c  I2c_Init                               
0000ae9e  Timer_B0_Configure                     
0000afc2  GyroControl_SetConfig                  
0000b052  ConMan_SetOutputConfig                 
0000b0de  Gyroscope_Config                       
0000b16a  Pmm_Init                               
0000b282  Uart_WriteByteHex                      
0000b420  DacControl_SetConfig                   
0000b4a8  Gpio_Configure                         
0000b530  TestProtocol_HandleReceivedPacket      
0000b5b8  SpiSlave_Init                          
0000b63a  _GpioPortOneIsr                        
0000b6bc  _GpioPortTwoIsr                        
0000b7c0  Adc_ApplyCorrection                    
0000b83e  Clock_Init                             
0000b8bc  Adc_ConvertValueToTemp                 
0000b938  EventQueue_GetNext                     
0000b9b4  AdcManager_Init                        
0000baa8  EncControl_ReadEnc                     
0000bb1c  DataBuffer_AddToSubarray16Bit          
0000bb8c  Dma_Configure                          
0000bbfc  ConMan_Init                            
0000bc6a  __TI_decompress_lzss                   
0000bcd8  Accelerometer_Start                    
0000bd44  I2c_TransmitByteEnd                    
0000bdb0  TimerTick_RequestTimeout               
0000be1c  UltrasoundStartTransmit                
0000bfcc  CommProtocol_Init                      
0000c036  I2c_ReceiveByteEnd                     
0000c0a0  Spi_Init                               
0000c10a  Uart_Open                              
0000c1de  Accelerometer_ReadSample               
0000c244  Barometer_ReadCoefficients             
0000c2aa  Serial_SendStringNumber                
0000c310  Encoder_Read                           
0000c374  Magnetometer_Start                     
0000c3d8  Pwm_SetFrequency                       
0000c686  Gyroscope_ReadSample                   
0000c6e6  I2c_TransmitStart                      
0000c746  DataBuffer_AddToSubarray8Bit           
0000c7a4  _GyroReadMultipleRegisters             
0000c860  AdcManager_PoweredChannelControl       
0000c8bc  AdcManager_SingleSampleBlocking        
0000c918  Barometer_ReadSample                   
0000c9d0  Adc_Config                             
0000ca28  Gpio_RegisterIsr                       
0000ca80  _BarReadMultipleRegisters              
0000cb30  __mspabi_divul                         
0000cb30  __mspabi_remul                         
0000cb88  SelfTest_Start                         
0000cbde  Uart_WriteByteArray                    
0000cc34  snprintf                               
0000ccde  I2c_Open                               
0000cd30  __TI_auto_init_nobinit_nopinit_hold_wdt
0000cd82  atoi                                   
0000cdd4  UserFirmwareVersionString              
0000ce24  _TimerA1CC0Isr                         
0000ce74  CommProtocol_TxHandler                 
0000cec2  TimerTick_CancelTimeout                
0000cf10  TimerTick_ProcessTimeouts              
0000cf5e  AdcManager_ProcessConversion           
0000cfaa  Serial_SendPacket                      
0000cff6  _AdcIsr                                
0000d042  _TimerA2CCxIsr                         
0000d08e  strtok                                 
0000d0d8  Magnetometer_Init                      
0000d2d0  Serial_SendString                      
0000d316  Adc_GetTempCalib                       
0000d35a  Adc_SingleConversionSequenceBlocking   
0000d39e  DacSetVoltage                          
0000d3e2  I2c_TransmitByte                       
0000d426  EventQueue_Add                         
0000d468  Accelerometer_TriggerSampleBlocking    
0000d4a8  CommProtocol_HandleStartDataPacket     
0000d4e8  CommProtocol_HandleStopDataPacket      
0000d628  Gpio_ConfigurePortU                    
0000d666  SpiSlave_LoadPacket                    
0000d75e  _TimerA2CC0Isr                         
0000d79c  Accelerometer_Init                     
0000d7d8  Accelerometer_Stop                     
0000d814  Gyroscope_Init                         
0000d88c  Gpio_ConfigurePortJ                    
0000d8c6  _DmaIsr                                
0000d93a  __mspabi_sllll                         
0000d974  __mspabi_srlll                         
0000d9ae  Barometer_TriggerSampleBlocking        
0000d9e6  _GyroReadSingleRegister                
0000da8e  ConMan_GetCalibration                  
0000dac4  Magnetometer_Stop                      
0000dafa  Serial_Open                            
0000db30  TimerTick_Init                         
0000db66  Uart_WriteByte                         
0000dc08  Gyroscope_Start                        
0000dc3c  PushButtonControl_Init                 
0000dca4  ThermometerControl_ReadCalibration     
0000dcd6  TimerTick_RegisterTickIsr              
0000dd08  _UartA0Isr                             
0000dd3a  _UartA1Isr                             
0000dd9e  BatteryControl_ReadCalibration         
0000ddce  Board_Init                             
0000ddfe  EventQueue_Init                        
0000de2e  EventQueue_IsEmpty                     
0000de5e  Pwm_SetDuty                            
0000de8e  SpiSlave_ReadPacket                    
0000debe  Uart_ReadByte                          
0000deee  Encoder_Start                          
0000df1c  DataBuffer_RotateBuffer                
0000df48  Dma_Arm                                
0000df74  Encoder_Init                           
0000dfa0  GyroControl_ReadGyro                   
0000dfcc  I2c_ReceiveByte                        
0000dff8  _BarWriteRegister                      
0000e024  _CheckForOverflowUnsigned              
0000e050  _GyroWriteRegister                     
0000e0d4  AccControl_ReadAcc                     
0000e0fe  DataBuffer_ClearSubarrays              
0000e128  Gyroscope_ReadSampleArray              
0000e152  I2c_WaitUntilBusIdle                   
0000e17c  MagControl_ReadMag                     
0000e1a6  Spi_ReadRegister                       
0000e1f8  strcspn                                
0000e220  strspn                                 
0000e248  BuzzerControl_Init                     
0000e248  Header5Control_Init                    
0000e248  Pwm_Init                               
0000e26e  Uart_AreBytesAvailableAnyOpenPort      
0000e294  Accelerometer_ReadSampleArray          
0000e2b8  ConMan_SetFixedConfig                  
0000e2dc  Gpio_EnableResistor                    
0000e300  Magnetometer_ReadSampleArray           
0000e324  Serial_GetPacket                       
0000e348  Serial_Init                            
0000e390  _MoveSamplesToUserLocation             
0000e3fa  Encoder_Stop                           
0000e41a  Spi_WriteRegister                      
0000e43a  UiManager_StopSequence                 
0000e47a  DataBuffer_GetIdleBuffer               
0000e498  System_Init                            
0000e560  _c_int00_noargs                        
0000e57c  Dma_Enable                             
0000e596  PushButtonControl_isButtonPressed      
0000e5b0  System_ConvertResetReasonToString      
0000e5ca  memccpy                                
0000e5e4  Uart_EnableReceive                     
0000e5fc  __mspabi_mpyul_f5hw                    
0000e614  Barometer_ReadSampleArray              
0000e62a  Gyroscope_Stop                         
0000e640  SpiSlave_FlushRead                     
0000e656  SpiSlave_UnloadPacket                  
0000e66c  Spi_WriteByte                          
0000e71c  __mspabi_divu                          
0000e71c  __mspabi_remu                          
0000e732  Barometer_ReadCoeffArray               
0000e746  Gpio_GetValue                          
0000e75a  KeyValue_Separate                      
0000e76e  Timer_A0CCX_Configure                  
0000e782  Timer_A2CCX_Configure                  
0000e796  Timer_B0CCX_Configure                  
0000e7aa  Uart_AreBytesAvailable                 
0000e7e6  __TI_zero_init                         
0000e7fa  memset                                 
0000e80e  __mspabi_mpyi_f5hw                     
0000e822  wcslen                                 
0000e836  AccControl_Init                        
0000e848  Adc_StartConversionSequenceOfChannels  
0000e85a  DataBuffer_Init                        
0000e86c  Gpio_ClearPortU                        
0000e87e  Gpio_GetValuePortU                     
0000e890  Gpio_SetPortU                          
0000e8a2  GyroControl_Init                       
0000e8b4  Interrupt_Lock                         
0000e8c6  MagControl_Init                        
0000e8d8  __TI_decompress_none                   
0000e8ea  memcpy                                 
0000e8fc  Barometer_StartSampleConversion        
0000e90c  Dma_RegisterIsr                        
0000e91c  Pwm_GetDuty                            
0000e95c  __mspabi_srll                          
0000e96c  Buzzer_Enable                          
0000e97a  CommProtocol_GetRfStatus               
0000e988  Dma_Disable                            
0000e996  Gpio_Clear                             
0000e9a4  Gpio_GetValuePortJ                     
0000e9b2  LedControl_Init                        
0000e9ea  strlen                                 
0000e9f8  Adc_StopConversion                     
0000ea04  Dma_DisableIsr                         
0000ea10  Dma_EnableIsr                          
0000ea1c  Gpio_Set                               
0000ea28  Interrupt_Unlock                       
0000ea34  UltrasoundInit                         
0000ea34  _RxEnable                              
0000ea40  Adc_GetNumberOfConversions             
0000ea4a  BarometerControl_Init                  
0000ea54  Dma_Init                               
0000ea5e  EncControl_Init                        
0000ea68  TimerTick_CancelTimeoutFromCallback    
0000ea72  TimerTick_IsTimerActive                
0000ea7c  WaferId                                
0000eaae  _system_pre_init                       
0000eab8  __mspabi_slli                          
0000eac2  BatteryControl_GetCounts               
0000eaca  Buzzer_SetDuty                         
0000ead2  LedControl_SetLed                      
0000eada  TimerTick_EnableTickIsr                
0000eae2  Uart_IsPortOpen                        
0000eb0a  Accelerometer_RegisterIsr              
0000eb10  AdcManager_GetGainFactor               
0000eb10  Adc_GetGainFactor                      
0000eb16  AdcManager_GetOffset                   
0000eb16  Adc_GetOffset                          
0000eb1c  AmbientLightControl_Init               
0000eb22  Analog7Control_Init                    
0000eb28  Analog8Control_Init                    
0000eb2e  Analog9Control_Init                    
0000eb34  BarometerControl_ReadCalibration       
0000eb3a  BatteryControl_Init                    
0000eb40  Buzzer_Disable                         
0000eb46  ConMan_GetFixedConfig                  
0000eb4c  DeviceId                               
0000eb52  DigitalInputControl_Init               
0000eb58  Ecg6Control_Init                       
0000eb5e  EcgControl_Init                        
0000eb64  FgControl_Init                         
0000eb6a  FirmwareRevisionMicro                  
0000eb70  Gyroscope_RegisterIsr                  
0000eb76  HardwareRevisionMicro                  
0000eb7c  HighGainControl_Init                   
0000eb82  Magnetometer_RegisterIsr               
0000eb88  MicrophoneControl_Init                 
0000eb8e  System_GetResetReason                  
0000eb94  System_PowerOff                        
0000eb9a  TestProtocol_Init                      
0000eba0  ThermometerControl_Init                
0000eba6  C$$EXIT                                
0000eba6  abort                                  
0000ebac  Buzzer_SetFrequency                    
0000ebb0  Conversion_SwapBytes                   
0000ebb4  Barometer_Init                         
0000ebb6  DacControl_Init                        
0000ebb6  DacInit                                
0000ebb8  Header1Control_Init                    
0000ebba  Header2Control_Init                    
0000ebbc  Header3Control_Init                    
0000ebbe  Header4Control_Init                    
0000ebc0  Header6Control_Init                    
0000ebc2  SelfTest_Init                          
0000ebc2  UiManager_Init                         
0000ebc6  _HandleOtherInterrupt                  
0000ebc8  _system_post_cinit                     
0000ec66  __TI_Handler_Table_Base                
0000ec6c  __TI_Handler_Table_Limit               
0000ec70  __TI_CINIT_Base                        
0000ec78  __TI_CINIT_Limit                       
0000ffd2  __TI_int41                             
0000ffd4  __TI_int42                             
0000ffd6  __TI_int43                             
0000ffd8  __TI_int44                             
0000ffda  __TI_int45                             
0000ffdc  __TI_int46                             
0000ffde  __TI_int47                             
0000ffe0  __TI_int48                             
0000ffe2  __TI_int49                             
0000ffe4  __TI_int50                             
0000ffe6  __TI_int51                             
0000ffe8  __TI_int52                             
0000ffea  __TI_int53                             
0000ffec  __TI_int54                             
0000ffee  __TI_int55                             
0000fff0  __TI_int56                             
0000fff2  __TI_int57                             
0000fff4  __TI_int58                             
0000fff6  __TI_int59                             
0000fff8  __TI_int60                             
0000fffa  __TI_int61                             
0000fffc  __TI_int62                             
0000fffe  _reset_vector                          
00010740  _ctypes_                               
ffffffff  __TI_pprof_out_hndl                    
ffffffff  __TI_prof_data_size                    
ffffffff  __TI_prof_data_start                   
ffffffff  __c_args__                             

[968 symbols]
